Archive member included to satisfy reference by file (symbol)

/usr/lib/gcc/arm-none-eabi/9.2.1/thumb/v6-m/nofp/libgcc.a(_dvmd_tls.o)
                              CMakeFiles/picocobra.dir/media/xxx/WORK1/__ToBackup/Develop/Cobra/RaspberryPi/pico-sdk/src/rp2_common/pico_divider/divider.S.obj (__aeabi_idiv0)
/usr/lib/gcc/arm-none-eabi/9.2.1/thumb/v6-m/nofp/libgcc.a(_aeabi_ulcmp.o)
                              CMakeFiles/picocobra.dir/picocobra/Z80.c.obj (__aeabi_ulcmp)
/usr/lib/gcc/arm-none-eabi/9.2.1/../../../arm-none-eabi/lib/thumb/v6-m/nofp/libc.a(lib_a-atexit.o)
                              /usr/lib/gcc/arm-none-eabi/9.2.1/../../../arm-none-eabi/lib/thumb/v6-m/nofp/crt0.o (atexit)
/usr/lib/gcc/arm-none-eabi/9.2.1/../../../arm-none-eabi/lib/thumb/v6-m/nofp/libc.a(lib_a-calloc.o)
                              CMakeFiles/picocobra.dir/media/xxx/WORK1/__ToBackup/Develop/Cobra/RaspberryPi/pico-sdk/src/rp2_common/pico_malloc/pico_malloc.c.obj (calloc)
/usr/lib/gcc/arm-none-eabi/9.2.1/../../../arm-none-eabi/lib/thumb/v6-m/nofp/libc.a(lib_a-callocr.o)
                              /usr/lib/gcc/arm-none-eabi/9.2.1/../../../arm-none-eabi/lib/thumb/v6-m/nofp/libc.a(lib_a-calloc.o) (_calloc_r)
/usr/lib/gcc/arm-none-eabi/9.2.1/../../../arm-none-eabi/lib/thumb/v6-m/nofp/libc.a(lib_a-errno.o)
                              CMakeFiles/picocobra.dir/FatFs_SPI/src/ff_stdio.c.obj (__errno)
/usr/lib/gcc/arm-none-eabi/9.2.1/../../../arm-none-eabi/lib/thumb/v6-m/nofp/libc.a(lib_a-fflush.o)
                              CMakeFiles/picocobra.dir/FatFs_SPI/sd_driver/demo_logging.c.obj (fflush)
/usr/lib/gcc/arm-none-eabi/9.2.1/../../../arm-none-eabi/lib/thumb/v6-m/nofp/libc.a(lib_a-findfp.o)
                              /usr/lib/gcc/arm-none-eabi/9.2.1/../../../arm-none-eabi/lib/thumb/v6-m/nofp/libc.a(lib_a-fflush.o) (__sinit)
/usr/lib/gcc/arm-none-eabi/9.2.1/../../../arm-none-eabi/lib/thumb/v6-m/nofp/libc.a(lib_a-fini.o)
                              /usr/lib/gcc/arm-none-eabi/9.2.1/../../../arm-none-eabi/lib/thumb/v6-m/nofp/crt0.o (__libc_fini_array)
/usr/lib/gcc/arm-none-eabi/9.2.1/../../../arm-none-eabi/lib/thumb/v6-m/nofp/libc.a(lib_a-freer.o)
                              /usr/lib/gcc/arm-none-eabi/9.2.1/../../../arm-none-eabi/lib/thumb/v6-m/nofp/libc.a(lib_a-fflush.o) (_free_r)
/usr/lib/gcc/arm-none-eabi/9.2.1/../../../arm-none-eabi/lib/thumb/v6-m/nofp/libc.a(lib_a-fwalk.o)
                              /usr/lib/gcc/arm-none-eabi/9.2.1/../../../arm-none-eabi/lib/thumb/v6-m/nofp/libc.a(lib_a-findfp.o) (_fwalk)
/usr/lib/gcc/arm-none-eabi/9.2.1/../../../arm-none-eabi/lib/thumb/v6-m/nofp/libc.a(lib_a-impure.o)
                              /usr/lib/gcc/arm-none-eabi/9.2.1/../../../arm-none-eabi/lib/thumb/v6-m/nofp/libc.a(lib_a-fflush.o) (_global_impure_ptr)
/usr/lib/gcc/arm-none-eabi/9.2.1/../../../arm-none-eabi/lib/thumb/v6-m/nofp/libc.a(lib_a-init.o)
                              /usr/lib/gcc/arm-none-eabi/9.2.1/../../../arm-none-eabi/lib/thumb/v6-m/nofp/crt0.o (__libc_init_array)
/usr/lib/gcc/arm-none-eabi/9.2.1/../../../arm-none-eabi/lib/thumb/v6-m/nofp/libc.a(lib_a-malloc.o)
                              CMakeFiles/picocobra.dir/media/xxx/WORK1/__ToBackup/Develop/Cobra/RaspberryPi/pico-sdk/src/rp2_common/pico_malloc/pico_malloc.c.obj (malloc)
/usr/lib/gcc/arm-none-eabi/9.2.1/../../../arm-none-eabi/lib/thumb/v6-m/nofp/libc.a(lib_a-mallocr.o)
                              /usr/lib/gcc/arm-none-eabi/9.2.1/../../../arm-none-eabi/lib/thumb/v6-m/nofp/libc.a(lib_a-callocr.o) (_malloc_r)
/usr/lib/gcc/arm-none-eabi/9.2.1/../../../arm-none-eabi/lib/thumb/v6-m/nofp/libc.a(lib_a-mktime.o)
                              CMakeFiles/picocobra.dir/FatFs_SPI/src/rtc.c.obj (mktime)
/usr/lib/gcc/arm-none-eabi/9.2.1/../../../arm-none-eabi/lib/thumb/v6-m/nofp/libc.a(lib_a-mlock.o)
                              /usr/lib/gcc/arm-none-eabi/9.2.1/../../../arm-none-eabi/lib/thumb/v6-m/nofp/libc.a(lib_a-freer.o) (__malloc_lock)
/usr/lib/gcc/arm-none-eabi/9.2.1/../../../arm-none-eabi/lib/thumb/v6-m/nofp/libc.a(lib_a-rand.o)
                              CMakeFiles/picocobra.dir/display/pico_dsp.cpp.obj (rand)
/usr/lib/gcc/arm-none-eabi/9.2.1/../../../arm-none-eabi/lib/thumb/v6-m/nofp/libc.a(lib_a-realloc.o)
                              CMakeFiles/picocobra.dir/media/xxx/WORK1/__ToBackup/Develop/Cobra/RaspberryPi/pico-sdk/src/rp2_common/pico_malloc/pico_malloc.c.obj (realloc)
/usr/lib/gcc/arm-none-eabi/9.2.1/../../../arm-none-eabi/lib/thumb/v6-m/nofp/libc.a(lib_a-reallocr.o)
                              /usr/lib/gcc/arm-none-eabi/9.2.1/../../../arm-none-eabi/lib/thumb/v6-m/nofp/libc.a(lib_a-realloc.o) (_realloc_r)
/usr/lib/gcc/arm-none-eabi/9.2.1/../../../arm-none-eabi/lib/thumb/v6-m/nofp/libc.a(lib_a-sbrkr.o)
                              /usr/lib/gcc/arm-none-eabi/9.2.1/../../../arm-none-eabi/lib/thumb/v6-m/nofp/libc.a(lib_a-freer.o) (_sbrk_r)
/usr/lib/gcc/arm-none-eabi/9.2.1/../../../arm-none-eabi/lib/thumb/v6-m/nofp/libc.a(lib_a-stdio.o)
[...]
Memory Configuration

Name             Origin             Length             Attributes
FLASH            0x0000000010000000 0x0000000000200000 xr
RAM              0x0000000020000000 0x0000000000040000 xrw
SCRATCH_X        0x0000000020040000 0x0000000000001000 xrw
SCRATCH_Y        0x0000000020041000 0x0000000000001000 xrw
*default*        0x0000000000000000 0xffffffffffffffff

Linker script and memory map

LOAD /usr/lib/gcc/arm-none-eabi/9.2.1/thumb/v6-m/nofp/crti.o
LOAD /usr/lib/gcc/arm-none-eabi/9.2.1/thumb/v6-m/nofp/crtbegin.o
LOAD /usr/lib/gcc/arm-none-eabi/9.2.1/../../../arm-none-eabi/lib/thumb/v6-m/nofp/crt0.o

.flash_begin    0x0000000010000000        0x0
                0x0000000010000000                __flash_binary_start = .

.boot2          0x0000000010000000      0x100
                0x0000000010000000                __boot2_start__ = .
 *(.boot2)
 .boot2         0x0000000010000000      0x100 /tmp/ccLwKMtW.o
                0x0000000010000100                __boot2_end__ = .
                0x0000000000000001                ASSERT (((__boot2_end__ - __boot2_start__) == 0x100), ERROR: Pico second stage bootloader must be 256 bytes in size)

.text           0x0000000010000100    0x21500
                0x0000000010000100                __logical_binary_start = .
 *(.vectors)
 .vectors       0x0000000010000100       0xd4 CMakeFiles/picocobra.dir/media/xxx/WORK1/__ToBackup/Develop/Cobra/RaspberryPi/pico-sdk/src/rp2_common/pico_standard_link/crt0.S.obj
                0x0000000010000100                __vectors
                0x0000000010000100                __VECTOR_TABLE
                0x00000000100001c0                isr_invalid
                0x00000000100001c0                __default_isrs_start
                0x00000000100001c2                isr_nmi
                0x00000000100001c4                isr_hardfault
                0x00000000100001c6                isr_svcall
                0x00000000100001c8                isr_pendsv
                0x00000000100001ca                isr_systick
                0x00000000100001cc                isr_irq30
                0x00000000100001cc                __unhandled_user_irq
                0x00000000100001cc                isr_irq13
                0x00000000100001cc                isr_irq27
                0x00000000100001cc                isr_irq31
                0x00000000100001cc                isr_irq5
                0x00000000100001cc                isr_irq11
                0x00000000100001cc                isr_irq23
                0x00000000100001cc                isr_irq18
                0x00000000100001cc                isr_irq28
                0x00000000100001cc                isr_irq19
                0x00000000100001cc                isr_irq0
                0x00000000100001cc                isr_irq6
                0x00000000100001cc                isr_irq22
                0x00000000100001cc                isr_irq17
                0x00000000100001cc                isr_irq14
                0x00000000100001cc                isr_irq2
                0x00000000100001cc                isr_irq10
                0x00000000100001cc                isr_irq8
                0x00000000100001cc                isr_irq24
                0x00000000100001cc                isr_irq1
                0x00000000100001cc                isr_irq7
                0x00000000100001cc                isr_irq21
                0x00000000100001cc                isr_irq20
                0x00000000100001cc                isr_irq15
                0x00000000100001cc                isr_irq25
                0x00000000100001cc                isr_irq4
                0x00000000100001cc                isr_irq16
                0x00000000100001cc                isr_irq29
                0x00000000100001cc                isr_irq26
                0x00000000100001cc                __default_isrs_end
                0x00000000100001cc                isr_irq3
                0x00000000100001cc                isr_irq12
                0x00000000100001cc                isr_irq9
                0x00000000100001d2                unhandled_user_irq_num_in_r0
 *(.binary_info_header)
 .binary_info_header
                0x00000000100001d4       0x14 CMakeFiles/picocobra.dir/media/xxx/WORK1/__ToBackup/Develop/Cobra/RaspberryPi/pico-sdk/src/rp2_common/pico_standard_link/crt0.S.obj
                0x00000000100001e8                __binary_info_header_end = .
 *(.reset)
 .reset         0x00000000100001e8       0xa0 CMakeFiles/picocobra.dir/media/xxx/WORK1/__ToBackup/Develop/Cobra/RaspberryPi/pico-sdk/src/rp2_common/pico_standard_link/crt0.S.obj
                0x00000000100001e8                _entry_point
 .reset         0x0000000010000288       0x30 CMakeFiles/picocobra.dir/media/xxx/WORK1/__ToBackup/Develop/Cobra/RaspberryPi/pico-sdk/src/rp2_common/pico_standard_link/binary_info.c.obj
 *(.init)
 .init          0x00000000100002b8        0x4 /usr/lib/gcc/arm-none-eabi/9.2.1/thumb/v6-m/nofp/crti.o
                0x00000000100002b8                _init
 *(EXCLUDE_FILE(*libm.a: *libc.a:*lib_a-mem*.o *libgcc.a:) .text*)
 .text          0x00000000100002bc       0x98 /usr/lib/gcc/arm-none-eabi/9.2.1/thumb/v6-m/nofp/crtbegin.o
 .text.screen_num
                0x0000000010000354      0x1e4 CMakeFiles/picocobra.dir/picocobra/Z80.c.obj
                0x0000000010000354                screen_num
 .text.screen_hex1
                0x0000000010000538      0x9f8 CMakeFiles/picocobra.dir/picocobra/Z80.c.obj
                0x0000000010000538                screen_hex1
 .text.screen_debug_info.part.0
                0x0000000010000f30      0x270 CMakeFiles/picocobra.dir/picocobra/Z80.c.obj
 .text.store    0x00000000100011a0      0x148 CMakeFiles/picocobra.dir/picocobra/Z80.c.obj
                0x00000000100011a0                store
 .text.keyboard_event_buffer_add
                0x00000000100012e8      0x134 CMakeFiles/picocobra.dir/picocobra/Z80.c.obj
                0x00000000100012e8                keyboard_event_buffer_add
 .text.keyboard_scan
                0x000000001000141c     0x1f10 CMakeFiles/picocobra.dir/picocobra/Z80.c.obj
                0x000000001000141c                keyboard_scan
 .text.keyboard_system_update
                0x000000001000332c      0x1a4 CMakeFiles/picocobra.dir/picocobra/Z80.c.obj
                0x000000001000332c                keyboard_system_update
 .text.keyboard_system_state
                0x00000000100034d0       0x78 CMakeFiles/picocobra.dir/picocobra/Z80.c.obj
                0x00000000100034d0                keyboard_system_state
 .text.MemorySetFont
                0x0000000010003548       0x98 CMakeFiles/picocobra.dir/picocobra/Z80.c.obj
                0x0000000010003548                MemorySetFont
 .text.FileLoadConfig
                0x00000000100035e0     0x19dc CMakeFiles/picocobra.dir/picocobra/Z80.c.obj
                0x00000000100035e0                FileLoadConfig
 .text.out      0x0000000010004fbc       0x88 CMakeFiles/picocobra.dir/picocobra/Z80.c.obj
                0x0000000010004fbc                out
 .text.SetConfigZ80
                0x0000000010005044       0xe0 CMakeFiles/picocobra.dir/picocobra/Z80.c.obj
                0x0000000010005044                SetConfigZ80
 .text.ExecZ80  0x0000000010005124     0xb538 CMakeFiles/picocobra.dir/picocobra/Z80.c.obj
                0x0000000010005124                ExecZ80
 .text.ResetZ80
                0x000000001001065c      0x280 CMakeFiles/picocobra.dir/picocobra/Z80.c.obj
                0x000000001001065c                ResetZ80
 .text.Reset8910
                0x00000000100108dc       0x4c CMakeFiles/picocobra.dir/picocobra/AY8910.c.obj
                0x00000000100108dc                Reset8910
 .text.Loop8910
                0x0000000010010928      0x174 CMakeFiles/picocobra.dir/picocobra/AY8910.c.obj
                0x0000000010010928                Loop8910
 .text.frame_pause
                0x0000000010010a9c       0x1c CMakeFiles/picocobra.dir/picocobra/cobra.c.obj
                0x0000000010010a9c                frame_pause
 .text.z81_Input
                0x0000000010010ab8       0x6c CMakeFiles/picocobra.dir/picocobra/cobra.c.obj
                0x0000000010010ab8                z81_Input
 .text.bitbufBlit
                0x0000000010010b24      0x130 CMakeFiles/picocobra.dir/picocobra/cobra.c.obj
                0x0000000010010b24                bitbufBlit
 .text.load_p   0x0000000010010c54       0x3c CMakeFiles/picocobra.dir/picocobra/cobra.c.obj
                0x0000000010010c54                load_p
 .text.save_p   0x0000000010010c90        0x4 CMakeFiles/picocobra.dir/picocobra/cobra.c.obj
                0x0000000010010c90                save_p
 .text.z81_Init
                0x0000000010010c94       0x60 CMakeFiles/picocobra.dir/picocobra/cobra.c.obj
                0x0000000010010c94                z81_Init
 .text.SetConfigZ80_
                0x0000000010010cf4        0x8 CMakeFiles/picocobra.dir/picocobra/cobra.c.obj
                0x0000000010010cf4                SetConfigZ80_
 .text.z81_Step
                0x0000000010010cfc       0x70 CMakeFiles/picocobra.dir/picocobra/cobra.c.obj
                0x0000000010010cfc                z81_Step
 .text.z81_Start
                0x0000000010010d6c       0x54 CMakeFiles/picocobra.dir/picocobra/cobra.c.obj
                0x0000000010010d6c                z81_Start
 .text._Z24repeating_timer_callbackP15repeating_timer
                0x0000000010010dc0       0x1c CMakeFiles/picocobra.dir/picocobra/picocobra.cpp.obj
                0x0000000010010dc0                repeating_timer_callback(repeating_timer*)
 .text.startup.main
                0x0000000010010ddc       0x90 CMakeFiles/picocobra.dir/picocobra/picocobra.cpp.obj
                0x0000000010010ddc                main
 .text.emu_SetPaletteEntry
                0x0000000010010e6c       0x20 CMakeFiles/picocobra.dir/picocobra/picocobra.cpp.obj
                0x0000000010010e6c                emu_SetPaletteEntry
 .text.emu_DrawLinePal16
                0x0000000010010e8c       0x2c CMakeFiles/picocobra.dir/picocobra/picocobra.cpp.obj
                0x0000000010010e8c                emu_DrawLinePal16
 .text.emu_DrawVsync
                0x0000000010010eb8       0x38 CMakeFiles/picocobra.dir/picocobra/picocobra.cpp.obj
                0x0000000010010eb8                emu_DrawVsync
 .text.emu_sndInit
                0x0000000010010ef0       0x24 CMakeFiles/picocobra.dir/picocobra/picocobra.cpp.obj
                0x0000000010010ef0                emu_sndInit
 .text.emu_sndPlaySound
                0x0000000010010f14       0x18 CMakeFiles/picocobra.dir/picocobra/picocobra.cpp.obj
                0x0000000010010f14                emu_sndPlaySound
 .text.startup._GLOBAL__sub_I_vbl
                0x0000000010010f2c       0x10 CMakeFiles/picocobra.dir/picocobra/picocobra.cpp.obj
 .text._ZL7dma_isrv
                0x0000000010010f3c       0x84 CMakeFiles/picocobra.dir/display/pico_dsp.cpp.obj
 .text._ZL14core1_func_tftv
                0x0000000010010fc0       0x20 CMakeFiles/picocobra.dir/display/pico_dsp.cpp.obj
 .text._ZL10core1_funcv
                0x0000000010010fe0       0x60 CMakeFiles/picocobra.dir/display/pico_dsp.cpp.obj
 .text._ZL13core1_sio_irqv
                0x0000000010011040       0x84 CMakeFiles/picocobra.dir/display/pico_dsp.cpp.obj
 .text._ZL9AUDIO_isrv
                0x00000000100110c4       0x90 CMakeFiles/picocobra.dir/display/pico_dsp.cpp.obj
 .text._ZN8PICO_DSP10fillScreenEt.constprop.0
                0x0000000010011154       0x94 CMakeFiles/picocobra.dir/display/pico_dsp.cpp.obj
 .text._ZN8PICO_DSP7setAreaEtttt
                0x00000000100111e8       0xe4 CMakeFiles/picocobra.dir/display/pico_dsp.cpp.obj
                0x00000000100111e8                PICO_DSP::setArea(unsigned short, unsigned short, unsigned short, unsigned short)
 .text._ZN8PICO_DSPC2Ev
                0x00000000100112cc        0x8 CMakeFiles/picocobra.dir/display/pico_dsp.cpp.obj
                0x00000000100112cc                PICO_DSP::PICO_DSP()
                0x00000000100112cc                PICO_DSP::PICO_DSP()
 .text._ZN8PICO_DSP5beginE10gfx_mode_t
                0x00000000100112d4      0x404 CMakeFiles/picocobra.dir/display/pico_dsp.cpp.obj
                0x00000000100112d4                PICO_DSP::begin(gfx_mode_t)
 .text._ZN8PICO_DSP7getModeEv
                0x00000000100116d8        0xc CMakeFiles/picocobra.dir/display/pico_dsp.cpp.obj
                0x00000000100116d8                PICO_DSP::getMode()
 .text._ZN8PICO_DSP10flipscreenEb
                0x00000000100116e4       0x6c CMakeFiles/picocobra.dir/display/pico_dsp.cpp.obj
                0x00000000100116e4                PICO_DSP::flipscreen(bool)
 .text._ZN8PICO_DSP8waitSyncEv
                0x0000000010011750       0x14 CMakeFiles/picocobra.dir/display/pico_dsp.cpp.obj
                0x0000000010011750                PICO_DSP::waitSync()
 .text._ZN8PICO_DSP10fillScreenEt
                0x0000000010011764      0x13c CMakeFiles/picocobra.dir/display/pico_dsp.cpp.obj
                0x0000000010011764                PICO_DSP::fillScreen(unsigned short)
 .text._ZN8PICO_DSP12startRefreshEv
                0x00000000100118a0      0x250 CMakeFiles/picocobra.dir/display/pico_dsp.cpp.obj
                0x00000000100118a0                PICO_DSP::startRefresh()
 .text._ZN8PICO_DSP8drawTextEssPKcttb
                0x0000000010011af0      0x520 CMakeFiles/picocobra.dir/display/pico_dsp.cpp.obj
                0x0000000010011af0                PICO_DSP::drawText(short, short, char const*, unsigned short, unsigned short, bool)
 .text._ZN8PICO_DSP12writeLinePalEiiiPhPt
                0x0000000010012010      0x1b8 CMakeFiles/picocobra.dir/display/pico_dsp.cpp.obj
                0x0000000010012010                PICO_DSP::writeLinePal(int, int, int, unsigned char*, unsigned short*)
 .text._ZN8PICO_DSP15fillScreenNoDmaEt
                0x00000000100121c8       0x88 CMakeFiles/picocobra.dir/display/pico_dsp.cpp.obj
                0x00000000100121c8                PICO_DSP::fillScreenNoDma(unsigned short)
 .text._ZN8PICO_DSP13drawTextNoDmaEssPKcttb
                0x0000000010012250      0x298 CMakeFiles/picocobra.dir/display/pico_dsp.cpp.obj
                0x0000000010012250                PICO_DSP::drawTextNoDma(short, short, char const*, unsigned short, unsigned short, bool)
 .text._ZN8PICO_DSP11begin_audioEiPFvPsiE
                0x00000000100124e8       0xcc CMakeFiles/picocobra.dir/display/pico_dsp.cpp.obj
                0x00000000100124e8                PICO_DSP::begin_audio(int, void (*)(short*, int))
 .text._Z10VgaPioInitv
                0x00000000100125b4      0x100 CMakeFiles/picocobra.dir/display/vga.cpp.obj
                0x00000000100125b4                VgaPioInit()
 .text._Z10VgaBufInitv
                0x00000000100126b4       0xd4 CMakeFiles/picocobra.dir/display/vga.cpp.obj
                0x00000000100126b4                VgaBufInit()
 .text._Z7VgaInitPK6sVmodePhiii
                0x0000000010012788      0x19c CMakeFiles/picocobra.dir/display/vga.cpp.obj
                0x0000000010012788                VgaInit(sVmode const*, unsigned char*, int, int, int)
 .text._Z9WaitVSyncv
                0x0000000010012924       0x28 CMakeFiles/picocobra.dir/display/vga.cpp.obj
                0x0000000010012924                WaitVSync()
 .text._Z6VgaCfgPK7sVgaCfgP6sVmode
                0x000000001001294c      0x5c0 CMakeFiles/picocobra.dir/display/vga_vmode.cpp.obj
                0x000000001001294c                VgaCfg(sVgaCfg const*, sVmode*)
 .text._Z5Videohh
                0x0000000010012f0c       0xb0 CMakeFiles/picocobra.dir/display/vga_vmode.cpp.obj
                0x0000000010012f0c                Video(unsigned char, unsigned char)
 .text._ZL11readNbFilesPc.constprop.0
                0x0000000010012fbc       0xc0 CMakeFiles/picocobra.dir/display/emuapi.cpp.obj
 .text.emu_printf
                0x000000001001307c        0x8 CMakeFiles/picocobra.dir/display/emuapi.cpp.obj
                0x000000001001307c                emu_printf
 .text.emu_Malloc
                0x0000000010013084       0x68 CMakeFiles/picocobra.dir/display/emuapi.cpp.obj
                0x0000000010013084                emu_Malloc
 .text.emu_Free
                0x00000000100130ec        0x8 CMakeFiles/picocobra.dir/display/emuapi.cpp.obj
                0x00000000100130ec                emu_Free
 .text.emu_GetPad
                0x00000000100130f4        0xc CMakeFiles/picocobra.dir/display/emuapi.cpp.obj
                0x00000000100130f4                emu_GetPad
 .text.emu_ReadKeys
                0x0000000010013100      0x30c CMakeFiles/picocobra.dir/display/emuapi.cpp.obj
                0x0000000010013100                emu_ReadKeys
 .text.emu_DebounceLocalKeys
                0x000000001001340c       0x18 CMakeFiles/picocobra.dir/display/emuapi.cpp.obj
                0x000000001001340c                emu_DebounceLocalKeys
 .text.emu_ReadI2CKeyboard2
                0x0000000010013424        0xc CMakeFiles/picocobra.dir/display/emuapi.cpp.obj
                0x0000000010013424                emu_ReadI2CKeyboard2
 .text.emu_InitJoysticks
                0x0000000010013430      0x128 CMakeFiles/picocobra.dir/display/emuapi.cpp.obj
                0x0000000010013430                emu_InitJoysticks
 .text._Z10menuActivev
                0x0000000010013558        0xc CMakeFiles/picocobra.dir/display/emuapi.cpp.obj
                0x0000000010013558                menuActive()
 .text._Z10toggleMenub
                0x0000000010013564       0x5c CMakeFiles/picocobra.dir/display/emuapi.cpp.obj
                0x0000000010013564                toggleMenu(bool)
 .text.emu_FileOpen
                0x00000000100135c0       0x3c CMakeFiles/picocobra.dir/display/emuapi.cpp.obj
                0x00000000100135c0                emu_FileOpen
 .text.emu_FileRead
                0x00000000100135fc       0x20 CMakeFiles/picocobra.dir/display/emuapi.cpp.obj
                0x00000000100135fc                emu_FileRead
 .text.emu_FileClose
                0x000000001001361c       0x10 CMakeFiles/picocobra.dir/display/emuapi.cpp.obj
                0x000000001001361c                emu_FileClose
 .text.emu_FileSeek
                0x000000001001362c       0x18 CMakeFiles/picocobra.dir/display/emuapi.cpp.obj
                0x000000001001362c                emu_FileSeek
 .text.emu_FileSize
                0x0000000010013644       0x24 CMakeFiles/picocobra.dir/display/emuapi.cpp.obj
                0x0000000010013644                emu_FileSize
 .text.emu_init
                0x0000000010013668      0x18c CMakeFiles/picocobra.dir/display/emuapi.cpp.obj
                0x0000000010013668                emu_init
 .text.emu_start
                0x00000000100137f4        0xc CMakeFiles/picocobra.dir/display/emuapi.cpp.obj
                0x00000000100137f4                emu_start
 .text._ZN15AudioPlaySystem9snd_MixerEPsi
                0x0000000010013800      0x1ec CMakeFiles/picocobra.dir/display/AudioPlaySystem.cpp.obj
                0x0000000010013800                AudioPlaySystem::snd_Mixer(short*, int)
 .text._ZN15AudioPlaySystem5startEv
                0x00000000100139ec        0xc CMakeFiles/picocobra.dir/display/AudioPlaySystem.cpp.obj
                0x00000000100139ec                AudioPlaySystem::start()
 .text._ZN15AudioPlaySystem5soundEiii
                0x00000000100139f8       0x1c CMakeFiles/picocobra.dir/display/AudioPlaySystem.cpp.obj
                0x00000000100139f8                AudioPlaySystem::sound(int, int, int)
 .text.core1_trampoline
                0x0000000010013a14        0x4 CMakeFiles/picocobra.dir/media/xxx/WORK1/__ToBackup/Develop/Cobra/RaspberryPi/pico-sdk/src/rp2_common/pico_multicore/multicore.c.obj
 .text.core1_wrapper
                0x0000000010013a18        0xc CMakeFiles/picocobra.dir/media/xxx/WORK1/__ToBackup/Develop/Cobra/RaspberryPi/pico-sdk/src/rp2_common/pico_multicore/multicore.c.obj
                0x0000000010013a18                core1_wrapper
 .text.multicore_fifo_push_blocking
                0x0000000010013a24       0x14 CMakeFiles/picocobra.dir/media/xxx/WORK1/__ToBackup/Develop/Cobra/RaspberryPi/pico-sdk/src/rp2_common/pico_multicore/multicore.c.obj
                0x0000000010013a24                multicore_fifo_push_blocking
 .text.multicore_fifo_pop_blocking
                0x0000000010013a38       0x1c CMakeFiles/picocobra.dir/media/xxx/WORK1/__ToBackup/Develop/Cobra/RaspberryPi/pico-sdk/src/rp2_common/pico_multicore/multicore.c.obj
                0x0000000010013a38                multicore_fifo_pop_blocking
 .text.multicore_launch_core1_raw
                0x0000000010013a54       0x84 CMakeFiles/picocobra.dir/media/xxx/WORK1/__ToBackup/Develop/Cobra/RaspberryPi/pico-sdk/src/rp2_common/pico_multicore/multicore.c.obj
                0x0000000010013a54                multicore_launch_core1_raw
 .text.multicore_launch_core1
                0x0000000010013ad8       0x4c CMakeFiles/picocobra.dir/media/xxx/WORK1/__ToBackup/Develop/Cobra/RaspberryPi/pico-sdk/src/rp2_common/pico_multicore/multicore.c.obj
                0x0000000010013ad8                multicore_launch_core1
 .text.sem_init
                0x0000000010013b24       0x20 CMakeFiles/picocobra.dir/media/xxx/WORK1/__ToBackup/Develop/Cobra/RaspberryPi/pico-sdk/src/common/pico_sync/sem.c.obj
                0x0000000010013b24                sem_init
 .text.lock_init
                0x0000000010013b44       0x10 CMakeFiles/picocobra.dir/media/xxx/WORK1/__ToBackup/Develop/Cobra/RaspberryPi/pico-sdk/src/common/pico_sync/lock_core.c.obj
                0x0000000010013b44                lock_init
 .text.mutex_init
                0x0000000010013b54       0x1c CMakeFiles/picocobra.dir/media/xxx/WORK1/__ToBackup/Develop/Cobra/RaspberryPi/pico-sdk/src/common/pico_sync/mutex.c.obj
                0x0000000010013b54                mutex_init
 .text.recursive_mutex_init
                0x0000000010013b70       0x1c CMakeFiles/picocobra.dir/media/xxx/WORK1/__ToBackup/Develop/Cobra/RaspberryPi/pico-sdk/src/common/pico_sync/mutex.c.obj
                0x0000000010013b70                recursive_mutex_init
 .text.timer_pool_entry_comparator
                0x0000000010013b8c       0x34 CMakeFiles/picocobra.dir/media/xxx/WORK1/__ToBackup/Develop/Cobra/RaspberryPi/pico-sdk/src/common/pico_time/time.c.obj
                0x0000000010013b8c                timer_pool_entry_comparator
 .text.repeating_timer_callback
                0x0000000010013bc0       0x1c CMakeFiles/picocobra.dir/media/xxx/WORK1/__ToBackup/Develop/Cobra/RaspberryPi/pico-sdk/src/common/pico_time/time.c.obj
 .text.sleep_until_callback
                0x0000000010013bdc       0x30 CMakeFiles/picocobra.dir/media/xxx/WORK1/__ToBackup/Develop/Cobra/RaspberryPi/pico-sdk/src/common/pico_time/time.c.obj
 .text.add_alarm_under_lock
                0x0000000010013c0c      0x108 CMakeFiles/picocobra.dir/media/xxx/WORK1/__ToBackup/Develop/Cobra/RaspberryPi/pico-sdk/src/common/pico_time/time.c.obj
 .text.alarm_pool_alarm_callback
                0x0000000010013d14      0x1bc CMakeFiles/picocobra.dir/media/xxx/WORK1/__ToBackup/Develop/Cobra/RaspberryPi/pico-sdk/src/common/pico_time/time.c.obj
 .text.alarm_pool_init_default
                0x0000000010013ed0       0x6c CMakeFiles/picocobra.dir/media/xxx/WORK1/__ToBackup/Develop/Cobra/RaspberryPi/pico-sdk/src/common/pico_time/time.c.obj
                0x0000000010013ed0                alarm_pool_init_default
 .text.alarm_pool_get_default
                0x0000000010013f3c        0x8 CMakeFiles/picocobra.dir/media/xxx/WORK1/__ToBackup/Develop/Cobra/RaspberryPi/pico-sdk/src/common/pico_time/time.c.obj
                0x0000000010013f3c                alarm_pool_get_default
 .text.alarm_pool_add_alarm_at
                0x0000000010013f44      0x18c CMakeFiles/picocobra.dir/media/xxx/WORK1/__ToBackup/Develop/Cobra/RaspberryPi/pico-sdk/src/common/pico_time/time.c.obj
                0x0000000010013f44                alarm_pool_add_alarm_at
 .text.alarm_pool_add_repeating_timer_us
                0x00000000100140d0      0x204 CMakeFiles/picocobra.dir/media/xxx/WORK1/__ToBackup/Develop/Cobra/RaspberryPi/pico-sdk/src/common/pico_time/time.c.obj
                0x00000000100140d0                alarm_pool_add_repeating_timer_us
 .text.sleep_until
                0x00000000100142d4       0xc4 CMakeFiles/picocobra.dir/media/xxx/WORK1/__ToBackup/Develop/Cobra/RaspberryPi/pico-sdk/src/common/pico_time/time.c.obj
                0x00000000100142d4                sleep_until
 .text.sleep_ms
                0x0000000010014398       0x34 CMakeFiles/picocobra.dir/media/xxx/WORK1/__ToBackup/Develop/Cobra/RaspberryPi/pico-sdk/src/common/pico_time/time.c.obj
                0x0000000010014398                sleep_ms
 .text.best_effort_wfe_or_timeout
                0x00000000100143cc       0xd4 CMakeFiles/picocobra.dir/media/xxx/WORK1/__ToBackup/Develop/Cobra/RaspberryPi/pico-sdk/src/common/pico_time/time.c.obj
                0x00000000100143cc                best_effort_wfe_or_timeout
 .text.hardware_alarm_irq_handler
                0x00000000100144a0       0xbc CMakeFiles/picocobra.dir/media/xxx/WORK1/__ToBackup/Develop/Cobra/RaspberryPi/pico-sdk/src/rp2_common/hardware_timer/timer.c.obj
 .text.hardware_alarm_claim
                0x000000001001455c       0x18 CMakeFiles/picocobra.dir/media/xxx/WORK1/__ToBackup/Develop/Cobra/RaspberryPi/pico-sdk/src/rp2_common/hardware_timer/timer.c.obj
                0x000000001001455c                hardware_alarm_claim
 .text.time_us_64
                0x0000000010014574       0x14 CMakeFiles/picocobra.dir/media/xxx/WORK1/__ToBackup/Develop/Cobra/RaspberryPi/pico-sdk/src/rp2_common/hardware_timer/timer.c.obj
                0x0000000010014574                time_us_64
 .text.busy_wait_us
                0x0000000010014588       0x54 CMakeFiles/picocobra.dir/media/xxx/WORK1/__ToBackup/Develop/Cobra/RaspberryPi/pico-sdk/src/rp2_common/hardware_timer/timer.c.obj
                0x0000000010014588                busy_wait_us
 .text.busy_wait_until
                0x00000000100145dc       0x20 CMakeFiles/picocobra.dir/media/xxx/WORK1/__ToBackup/Develop/Cobra/RaspberryPi/pico-sdk/src/rp2_common/hardware_timer/timer.c.obj
                0x00000000100145dc                busy_wait_until
 .text.hardware_alarm_set_callback
                0x00000000100145fc       0x8c CMakeFiles/picocobra.dir/media/xxx/WORK1/__ToBackup/Develop/Cobra/RaspberryPi/pico-sdk/src/rp2_common/hardware_timer/timer.c.obj
                0x00000000100145fc                hardware_alarm_set_callback
 .text.hardware_alarm_set_target
                0x0000000010014688       0xd4 CMakeFiles/picocobra.dir/media/xxx/WORK1/__ToBackup/Develop/Cobra/RaspberryPi/pico-sdk/src/rp2_common/hardware_timer/timer.c.obj
                0x0000000010014688                hardware_alarm_set_target
 .text.hardware_alarm_cancel
                0x000000001001475c       0x40 CMakeFiles/picocobra.dir/media/xxx/WORK1/__ToBackup/Develop/Cobra/RaspberryPi/pico-sdk/src/rp2_common/hardware_timer/timer.c.obj
                0x000000001001475c                hardware_alarm_cancel
 .text.running_on_fpga
                0x000000001001479c       0x10 CMakeFiles/picocobra.dir/media/xxx/WORK1/__ToBackup/Develop/Cobra/RaspberryPi/pico-sdk/src/rp2_common/pico_platform/platform.c.obj
                0x000000001001479c                running_on_fpga
 .text.hw_claim_lock
                0x00000000100147ac       0x18 CMakeFiles/picocobra.dir/media/xxx/WORK1/__ToBackup/Develop/Cobra/RaspberryPi/pico-sdk/src/rp2_common/hardware_claim/claim.c.obj
                0x00000000100147ac                hw_claim_lock
 .text.hw_claim_unlock
                0x00000000100147c4       0x14 CMakeFiles/picocobra.dir/media/xxx/WORK1/__ToBackup/Develop/Cobra/RaspberryPi/pico-sdk/src/rp2_common/hardware_claim/claim.c.obj
                0x00000000100147c4                hw_claim_unlock
 .text.hw_claim_or_assert
                0x00000000100147d8       0x48 CMakeFiles/picocobra.dir/media/xxx/WORK1/__ToBackup/Develop/Cobra/RaspberryPi/pico-sdk/src/rp2_common/hardware_claim/claim.c.obj
                0x00000000100147d8                hw_claim_or_assert
 .text.hw_claim_unused_from_range
                0x0000000010014820       0x9c CMakeFiles/picocobra.dir/media/xxx/WORK1/__ToBackup/Develop/Cobra/RaspberryPi/pico-sdk/src/rp2_common/hardware_claim/claim.c.obj
                0x0000000010014820                hw_claim_unused_from_range
 .text.spin_locks_reset
                0x00000000100148bc       0x1c CMakeFiles/picocobra.dir/media/xxx/WORK1/__ToBackup/Develop/Cobra/RaspberryPi/pico-sdk/src/rp2_common/hardware_sync/sync.c.obj
                0x00000000100148bc                spin_locks_reset
 .text.next_striped_spin_lock_num
                0x00000000100148d8       0x18 CMakeFiles/picocobra.dir/media/xxx/WORK1/__ToBackup/Develop/Cobra/RaspberryPi/pico-sdk/src/rp2_common/hardware_sync/sync.c.obj
                0x00000000100148d8                next_striped_spin_lock_num
 .text.irq_set_enabled
                0x00000000100148f0       0x24 CMakeFiles/picocobra.dir/media/xxx/WORK1/__ToBackup/Develop/Cobra/RaspberryPi/pico-sdk/src/rp2_common/hardware_irq/irq.c.obj
                0x00000000100148f0                irq_set_enabled
 .text.irq_is_enabled
                0x0000000010014914       0x18 CMakeFiles/picocobra.dir/media/xxx/WORK1/__ToBackup/Develop/Cobra/RaspberryPi/pico-sdk/src/rp2_common/hardware_irq/irq.c.obj
                0x0000000010014914                irq_is_enabled
 .text.irq_get_vtable_handler
                0x000000001001492c       0x10 CMakeFiles/picocobra.dir/media/xxx/WORK1/__ToBackup/Develop/Cobra/RaspberryPi/pico-sdk/src/rp2_common/hardware_irq/irq.c.obj
                0x000000001001492c                irq_get_vtable_handler
 .text.irq_set_exclusive_handler
                0x000000001001493c       0x54 CMakeFiles/picocobra.dir/media/xxx/WORK1/__ToBackup/Develop/Cobra/RaspberryPi/pico-sdk/src/rp2_common/hardware_irq/irq.c.obj
                0x000000001001493c                irq_set_exclusive_handler
 .text.irq_remove_handler
                0x0000000010014990      0x1b4 CMakeFiles/picocobra.dir/media/xxx/WORK1/__ToBackup/Develop/Cobra/RaspberryPi/pico-sdk/src/rp2_common/hardware_irq/irq.c.obj
                0x0000000010014990                irq_remove_handler
 .text.irq_set_priority
                0x0000000010014b44       0x28 CMakeFiles/picocobra.dir/media/xxx/WORK1/__ToBackup/Develop/Cobra/RaspberryPi/pico-sdk/src/rp2_common/hardware_irq/irq.c.obj
                0x0000000010014b44                irq_set_priority
 .text.irq_add_tail_to_free_list
                0x0000000010014b6c       0xb4 CMakeFiles/picocobra.dir/media/xxx/WORK1/__ToBackup/Develop/Cobra/RaspberryPi/pico-sdk/src/rp2_common/hardware_irq/irq.c.obj
                0x0000000010014b6c                irq_add_tail_to_free_list
 .text.irq_init_priorities
                0x0000000010014c20       0x24 CMakeFiles/picocobra.dir/media/xxx/WORK1/__ToBackup/Develop/Cobra/RaspberryPi/pico-sdk/src/rp2_common/hardware_irq/irq.c.obj
                0x0000000010014c20                irq_init_priorities
 .text.ph_merge_nodes
                0x0000000010014c44       0x68 CMakeFiles/picocobra.dir/media/xxx/WORK1/__ToBackup/Develop/Cobra/RaspberryPi/pico-sdk/src/common/pico_util/pheap.c.obj
 .text.ph_post_alloc_init
                0x0000000010014cac       0x3c CMakeFiles/picocobra.dir/media/xxx/WORK1/__ToBackup/Develop/Cobra/RaspberryPi/pico-sdk/src/common/pico_util/pheap.c.obj
                0x0000000010014cac                ph_post_alloc_init
 .text.ph_merge_two_pass
                0x0000000010014ce8       0x90 CMakeFiles/picocobra.dir/media/xxx/WORK1/__ToBackup/Develop/Cobra/RaspberryPi/pico-sdk/src/common/pico_util/pheap.c.obj
                0x0000000010014ce8                ph_merge_two_pass
 .text.ph_remove_any_head
                0x0000000010014d78      0x100 CMakeFiles/picocobra.dir/media/xxx/WORK1/__ToBackup/Develop/Cobra/RaspberryPi/pico-sdk/src/common/pico_util/pheap.c.obj
 .text.ph_remove_head
                0x0000000010014e78      0x144 CMakeFiles/picocobra.dir/media/xxx/WORK1/__ToBackup/Develop/Cobra/RaspberryPi/pico-sdk/src/common/pico_util/pheap.c.obj
                0x0000000010014e78                ph_remove_head
 .text.ph_remove_and_free_node
                0x0000000010014fbc       0x7c CMakeFiles/picocobra.dir/media/xxx/WORK1/__ToBackup/Develop/Cobra/RaspberryPi/pico-sdk/src/common/pico_util/pheap.c.obj
                0x0000000010014fbc                ph_remove_and_free_node
 .text.set_sys_clock_pll
                0x0000000010015038       0x78 CMakeFiles/picocobra.dir/media/xxx/WORK1/__ToBackup/Develop/Cobra/RaspberryPi/pico-sdk/src/rp2_common/pico_stdlib/stdlib.c.obj
                0x0000000010015038                set_sys_clock_pll
 .text.check_sys_clock_khz
                0x00000000100150b0      0x170 CMakeFiles/picocobra.dir/media/xxx/WORK1/__ToBackup/Develop/Cobra/RaspberryPi/pico-sdk/src/rp2_common/pico_stdlib/stdlib.c.obj
                0x00000000100150b0                check_sys_clock_khz
 .text.gpio_set_function
                0x0000000010015220       0x30 CMakeFiles/picocobra.dir/media/xxx/WORK1/__ToBackup/Develop/Cobra/RaspberryPi/pico-sdk/src/rp2_common/hardware_gpio/gpio.c.obj
                0x0000000010015220                gpio_set_function
 .text.gpio_set_pulls
                0x0000000010015250       0x30 CMakeFiles/picocobra.dir/media/xxx/WORK1/__ToBackup/Develop/Cobra/RaspberryPi/pico-sdk/src/rp2_common/hardware_gpio/gpio.c.obj
                0x0000000010015250                gpio_set_pulls
 .text.gpio_set_outover
                0x0000000010015280       0x24 CMakeFiles/picocobra.dir/media/xxx/WORK1/__ToBackup/Develop/Cobra/RaspberryPi/pico-sdk/src/rp2_common/hardware_gpio/gpio.c.obj
                0x0000000010015280                gpio_set_outover
 .text.gpio_init
                0x00000000100152a4       0x3c CMakeFiles/picocobra.dir/media/xxx/WORK1/__ToBackup/Develop/Cobra/RaspberryPi/pico-sdk/src/rp2_common/hardware_gpio/gpio.c.obj
                0x00000000100152a4                gpio_init
 .text.uart_init
                0x00000000100152e0      0x188 CMakeFiles/picocobra.dir/media/xxx/WORK1/__ToBackup/Develop/Cobra/RaspberryPi/pico-sdk/src/rp2_common/hardware_uart/uart.c.obj
                0x00000000100152e0                uart_init
 .text.clock_configure
                0x0000000010015468      0x118 CMakeFiles/picocobra.dir/media/xxx/WORK1/__ToBackup/Develop/Cobra/RaspberryPi/pico-sdk/src/rp2_common/hardware_clocks/clocks.c.obj
                0x0000000010015468                clock_configure
 .text.clocks_init
                0x0000000010015580      0x2d0 CMakeFiles/picocobra.dir/media/xxx/WORK1/__ToBackup/Develop/Cobra/RaspberryPi/pico-sdk/src/rp2_common/hardware_clocks/clocks.c.obj
                0x0000000010015580                clocks_init
 .text.clock_get_hz
                0x0000000010015850        0xc CMakeFiles/picocobra.dir/media/xxx/WORK1/__ToBackup/Develop/Cobra/RaspberryPi/pico-sdk/src/rp2_common/hardware_clocks/clocks.c.obj
                0x0000000010015850                clock_get_hz
 .text.pll_init
                0x000000001001585c       0xa0 CMakeFiles/picocobra.dir/media/xxx/WORK1/__ToBackup/Develop/Cobra/RaspberryPi/pico-sdk/src/rp2_common/hardware_pll/pll.c.obj
                0x000000001001585c                pll_init
 .text.watchdog_start_tick
                0x00000000100158fc       0x10 CMakeFiles/picocobra.dir/media/xxx/WORK1/__ToBackup/Develop/Cobra/RaspberryPi/pico-sdk/src/rp2_common/hardware_watchdog/watchdog.c.obj
                0x00000000100158fc                watchdog_start_tick
 .text.xosc_init
                0x000000001001590c       0x28 CMakeFiles/picocobra.dir/media/xxx/WORK1/__ToBackup/Develop/Cobra/RaspberryPi/pico-sdk/src/rp2_common/hardware_xosc/xosc.c.obj
                0x000000001001590c                xosc_init
 .text.hw_divider_save_state
                0x0000000010015934       0x14 CMakeFiles/picocobra.dir/media/xxx/WORK1/__ToBackup/Develop/Cobra/RaspberryPi/pico-sdk/src/rp2_common/hardware_divider/divider.S.obj
                0x0000000010015934                hw_divider_save_state
 .text.hw_divider_restore_state
                0x0000000010015948       0x14 CMakeFiles/picocobra.dir/media/xxx/WORK1/__ToBackup/Develop/Cobra/RaspberryPi/pico-sdk/src/rp2_common/hardware_divider/divider.S.obj
                0x0000000010015948                hw_divider_restore_state
 .text.runtime_init
                0x000000001001595c       0xf0 CMakeFiles/picocobra.dir/media/xxx/WORK1/__ToBackup/Develop/Cobra/RaspberryPi/pico-sdk/src/rp2_common/pico_runtime/runtime.c.obj
                0x000000001001595c                runtime_init
 .text._exit    0x0000000010015a4c        0x4 CMakeFiles/picocobra.dir/media/xxx/WORK1/__ToBackup/Develop/Cobra/RaspberryPi/pico-sdk/src/rp2_common/pico_runtime/runtime.c.obj
                0x0000000010015a4c                _exit
 .text._sbrk    0x0000000010015a50       0x34 CMakeFiles/picocobra.dir/media/xxx/WORK1/__ToBackup/Develop/Cobra/RaspberryPi/pico-sdk/src/rp2_common/pico_runtime/runtime.c.obj
                0x0000000010015a50                _sbrk
 .text.exit     0x0000000010015a84        0x8 CMakeFiles/picocobra.dir/media/xxx/WORK1/__ToBackup/Develop/Cobra/RaspberryPi/pico-sdk/src/rp2_common/pico_runtime/runtime.c.obj
                0x0000000010015a84                exit
 .text.panic    0x0000000010015a8c       0x30 CMakeFiles/picocobra.dir/media/xxx/WORK1/__ToBackup/Develop/Cobra/RaspberryPi/pico-sdk/src/rp2_common/pico_runtime/runtime.c.obj
                0x0000000010015a8c                panic
 .text.hard_assertion_failure
                0x0000000010015abc        0xc CMakeFiles/picocobra.dir/media/xxx/WORK1/__ToBackup/Develop/Cobra/RaspberryPi/pico-sdk/src/rp2_common/pico_runtime/runtime.c.obj
                0x0000000010015abc                hard_assertion_failure
 .text._out_buffer
                0x0000000010015ac8        0x8 CMakeFiles/picocobra.dir/media/xxx/WORK1/__ToBackup/Develop/Cobra/RaspberryPi/pico-sdk/src/rp2_common/pico_printf/printf.c.obj
 .text._out_null
                0x0000000010015ad0        0x4 CMakeFiles/picocobra.dir/media/xxx/WORK1/__ToBackup/Develop/Cobra/RaspberryPi/pico-sdk/src/rp2_common/pico_printf/printf.c.obj
 .text._out_rev
                0x0000000010015ad4       0xd0 CMakeFiles/picocobra.dir/media/xxx/WORK1/__ToBackup/Develop/Cobra/RaspberryPi/pico-sdk/src/rp2_common/pico_printf/printf.c.obj
 .text._ntoa_format
                0x0000000010015ba4      0x1d0 CMakeFiles/picocobra.dir/media/xxx/WORK1/__ToBackup/Develop/Cobra/RaspberryPi/pico-sdk/src/rp2_common/pico_printf/printf.c.obj
 .text._out_char
                0x0000000010015d74       0x10 CMakeFiles/picocobra.dir/media/xxx/WORK1/__ToBackup/Develop/Cobra/RaspberryPi/pico-sdk/src/rp2_common/pico_printf/printf.c.obj
 .text._out_fct
                0x0000000010015d84       0x10 CMakeFiles/picocobra.dir/media/xxx/WORK1/__ToBackup/Develop/Cobra/RaspberryPi/pico-sdk/src/rp2_common/pico_printf/printf.c.obj
 .text._etoa    0x0000000010015d94      0x478 CMakeFiles/picocobra.dir/media/xxx/WORK1/__ToBackup/Develop/Cobra/RaspberryPi/pico-sdk/src/rp2_common/pico_printf/printf.c.obj
 .text._ftoa    0x000000001001620c      0x3e0 CMakeFiles/picocobra.dir/media/xxx/WORK1/__ToBackup/Develop/Cobra/RaspberryPi/pico-sdk/src/rp2_common/pico_printf/printf.c.obj
 .text._vsnprintf
                0x00000000100165ec      0xb08 CMakeFiles/picocobra.dir/media/xxx/WORK1/__ToBackup/Develop/Cobra/RaspberryPi/pico-sdk/src/rp2_common/pico_printf/printf.c.obj
 .text.__wrap_vsnprintf
                0x00000000100170f4       0x1c CMakeFiles/picocobra.dir/media/xxx/WORK1/__ToBackup/Develop/Cobra/RaspberryPi/pico-sdk/src/rp2_common/pico_printf/printf.c.obj
                0x00000000100170f4                __wrap_vsnprintf
 .text.vfctprintf
                0x0000000010017110       0x20 CMakeFiles/picocobra.dir/media/xxx/WORK1/__ToBackup/Develop/Cobra/RaspberryPi/pico-sdk/src/rp2_common/pico_printf/printf.c.obj
                0x0000000010017110                vfctprintf
 .text.weak_raw_vprintf
                0x0000000010017130       0x30 CMakeFiles/picocobra.dir/media/xxx/WORK1/__ToBackup/Develop/Cobra/RaspberryPi/pico-sdk/src/rp2_common/pico_printf/printf.c.obj
                0x0000000010017130                weak_raw_vprintf
 .text          0x0000000010017160       0x10 CMakeFiles/picocobra.dir/media/xxx/WORK1/__ToBackup/Develop/Cobra/RaspberryPi/pico-sdk/src/rp2_common/pico_bit_ops/bit_ops_aeabi.S.obj
 .text.rom_func_lookup
                0x0000000010017170       0x10 CMakeFiles/picocobra.dir/media/xxx/WORK1/__ToBackup/Develop/Cobra/RaspberryPi/pico-sdk/src/rp2_common/pico_bootrom/bootrom.c.obj
                0x0000000010017170                rom_func_lookup
 .text.rom_data_lookup
                0x0000000010017180       0x10 CMakeFiles/picocobra.dir/media/xxx/WORK1/__ToBackup/Develop/Cobra/RaspberryPi/pico-sdk/src/rp2_common/pico_bootrom/bootrom.c.obj
                0x0000000010017180                rom_data_lookup
 .text.rom_funcs_lookup
                0x0000000010017190       0x3c CMakeFiles/picocobra.dir/media/xxx/WORK1/__ToBackup/Develop/Cobra/RaspberryPi/pico-sdk/src/rp2_common/pico_bootrom/bootrom.c.obj
                0x0000000010017190                rom_funcs_lookup
 .text.__wrap___aeabi_idiv
                0x00000000100171cc       0x50 CMakeFiles/picocobra.dir/media/xxx/WORK1/__ToBackup/Develop/Cobra/RaspberryPi/pico-sdk/src/rp2_common/pico_divider/divider.S.obj
                0x00000000100171cc                __wrap___aeabi_idivmod
                0x00000000100171cc                divmod_s32s32
                0x00000000100171cc                div_s32s32
                0x00000000100171cc                __wrap___aeabi_idiv
                0x00000000100171d4                divmod_s32s32_unsafe
                0x0000000010017200                divmod_s32s32_savestate
 .text.__wrap___aeabi_uidiv
                0x000000001001721c       0x4c CMakeFiles/picocobra.dir/media/xxx/WORK1/__ToBackup/Develop/Cobra/RaspberryPi/pico-sdk/src/rp2_common/pico_divider/divider.S.obj
                0x000000001001721c                __wrap___aeabi_uidiv
                0x000000001001721c                __wrap___aeabi_uidivmod
                0x000000001001721c                div_u32u32
                0x000000001001721c                divmod_u32u32
                0x0000000010017224                divmod_u32u32_unsafe
                0x000000001001724c                divmod_u32u32_savestate
 .text.__wrap___aeabi_ldiv
                0x0000000010017268      0x424 CMakeFiles/picocobra.dir/media/xxx/WORK1/__ToBackup/Develop/Cobra/RaspberryPi/pico-sdk/src/rp2_common/pico_divider/divider.S.obj
                0x0000000010017268                div_s64s64
                0x0000000010017268                divmod_s64s64
                0x0000000010017268                __wrap___aeabi_ldivmod
                0x0000000010017298                div_u64u64
                0x0000000010017298                divmod_u64u64
                0x0000000010017298                __wrap___aeabi_uldivmod
                0x00000000100172a8                divmod_u64u64_savestate
                0x00000000100172c8                divmod_s64s64_unsafe
                0x0000000010017350                divmod_u64u64_unsafe
 .text.__wrap___aeabi_darithmetic
                0x000000001001768c       0x80 CMakeFiles/picocobra.dir/media/xxx/WORK1/__ToBackup/Develop/Cobra/RaspberryPi/pico-sdk/src/rp2_common/pico_double/double_aeabi.S.obj
                0x000000001001768c                __wrap___aeabi_drsub
                0x0000000010017692                __wrap___aeabi_dsub
                0x00000000100176a4                __wrap___aeabi_dadd
                0x00000000100176b6                __wrap___aeabi_ddiv
                0x00000000100176f2                __wrap___aeabi_dmul
 .text.__wrap___aeabi_cdcmple
                0x000000001001770c       0x6c CMakeFiles/picocobra.dir/media/xxx/WORK1/__ToBackup/Develop/Cobra/RaspberryPi/pico-sdk/src/rp2_common/pico_double/double_aeabi.S.obj
                0x000000001001770c                __wrap___aeabi_cdrcmple
                0x000000001001771c                __wrap___aeabi_cdcmple
                0x000000001001771c                __wrap___aeabi_cdcmpeq
 .text.__wrap___aeabi_dcmplt
                0x0000000010017778        0xc CMakeFiles/picocobra.dir/media/xxx/WORK1/__ToBackup/Develop/Cobra/RaspberryPi/pico-sdk/src/rp2_common/pico_double/double_aeabi.S.obj
                0x0000000010017778                __wrap___aeabi_dcmplt
 .text.__wrap___aeabi_dcmple
                0x0000000010017784       0x10 CMakeFiles/picocobra.dir/media/xxx/WORK1/__ToBackup/Develop/Cobra/RaspberryPi/pico-sdk/src/rp2_common/pico_double/double_aeabi.S.obj
                0x0000000010017784                __wrap___aeabi_dcmple
 .text.__wrap___aeabi_dcmpge
                0x0000000010017794       0x10 CMakeFiles/picocobra.dir/media/xxx/WORK1/__ToBackup/Develop/Cobra/RaspberryPi/pico-sdk/src/rp2_common/pico_double/double_aeabi.S.obj
                0x0000000010017794                __wrap___aeabi_dcmpge
 .text.__wrap___aeabi_dcmpgt
                0x00000000100177a4        0xa CMakeFiles/picocobra.dir/media/xxx/WORK1/__ToBackup/Develop/Cobra/RaspberryPi/pico-sdk/src/rp2_common/pico_double/double_aeabi.S.obj
                0x00000000100177a4                __wrap___aeabi_dcmpgt
 .text.__wrap___aeabi_dcmpun
                0x00000000100177ae       0x1c CMakeFiles/picocobra.dir/media/xxx/WORK1/__ToBackup/Develop/Cobra/RaspberryPi/pico-sdk/src/rp2_common/pico_double/double_aeabi.S.obj
                0x00000000100177ae                __wrap___aeabi_dcmpun
 *fill*         0x00000000100177ca        0x2 
 .text.__wrap___aeabi_i2d
                0x00000000100177cc       0x38 CMakeFiles/picocobra.dir/media/xxx/WORK1/__ToBackup/Develop/Cobra/RaspberryPi/pico-sdk/src/rp2_common/pico_double/double_aeabi.S.obj
                0x00000000100177cc                __wrap___aeabi_ui2d
                0x00000000100177d4                __wrap___aeabi_i2d
 .text.__wrap___aeabi_d2iz
                0x0000000010017804       0x48 CMakeFiles/picocobra.dir/media/xxx/WORK1/__ToBackup/Develop/Cobra/RaspberryPi/pico-sdk/src/rp2_common/pico_double/double_aeabi.S.obj
                0x0000000010017804                __wrap___aeabi_d2iz
                0x0000000010017804                double2int_z
 .text.__wrap___aeabi_d2uiz
                0x000000001001784c       0x18 CMakeFiles/picocobra.dir/media/xxx/WORK1/__ToBackup/Develop/Cobra/RaspberryPi/pico-sdk/src/rp2_common/pico_double/double_aeabi.S.obj
                0x000000001001784c                double2uint
                0x000000001001784c                __wrap___aeabi_d2uiz
 .text.__aeabi_double_init
                0x0000000010017864       0xc0 CMakeFiles/picocobra.dir/media/xxx/WORK1/__ToBackup/Develop/Cobra/RaspberryPi/pico-sdk/src/rp2_common/pico_double/double_init_rom.c.obj
                0x0000000010017864                __aeabi_double_init
 .text.double_table_shim_on_use_helper
                0x0000000010017924       0x2c CMakeFiles/picocobra.dir/media/xxx/WORK1/__ToBackup/Develop/Cobra/RaspberryPi/pico-sdk/src/rp2_common/pico_double/double_v1_rom_shim.S.obj
                0x0000000010017924                double_table_shim_on_use_helper
 .text.__wrap___aeabi_dsub
                0x0000000010017950       0x10 CMakeFiles/picocobra.dir/media/xxx/WORK1/__ToBackup/Develop/Cobra/RaspberryPi/pico-sdk/src/rp2_common/pico_double/double_v1_rom_shim.S.obj
                0x0000000010017950                drsub_shim
                0x0000000010017956                dsub_shim
 .text.dadd_shim
                0x0000000010017960      0x15c CMakeFiles/picocobra.dir/media/xxx/WORK1/__ToBackup/Develop/Cobra/RaspberryPi/pico-sdk/src/rp2_common/pico_double/double_v1_rom_shim.S.obj
                0x0000000010017960                dadd_shim
 .text.dmul_shim
                0x0000000010017abc      0x15c CMakeFiles/picocobra.dir/media/xxx/WORK1/__ToBackup/Develop/Cobra/RaspberryPi/pico-sdk/src/rp2_common/pico_double/double_v1_rom_shim.S.obj
                0x0000000010017abc                dmul_shim
 .text.ddiv_shim
                0x0000000010017c18      0x1b0 CMakeFiles/picocobra.dir/media/xxx/WORK1/__ToBackup/Develop/Cobra/RaspberryPi/pico-sdk/src/rp2_common/pico_double/double_v1_rom_shim.S.obj
                0x0000000010017c18                ddiv_shim
 .text.double2uint_shim
                0x0000000010017dc8        0xe CMakeFiles/picocobra.dir/media/xxx/WORK1/__ToBackup/Develop/Cobra/RaspberryPi/pico-sdk/src/rp2_common/pico_double/double_v1_rom_shim.S.obj
                0x0000000010017dc8                double2uint_shim
                0x0000000010017dca                double2ufix_shim
 *fill*         0x0000000010017dd6        0x2 
 .text.double2uint64_shim
                0x0000000010017dd8       0x70 CMakeFiles/picocobra.dir/media/xxx/WORK1/__ToBackup/Develop/Cobra/RaspberryPi/pico-sdk/src/rp2_common/pico_double/double_v1_rom_shim.S.obj
                0x0000000010017dd8                double2uint64_shim
                0x0000000010017dda                double2ufix64_shim
                0x0000000010017dfa                d2fix_a
 .text.dunpacks
                0x0000000010017e48       0x3c CMakeFiles/picocobra.dir/media/xxx/WORK1/__ToBackup/Develop/Cobra/RaspberryPi/pico-sdk/src/rp2_common/pico_double/double_v1_rom_shim.S.obj
                0x0000000010017e48                dunpacks
 .text.__aeabi_lmul
                0x0000000010017e84       0x32 CMakeFiles/picocobra.dir/media/xxx/WORK1/__ToBackup/Develop/Cobra/RaspberryPi/pico-sdk/src/rp2_common/pico_int64_ops/pico_int64_ops_aeabi.S.obj
                0x0000000010017e84                __wrap___aeabi_lmul
 *fill*         0x0000000010017eb6        0x2 
 .text.__wrap___aeabi_farithmetic
                0x0000000010017eb8       0x48 CMakeFiles/picocobra.dir/media/xxx/WORK1/__ToBackup/Develop/Cobra/RaspberryPi/pico-sdk/src/rp2_common/pico_float/float_aeabi.S.obj
                0x0000000010017eb8                __wrap___aeabi_frsub
                0x0000000010017ebe                __wrap___aeabi_fsub
                0x0000000010017ec4                __wrap___aeabi_fadd
                0x0000000010017eca                __wrap___aeabi_fdiv
                0x0000000010017ef2                __wrap___aeabi_fmul
 .text.__wrap___aeabi_ui2f
                0x0000000010017f00        0xa CMakeFiles/picocobra.dir/media/xxx/WORK1/__ToBackup/Develop/Cobra/RaspberryPi/pico-sdk/src/rp2_common/pico_float/float_aeabi.S.obj
                0x0000000010017f00                __wrap___aeabi_ui2f
 *fill*         0x0000000010017f0a        0x2 
 .text.__wrap___aeabi_i2f
                0x0000000010017f0c       0x44 CMakeFiles/picocobra.dir/media/xxx/WORK1/__ToBackup/Develop/Cobra/RaspberryPi/pico-sdk/src/rp2_common/pico_float/float_aeabi.S.obj
                0x0000000010017f0c                __wrap___aeabi_i2f
 .text.__wrap___aeabi_f2iz
                0x0000000010017f50       0x4e CMakeFiles/picocobra.dir/media/xxx/WORK1/__ToBackup/Develop/Cobra/RaspberryPi/pico-sdk/src/rp2_common/pico_float/float_aeabi.S.obj
                0x0000000010017f50                __wrap___aeabi_f2iz
                0x0000000010017f50                float2int_z
 *fill*         0x0000000010017f9e        0x2 
 .text.float2int
                0x0000000010017fa0       0x14 CMakeFiles/picocobra.dir/media/xxx/WORK1/__ToBackup/Develop/Cobra/RaspberryPi/pico-sdk/src/rp2_common/pico_float/float_aeabi.S.obj
                0x0000000010017fa0                float2int
 .text.__wrap___aeabi_f2uiz
                0x0000000010017fb4        0xc CMakeFiles/picocobra.dir/media/xxx/WORK1/__ToBackup/Develop/Cobra/RaspberryPi/pico-sdk/src/rp2_common/pico_float/float_aeabi.S.obj
                0x0000000010017fb4                __wrap___aeabi_f2uiz
 .text.__aeabi_float_init
                0x0000000010017fc0       0x64 CMakeFiles/picocobra.dir/media/xxx/WORK1/__ToBackup/Develop/Cobra/RaspberryPi/pico-sdk/src/rp2_common/pico_float/float_init_rom.c.obj
                0x0000000010017fc0                __aeabi_float_init
 .text.float_table_shim_on_use_helper
                0x0000000010018024       0x2c CMakeFiles/picocobra.dir/media/xxx/WORK1/__ToBackup/Develop/Cobra/RaspberryPi/pico-sdk/src/rp2_common/pico_float/float_v1_rom_shim.S.obj
                0x0000000010018024                float_table_shim_on_use_helper
 .text.float232_shims
                0x0000000010018050       0x18 CMakeFiles/picocobra.dir/media/xxx/WORK1/__ToBackup/Develop/Cobra/RaspberryPi/pico-sdk/src/rp2_common/pico_float/float_v1_rom_shim.S.obj
                0x0000000010018050                float2int_shim
                0x0000000010018052                float2fix_shim
 .text.__wrap_malloc
                0x0000000010018068       0x3c CMakeFiles/picocobra.dir/media/xxx/WORK1/__ToBackup/Develop/Cobra/RaspberryPi/pico-sdk/src/rp2_common/pico_malloc/pico_malloc.c.obj
                0x0000000010018068                __wrap_malloc
 .text.__wrap_calloc
                0x00000000100180a4       0x40 CMakeFiles/picocobra.dir/media/xxx/WORK1/__ToBackup/Develop/Cobra/RaspberryPi/pico-sdk/src/rp2_common/pico_malloc/pico_malloc.c.obj
                0x00000000100180a4                __wrap_calloc
 .text.__wrap_free
                0x00000000100180e4       0x20 CMakeFiles/picocobra.dir/media/xxx/WORK1/__ToBackup/Develop/Cobra/RaspberryPi/pico-sdk/src/rp2_common/pico_malloc/pico_malloc.c.obj
                0x00000000100180e4                __wrap_free
 .text          0x0000000010018104       0x10 CMakeFiles/picocobra.dir/media/xxx/WORK1/__ToBackup/Develop/Cobra/RaspberryPi/pico-sdk/src/rp2_common/pico_mem_ops/mem_ops_aeabi.S.obj
                0x0000000010018104                __aeabi_mem_init
 .text.memset   0x0000000010018114        0xc CMakeFiles/picocobra.dir/media/xxx/WORK1/__ToBackup/Develop/Cobra/RaspberryPi/pico-sdk/src/rp2_common/pico_mem_ops/mem_ops_aeabi.S.obj
                0x0000000010018114                __wrap_memset
 .text.memcpy   0x0000000010018120        0xc CMakeFiles/picocobra.dir/media/xxx/WORK1/__ToBackup/Develop/Cobra/RaspberryPi/pico-sdk/src/rp2_common/pico_mem_ops/mem_ops_aeabi.S.obj
                0x0000000010018120                __wrap___aeabi_memcpy
                0x0000000010018120                __wrap_memcpy
 .text.stdio_out_chars_no_crlf
                0x000000001001812c       0x10 CMakeFiles/picocobra.dir/media/xxx/WORK1/__ToBackup/Develop/Cobra/RaspberryPi/pico-sdk/src/rp2_common/pico_stdio/stdio.c.obj
 .text.stdio_out_chars_crlf
                0x000000001001813c       0x94 CMakeFiles/picocobra.dir/media/xxx/WORK1/__ToBackup/Develop/Cobra/RaspberryPi/pico-sdk/src/rp2_common/pico_stdio/stdio.c.obj
 .text.stdio_buffered_printer
                0x00000000100181d0       0x64 CMakeFiles/picocobra.dir/media/xxx/WORK1/__ToBackup/Develop/Cobra/RaspberryPi/pico-sdk/src/rp2_common/pico_stdio/stdio.c.obj
 .text.stdio_put_string
                0x0000000010018234      0x104 CMakeFiles/picocobra.dir/media/xxx/WORK1/__ToBackup/Develop/Cobra/RaspberryPi/pico-sdk/src/rp2_common/pico_stdio/stdio.c.obj
 .text.__wrap_putchar
                0x0000000010018338       0x98 CMakeFiles/picocobra.dir/media/xxx/WORK1/__ToBackup/Develop/Cobra/RaspberryPi/pico-sdk/src/rp2_common/pico_stdio/stdio.c.obj
                0x0000000010018338                __wrap_putchar
 .text.__wrap_puts
                0x00000000100183d0       0x3c CMakeFiles/picocobra.dir/media/xxx/WORK1/__ToBackup/Develop/Cobra/RaspberryPi/pico-sdk/src/rp2_common/pico_stdio/stdio.c.obj
                0x00000000100183d0                __wrap_puts
 .text._read    0x000000001001840c       0x94 CMakeFiles/picocobra.dir/media/xxx/WORK1/__ToBackup/Develop/Cobra/RaspberryPi/pico-sdk/src/rp2_common/pico_stdio/stdio.c.obj
                0x000000001001840c                _read
 .text._write   0x00000000100184a0       0xb0 CMakeFiles/picocobra.dir/media/xxx/WORK1/__ToBackup/Develop/Cobra/RaspberryPi/pico-sdk/src/rp2_common/pico_stdio/stdio.c.obj
                0x00000000100184a0                _write
 .text._close   0x0000000010018550        0x8 CMakeFiles/picocobra.dir/media/xxx/WORK1/__ToBackup/Develop/Cobra/RaspberryPi/pico-sdk/src/rp2_common/pico_stdio/stdio.c.obj
                0x0000000010018550                _close
 .text._lseek   0x0000000010018558        0x8 CMakeFiles/picocobra.dir/media/xxx/WORK1/__ToBackup/Develop/Cobra/RaspberryPi/pico-sdk/src/rp2_common/pico_stdio/stdio.c.obj
                0x0000000010018558                _lseek
 .text.stdio_set_driver_enabled
                0x0000000010018560       0x30 CMakeFiles/picocobra.dir/media/xxx/WORK1/__ToBackup/Develop/Cobra/RaspberryPi/pico-sdk/src/rp2_common/pico_stdio/stdio.c.obj
                0x0000000010018560                stdio_set_driver_enabled
 .text.__wrap_vprintf
                0x0000000010018590       0xd8 CMakeFiles/picocobra.dir/media/xxx/WORK1/__ToBackup/Develop/Cobra/RaspberryPi/pico-sdk/src/rp2_common/pico_stdio/stdio.c.obj
                0x0000000010018590                __wrap_vprintf
 .text.__wrap_printf
                0x0000000010018668       0x18 CMakeFiles/picocobra.dir/media/xxx/WORK1/__ToBackup/Develop/Cobra/RaspberryPi/pico-sdk/src/rp2_common/pico_stdio/stdio.c.obj
                0x0000000010018668                __wrap_printf
 .text.stdio_init_all
                0x0000000010018680        0xc CMakeFiles/picocobra.dir/media/xxx/WORK1/__ToBackup/Develop/Cobra/RaspberryPi/pico-sdk/src/rp2_common/pico_stdio/stdio.c.obj
                0x0000000010018680                stdio_init_all
 .text.stdio_uart_out_chars
                0x000000001001868c       0x4c CMakeFiles/picocobra.dir/media/xxx/WORK1/__ToBackup/Develop/Cobra/RaspberryPi/pico-sdk/src/rp2_common/pico_stdio_uart/stdio_uart.c.obj
 .text.stdio_uart_in_chars
                0x00000000100186d8       0x84 CMakeFiles/picocobra.dir/media/xxx/WORK1/__ToBackup/Develop/Cobra/RaspberryPi/pico-sdk/src/rp2_common/pico_stdio_uart/stdio_uart.c.obj
                0x00000000100186d8                stdio_uart_in_chars
 .text.on_uart_rx
                0x000000001001875c       0x28 CMakeFiles/picocobra.dir/media/xxx/WORK1/__ToBackup/Develop/Cobra/RaspberryPi/pico-sdk/src/rp2_common/pico_stdio_uart/stdio_uart.c.obj
 .text.stdio_uart_set_chars_available_callback
                0x0000000010018784       0x8c CMakeFiles/picocobra.dir/media/xxx/WORK1/__ToBackup/Develop/Cobra/RaspberryPi/pico-sdk/src/rp2_common/pico_stdio_uart/stdio_uart.c.obj
 .text.stdio_uart_init
                0x0000000010018810       0x48 CMakeFiles/picocobra.dir/media/xxx/WORK1/__ToBackup/Develop/Cobra/RaspberryPi/pico-sdk/src/rp2_common/pico_stdio_uart/stdio_uart.c.obj
                0x0000000010018810                stdio_uart_init
 .text.ff_memalloc
                0x0000000010018858        0x8 CMakeFiles/picocobra.dir/FatFs_SPI/ff14a/source/ffsystem.c.obj
                0x0000000010018858                ff_memalloc
 .text.ff_memfree
                0x0000000010018860        0x8 CMakeFiles/picocobra.dir/FatFs_SPI/ff14a/source/ffsystem.c.obj
                0x0000000010018860                ff_memfree
 .text.ff_uni2oem
                0x0000000010018868       0x40 CMakeFiles/picocobra.dir/FatFs_SPI/ff14a/source/ffunicode.c.obj
                0x0000000010018868                ff_uni2oem
 .text.ff_oem2uni
                0x00000000100188a8       0x2c CMakeFiles/picocobra.dir/FatFs_SPI/ff14a/source/ffunicode.c.obj
                0x00000000100188a8                ff_oem2uni
 .text.ff_wtoupper
                0x00000000100188d4       0xb8 CMakeFiles/picocobra.dir/FatFs_SPI/ff14a/source/ffunicode.c.obj
                0x00000000100188d4                ff_wtoupper
 .text.tchar2uni
                0x000000001001898c       0xe8 CMakeFiles/picocobra.dir/FatFs_SPI/ff14a/source/ff.c.obj
 .text.put_utf  0x0000000010018a74       0xe4 CMakeFiles/picocobra.dir/FatFs_SPI/ff14a/source/ff.c.obj
 .text.get_fileinfo
                0x0000000010018b58      0x2d8 CMakeFiles/picocobra.dir/FatFs_SPI/ff14a/source/ff.c.obj
 .text.dir_clear
                0x0000000010018e30      0x1a8 CMakeFiles/picocobra.dir/FatFs_SPI/ff14a/source/ff.c.obj
 .text.pattern_match
                0x0000000010018fd8      0x108 CMakeFiles/picocobra.dir/FatFs_SPI/ff14a/source/ff.c.obj
 .text.move_window.part.0
                0x00000000100190e0       0xa8 CMakeFiles/picocobra.dir/FatFs_SPI/ff14a/source/ff.c.obj
 .text.check_fs
                0x0000000010019188      0x1a0 CMakeFiles/picocobra.dir/FatFs_SPI/ff14a/source/ff.c.obj
 .text.put_fat.part.0
                0x0000000010019328      0x1b8 CMakeFiles/picocobra.dir/FatFs_SPI/ff14a/source/ff.c.obj
 .text.get_fat  0x00000000100194e0      0x1f8 CMakeFiles/picocobra.dir/FatFs_SPI/ff14a/source/ff.c.obj
 .text.dir_next.constprop.0
                0x00000000100196d8       0xc8 CMakeFiles/picocobra.dir/FatFs_SPI/ff14a/source/ff.c.obj
 .text.load_xdir
                0x00000000100197a0      0x264 CMakeFiles/picocobra.dir/FatFs_SPI/ff14a/source/ff.c.obj
 .text.sync_fs  0x0000000010019a04      0x134 CMakeFiles/picocobra.dir/FatFs_SPI/ff14a/source/ff.c.obj
 .text.dir_read.constprop.0
                0x0000000010019b38      0x5a0 CMakeFiles/picocobra.dir/FatFs_SPI/ff14a/source/ff.c.obj
 .text.mount_volume
                0x000000001001a0d8      0xb9c CMakeFiles/picocobra.dir/FatFs_SPI/ff14a/source/ff.c.obj
 .text.dir_sdi  0x000000001001ac74      0x354 CMakeFiles/picocobra.dir/FatFs_SPI/ff14a/source/ff.c.obj
 .text.store_xdir
                0x000000001001afc8      0x1ec CMakeFiles/picocobra.dir/FatFs_SPI/ff14a/source/ff.c.obj
 .text.dir_remove
                0x000000001001b1b4      0x1f4 CMakeFiles/picocobra.dir/FatFs_SPI/ff14a/source/ff.c.obj
 .text.dir_find
                0x000000001001b3a8      0x42c CMakeFiles/picocobra.dir/FatFs_SPI/ff14a/source/ff.c.obj
 .text.follow_path
                0x000000001001b7d4      0x580 CMakeFiles/picocobra.dir/FatFs_SPI/ff14a/source/ff.c.obj
 .text.create_chain
                0x000000001001bd54      0x578 CMakeFiles/picocobra.dir/FatFs_SPI/ff14a/source/ff.c.obj
 .text.dir_alloc
                0x000000001001c2cc      0x22c CMakeFiles/picocobra.dir/FatFs_SPI/ff14a/source/ff.c.obj
 .text.dir_register
                0x000000001001c4f8      0xac0 CMakeFiles/picocobra.dir/FatFs_SPI/ff14a/source/ff.c.obj
 .text.remove_chain
                0x000000001001cfb8      0x42c CMakeFiles/picocobra.dir/FatFs_SPI/ff14a/source/ff.c.obj
 .text.f_mount  0x000000001001d3e4       0x70 CMakeFiles/picocobra.dir/FatFs_SPI/ff14a/source/ff.c.obj
                0x000000001001d3e4                f_mount
 .text.f_open   0x000000001001d454      0x4dc CMakeFiles/picocobra.dir/FatFs_SPI/ff14a/source/ff.c.obj
                0x000000001001d454                f_open
 .text.f_read   0x000000001001d930      0x34c CMakeFiles/picocobra.dir/FatFs_SPI/ff14a/source/ff.c.obj
                0x000000001001d930                f_read
 .text.f_sync   0x000000001001dc7c      0x2ec CMakeFiles/picocobra.dir/FatFs_SPI/ff14a/source/ff.c.obj
                0x000000001001dc7c                f_sync
 .text.f_close  0x000000001001df68       0x40 CMakeFiles/picocobra.dir/FatFs_SPI/ff14a/source/ff.c.obj
                0x000000001001df68                f_close
 .text.f_lseek  0x000000001001dfa8      0x7a0 CMakeFiles/picocobra.dir/FatFs_SPI/ff14a/source/ff.c.obj
                0x000000001001dfa8                f_lseek
 .text.f_opendir
                0x000000001001e748      0x154 CMakeFiles/picocobra.dir/FatFs_SPI/ff14a/source/ff.c.obj
                0x000000001001e748                f_opendir
 .text.f_closedir
                0x000000001001e89c       0x34 CMakeFiles/picocobra.dir/FatFs_SPI/ff14a/source/ff.c.obj
                0x000000001001e89c                f_closedir
 .text.f_findnext
                0x000000001001e8d0       0xe4 CMakeFiles/picocobra.dir/FatFs_SPI/ff14a/source/ff.c.obj
                0x000000001001e8d0                f_findnext
 .text.f_findfirst
                0x000000001001e9b4       0xec CMakeFiles/picocobra.dir/FatFs_SPI/ff14a/source/ff.c.obj
                0x000000001001e9b4                f_findfirst
 .text.f_stat   0x000000001001eaa0       0x6c CMakeFiles/picocobra.dir/FatFs_SPI/ff14a/source/ff.c.obj
                0x000000001001eaa0                f_stat
 .text.f_unlink
                0x000000001001eb0c      0x1c8 CMakeFiles/picocobra.dir/FatFs_SPI/ff14a/source/ff.c.obj
                0x000000001001eb0c                f_unlink
 .text.sd_spi_go_high_frequency
                0x000000001001ecd4       0x20 CMakeFiles/picocobra.dir/FatFs_SPI/sd_driver/sd_spi.c.obj
                0x000000001001ecd4                sd_spi_go_high_frequency
 .text.sd_spi_go_low_frequency
                0x000000001001ecf4       0x24 CMakeFiles/picocobra.dir/FatFs_SPI/sd_driver/sd_spi.c.obj
                0x000000001001ecf4                sd_spi_go_low_frequency
 .text.sd_spi_acquire
                0x000000001001ed18       0x3c CMakeFiles/picocobra.dir/FatFs_SPI/sd_driver/sd_spi.c.obj
                0x000000001001ed18                sd_spi_acquire
 .text.sd_spi_release
                0x000000001001ed54       0x3c CMakeFiles/picocobra.dir/FatFs_SPI/sd_driver/sd_spi.c.obj
                0x000000001001ed54                sd_spi_release
 .text.sd_spi_write
                0x000000001001ed90       0x44 CMakeFiles/picocobra.dir/FatFs_SPI/sd_driver/sd_spi.c.obj
                0x000000001001ed90                sd_spi_write
 .text.sd_spi_transfer
                0x000000001001edd4        0xc CMakeFiles/picocobra.dir/FatFs_SPI/sd_driver/sd_spi.c.obj
                0x000000001001edd4                sd_spi_transfer
 .text.spi0_dma_isr
                0x000000001001ede0       0x10 CMakeFiles/picocobra.dir/FatFs_SPI/sd_driver/hw_config.c.obj
                0x000000001001ede0                spi0_dma_isr
 .text.sd_get_num
                0x000000001001edf0        0x4 CMakeFiles/picocobra.dir/FatFs_SPI/sd_driver/hw_config.c.obj
                0x000000001001edf0                sd_get_num
 .text.sd_get_by_num
                0x000000001001edf4       0x18 CMakeFiles/picocobra.dir/FatFs_SPI/sd_driver/hw_config.c.obj
                0x000000001001edf4                sd_get_by_num
 .text.spi_get_num
                0x000000001001ee0c        0x4 CMakeFiles/picocobra.dir/FatFs_SPI/sd_driver/hw_config.c.obj
                0x000000001001ee0c                spi_get_num
 .text.spi_get_by_num
                0x000000001001ee10       0x18 CMakeFiles/picocobra.dir/FatFs_SPI/sd_driver/hw_config.c.obj
                0x000000001001ee10                spi_get_by_num
 .text.spi_irq_handler
                0x000000001001ee28       0x48 CMakeFiles/picocobra.dir/FatFs_SPI/sd_driver/spi.c.obj
                0x000000001001ee28                spi_irq_handler
 .text.spi_transfer
                0x000000001001ee70      0x180 CMakeFiles/picocobra.dir/FatFs_SPI/sd_driver/spi.c.obj
                0x000000001001ee70                spi_transfer
 .text.my_spi_init
                0x000000001001eff0       0xfc CMakeFiles/picocobra.dir/FatFs_SPI/sd_driver/spi.c.obj
                0x000000001001eff0                my_spi_init
 .text.sd_write_block.constprop.0
                0x000000001001f0ec       0xd4 CMakeFiles/picocobra.dir/FatFs_SPI/sd_driver/sd_card.c.obj
 .text.sd_cmd   0x000000001001f1c0      0x370 CMakeFiles/picocobra.dir/FatFs_SPI/sd_driver/sd_card.c.obj
 .text.sd_sectors_nolock
                0x000000001001f530      0x26c CMakeFiles/picocobra.dir/FatFs_SPI/sd_driver/sd_card.c.obj
 .text.sd_sectors
                0x000000001001f79c       0x20 CMakeFiles/picocobra.dir/FatFs_SPI/sd_driver/sd_card.c.obj
                0x000000001001f79c                sd_sectors
 .text.sd_init_card
                0x000000001001f7bc      0x2a8 CMakeFiles/picocobra.dir/FatFs_SPI/sd_driver/sd_card.c.obj
                0x000000001001f7bc                sd_init_card
 .text.sd_read_blocks
                0x000000001001fa64      0x18c CMakeFiles/picocobra.dir/FatFs_SPI/sd_driver/sd_card.c.obj
                0x000000001001fa64                sd_read_blocks
 .text.sd_write_blocks
                0x000000001001fbf0       0xe8 CMakeFiles/picocobra.dir/FatFs_SPI/sd_driver/sd_card.c.obj
                0x000000001001fbf0                sd_write_blocks
 .text.sd_init_driver
                0x000000001001fcd8       0x5c CMakeFiles/picocobra.dir/FatFs_SPI/sd_driver/sd_card.c.obj
                0x000000001001fcd8                sd_init_driver
 .text.crc7     0x000000001001fd34       0x28 CMakeFiles/picocobra.dir/FatFs_SPI/sd_driver/crc.c.obj
                0x000000001001fd34                crc7
 .text.crc16    0x000000001001fd5c       0x30 CMakeFiles/picocobra.dir/FatFs_SPI/sd_driver/crc.c.obj
                0x000000001001fd5c                crc16
 .text.my_assert_func
                0x000000001001fd8c       0x2c CMakeFiles/picocobra.dir/FatFs_SPI/sd_driver/my_debug.c.obj
                0x000000001001fd8c                my_assert_func
 .text.disk_status
                0x000000001001fdb8       0x18 CMakeFiles/picocobra.dir/FatFs_SPI/src/glue.c.obj
                0x000000001001fdb8                disk_status
 .text.disk_initialize
                0x000000001001fdd0       0x18 CMakeFiles/picocobra.dir/FatFs_SPI/src/glue.c.obj
                0x000000001001fdd0                disk_initialize
 .text.disk_read
                0x000000001001fde8       0x70 CMakeFiles/picocobra.dir/FatFs_SPI/src/glue.c.obj
                0x000000001001fde8                disk_read
 .text.disk_write
                0x000000001001fe58       0x70 CMakeFiles/picocobra.dir/FatFs_SPI/src/glue.c.obj
                0x000000001001fe58                disk_write
 .text.disk_ioctl
                0x000000001001fec8       0x38 CMakeFiles/picocobra.dir/FatFs_SPI/src/glue.c.obj
                0x000000001001fec8                disk_ioctl
 .text.my_printf
                0x000000001001ff00       0x4c CMakeFiles/picocobra.dir/FatFs_SPI/src/my_debug.c.obj
                0x000000001001ff00                my_printf
 .text.get_fattime
                0x000000001001ff4c       0x6c CMakeFiles/picocobra.dir/FatFs_SPI/src/rtc.c.obj
                0x000000001001ff4c                get_fattime
 .text.spi_init
                0x000000001001ffb8      0x130 CMakeFiles/picocobra.dir/media/xxx/WORK1/__ToBackup/Develop/Cobra/RaspberryPi/pico-sdk/src/rp2_common/hardware_spi/spi.c.obj
                0x000000001001ffb8                spi_init
 .text.spi_set_baudrate
                0x00000000100200e8       0xc0 CMakeFiles/picocobra.dir/media/xxx/WORK1/__ToBackup/Develop/Cobra/RaspberryPi/pico-sdk/src/rp2_common/hardware_spi/spi.c.obj
                0x00000000100200e8                spi_set_baudrate
 .text.dma_claim_unused_channel
                0x00000000100201a8       0x20 CMakeFiles/picocobra.dir/media/xxx/WORK1/__ToBackup/Develop/Cobra/RaspberryPi/pico-sdk/src/rp2_common/hardware_dma/dma.c.obj
                0x00000000100201a8                dma_claim_unused_channel
 .text.rtc_get_datetime
                0x00000000100201c8       0x44 CMakeFiles/picocobra.dir/media/xxx/WORK1/__ToBackup/Develop/Cobra/RaspberryPi/pico-sdk/src/rp2_common/hardware_rtc/rtc.c.obj
                0x00000000100201c8                rtc_get_datetime
 .text.pio_add_program
                0x000000001002020c       0xe4 CMakeFiles/picocobra.dir/media/xxx/WORK1/__ToBackup/Develop/Cobra/RaspberryPi/pico-sdk/src/rp2_common/hardware_pio/pio.c.obj
                0x000000001002020c                pio_add_program
 .text.pio_clear_instruction_memory
                0x00000000100202f0       0x38 CMakeFiles/picocobra.dir/media/xxx/WORK1/__ToBackup/Develop/Cobra/RaspberryPi/pico-sdk/src/rp2_common/hardware_pio/pio.c.obj
                0x00000000100202f0                pio_clear_instruction_memory
 .text.pio_sm_set_consecutive_pindirs
                0x0000000010020328       0xb0 CMakeFiles/picocobra.dir/media/xxx/WORK1/__ToBackup/Develop/Cobra/RaspberryPi/pico-sdk/src/rp2_common/hardware_pio/pio.c.obj
                0x0000000010020328                pio_sm_set_consecutive_pindirs
 .text.pio_sm_init
                0x00000000100203d8       0x8c CMakeFiles/picocobra.dir/media/xxx/WORK1/__ToBackup/Develop/Cobra/RaspberryPi/pico-sdk/src/rp2_common/hardware_pio/pio.c.obj
                0x00000000100203d8                pio_sm_init
 .text          0x0000000010020464       0x18 /usr/lib/gcc/arm-none-eabi/9.2.1/../../../arm-none-eabi/lib/thumb/v6-m/nofp/libc.a(lib_a-calloc.o)
                0x0000000010020464                calloc
 .text          0x000000001002047c       0x5c /usr/lib/gcc/arm-none-eabi/9.2.1/../../../arm-none-eabi/lib/thumb/v6-m/nofp/libc.a(lib_a-callocr.o)
                0x000000001002047c                _calloc_r
 .text          0x00000000100204d8      0x1b4 /usr/lib/gcc/arm-none-eabi/9.2.1/../../../arm-none-eabi/lib/thumb/v6-m/nofp/libc.a(lib_a-fflush.o)
                0x00000000100204d8                __sflush_r
                0x0000000010020638                _fflush_r
                0x0000000010020664                fflush
 .text          0x000000001002068c      0x220 /usr/lib/gcc/arm-none-eabi/9.2.1/../../../arm-none-eabi/lib/thumb/v6-m/nofp/libc.a(lib_a-findfp.o)
                0x0000000010020690                _cleanup_r
                0x000000001002078c                __sfmoreglue
                0x00000000100207bc                __sfp
                0x0000000010020844                _cleanup
                0x000000001002085c                __sinit
                0x000000001002086c                __sfp_lock_acquire
                0x0000000010020870                __sfp_lock_release
                0x0000000010020874                __sinit_lock_acquire
                0x0000000010020878                __sinit_lock_release
                0x000000001002087c                __fp_lock_all
                0x0000000010020894                __fp_unlock_all
 .text          0x00000000100208ac      0x27c /usr/lib/gcc/arm-none-eabi/9.2.1/../../../arm-none-eabi/lib/thumb/v6-m/nofp/libc.a(lib_a-freer.o)
                0x00000000100208ac                _malloc_trim_r
                0x000000001002094c                _free_r
 .text          0x0000000010020b28       0x90 /usr/lib/gcc/arm-none-eabi/9.2.1/../../../arm-none-eabi/lib/thumb/v6-m/nofp/libc.a(lib_a-fwalk.o)
                0x0000000010020b28                _fwalk
                0x0000000010020b6c                _fwalk_reent
 .text          0x0000000010020bb8       0x28 /usr/lib/gcc/arm-none-eabi/9.2.1/../../../arm-none-eabi/lib/thumb/v6-m/nofp/libc.a(lib_a-malloc.o)
                0x0000000010020bb8                malloc
                0x0000000010020bcc                free
 .text          0x0000000010020be0      0x58c /usr/lib/gcc/arm-none-eabi/9.2.1/../../../arm-none-eabi/lib/thumb/v6-m/nofp/libc.a(lib_a-mallocr.o)
                0x0000000010020be0                _malloc_r
 .text          0x000000001002116c        0x8 /usr/lib/gcc/arm-none-eabi/9.2.1/../../../arm-none-eabi/lib/thumb/v6-m/nofp/libc.a(lib_a-mlock.o)
                0x000000001002116c                __malloc_lock
                0x0000000010021170                __malloc_unlock
 .text          0x0000000010021174       0x48 /usr/lib/gcc/arm-none-eabi/9.2.1/../../../arm-none-eabi/lib/thumb/v6-m/nofp/libc.a(lib_a-rand.o)
                0x0000000010021174                srand
                0x0000000010021188                rand
 .text          0x00000000100211bc       0x24 /usr/lib/gcc/arm-none-eabi/9.2.1/../../../arm-none-eabi/lib/thumb/v6-m/nofp/libc.a(lib_a-sbrkr.o)
                0x00000000100211bc                _sbrk_r
 .text          0x00000000100211e0       0xa4 /usr/lib/gcc/arm-none-eabi/9.2.1/../../../arm-none-eabi/lib/thumb/v6-m/nofp/libc.a(lib_a-stdio.o)
                0x00000000100211e0                __sread
                0x0000000010021208                __seofread
                0x000000001002120c                __swrite
                0x000000001002124c                __sseek
                0x0000000010021278                __sclose
 .text          0x0000000010021284       0x88 /usr/lib/gcc/arm-none-eabi/9.2.1/../../../arm-none-eabi/lib/thumb/v6-m/nofp/libc.a(lib_a-strcmp.o)
                0x0000000010021284                strcmp
 .text          0x000000001002130c       0x10 /usr/lib/gcc/arm-none-eabi/9.2.1/../../../arm-none-eabi/lib/thumb/v6-m/nofp/libc.a(lib_a-strcpy.o)
                0x000000001002130c                strcpy
 .text          0x000000001002131c       0x68 /usr/lib/gcc/arm-none-eabi/9.2.1/../../../arm-none-eabi/lib/thumb/v6-m/nofp/libc.a(lib_a-strlen-stub.o)
                0x000000001002131c                strlen
 .text          0x0000000010021384       0x80 /usr/lib/gcc/arm-none-eabi/9.2.1/../../../arm-none-eabi/lib/thumb/v6-m/nofp/libc.a(lib_a-strncpy.o)
                0x0000000010021384                strncpy
 .text          0x0000000010021404       0x28 /usr/lib/gcc/arm-none-eabi/9.2.1/../../../arm-none-eabi/lib/thumb/v6-m/nofp/libc.a(lib_a-writer.o)
                0x0000000010021404                _write_r
 .text          0x000000001002142c       0x24 /usr/lib/gcc/arm-none-eabi/9.2.1/../../../arm-none-eabi/lib/thumb/v6-m/nofp/libc.a(lib_a-closer.o)
                0x000000001002142c                _close_r
 .text          0x0000000010021450       0xac /usr/lib/gcc/arm-none-eabi/9.2.1/../../../arm-none-eabi/lib/thumb/v6-m/nofp/libc.a(lib_a-fclose.o)
                0x0000000010021450                _fclose_r
                0x00000000100214e8                fclose
 .text          0x00000000100214fc       0x28 /usr/lib/gcc/arm-none-eabi/9.2.1/../../../arm-none-eabi/lib/thumb/v6-m/nofp/libc.a(lib_a-lseekr.o)
                0x00000000100214fc                _lseek_r
 .text          0x0000000010021524       0x28 /usr/lib/gcc/arm-none-eabi/9.2.1/../../../arm-none-eabi/lib/thumb/v6-m/nofp/libc.a(lib_a-readr.o)
                0x0000000010021524                _read_r
 *(.fini)
 .fini          0x000000001002154c        0x4 /usr/lib/gcc/arm-none-eabi/9.2.1/thumb/v6-m/nofp/crti.o
                0x000000001002154c                _fini
 .fini.__stub   0x0000000010021550       0xb0 linker stubs
 *crtbegin.o(.ctors)
 *crtbegin?.o(.ctors)
 *(EXCLUDE_FILE(*crtend.o *crtend?.o) .ctors)
 *(SORT_BY_NAME(.ctors.*))
 *(.ctors)
 *crtbegin.o(.dtors)
 *crtbegin?.o(.dtors)
 *(EXCLUDE_FILE(*crtend.o *crtend?.o) .dtors)
 *(SORT_BY_NAME(.dtors.*))
 *(.dtors)
 *(.eh_frame*)
 .eh_frame      0x0000000010021600        0x0 /usr/lib/gcc/arm-none-eabi/9.2.1/thumb/v6-m/nofp/crtbegin.o
                0x0000000010021600                . = ALIGN (0x4)

.glue_7         0x0000000010021600        0x0
 .glue_7        0x0000000010021600        0x0 linker stubs

.glue_7t        0x0000000010021600        0x0
 .glue_7t       0x0000000010021600        0x0 linker stubs

.vfp11_veneer   0x0000000010021600        0x0
 .vfp11_veneer  0x0000000010021600        0x0 linker stubs

.v4_bx          0x0000000010021600        0x0
 .v4_bx         0x0000000010021600        0x0 linker stubs

.iplt           0x0000000010021600        0x0
 .iplt          0x0000000010021600        0x0 /usr/lib/gcc/arm-none-eabi/9.2.1/thumb/v6-m/nofp/crtbegin.o

.rodata         0x0000000010021600     0x3260
 *(EXCLUDE_FILE(*libm.a: *libc.a:*lib_a-mem*.o *libgcc.a:) .rodata*)
 .rodata.screen_hex1
                0x0000000010021600       0x40 CMakeFiles/picocobra.dir/picocobra/Z80.c.obj
 .rodata.keyboard_scan
                0x0000000010021640       0x84 CMakeFiles/picocobra.dir/picocobra/Z80.c.obj
 .rodata.keyboard_system_update
                0x00000000100216c4      0x140 CMakeFiles/picocobra.dir/picocobra/Z80.c.obj
 .rodata.FileLoadToMem.str1.4
                0x0000000010021804        0x4 CMakeFiles/picocobra.dir/picocobra/Z80.c.obj
 .rodata.FileLoadConfig.str1.4
                0x0000000010021808       0x5e CMakeFiles/picocobra.dir/picocobra/Z80.c.obj
 *fill*         0x0000000010021866        0x2 
 .rodata.ExecZ80
                0x0000000010021868      0xa38 CMakeFiles/picocobra.dir/picocobra/Z80.c.obj
 .rodata.CobraCHR_
                0x00000000100222a0      0x800 CMakeFiles/picocobra.dir/picocobra/Z80.c.obj
                0x00000000100222a0                CobraCHR_
 .rodata        0x0000000010022aa0       0x10 CMakeFiles/picocobra.dir/picocobra/AY8910.c.obj
 .rodata.Envelopes
                0x0000000010022ab0      0x200 CMakeFiles/picocobra.dir/picocobra/AY8910.c.obj
 .rodata.Volumes
                0x0000000010022cb0       0x40 CMakeFiles/picocobra.dir/picocobra/AY8910.c.obj
 .rodata.load_p.str1.4
                0x0000000010022cf0        0xb CMakeFiles/picocobra.dir/picocobra/cobra.c.obj
                                         0x10 (size before relaxing)
 *fill*         0x0000000010022cfb        0x1 
 .rodata.z81_Start.str1.4
                0x0000000010022cfc        0xc CMakeFiles/picocobra.dir/picocobra/cobra.c.obj
 .rodata.main.str1.4
                0x0000000010022d08       0x32 CMakeFiles/picocobra.dir/picocobra/picocobra.cpp.obj
 *fill*         0x0000000010022d3a        0x2 
 .rodata._ZN8PICO_DSP12startRefreshEv.str1.4
                0x0000000010022d3c       0x24 CMakeFiles/picocobra.dir/display/pico_dsp.cpp.obj
 .rodata._ZN8PICO_DSP11begin_audioEiPFvPsiE.str1.4
                0x0000000010022d60       0x56 CMakeFiles/picocobra.dir/display/pico_dsp.cpp.obj
 *fill*         0x0000000010022db6        0x2 
 .rodata._ZL13init_commands
                0x0000000010022db8       0x12 CMakeFiles/picocobra.dir/display/pico_dsp.cpp.obj
 *fill*         0x0000000010022dca        0x2 
 .rodata._ZL7font8x8
                0x0000000010022dcc      0x400 CMakeFiles/picocobra.dir/display/pico_dsp.cpp.obj
 .rodata._ZL24vga_program_instructions
                0x00000000100231cc       0x1e CMakeFiles/picocobra.dir/display/vga.cpp.obj
 *fill*         0x00000000100231ea        0x2 
 .rodata.VideoEGA
                0x00000000100231ec       0x28 CMakeFiles/picocobra.dir/display/vga_vmode.cpp.obj
                0x00000000100231ec                VideoEGA
 .rodata.VideoVGA
                0x0000000010023214       0x28 CMakeFiles/picocobra.dir/display/vga_vmode.cpp.obj
                0x0000000010023214                VideoVGA
 .rodata._ZL11VideoResReq
                0x000000001002323c       0x14 CMakeFiles/picocobra.dir/display/vga_vmode.cpp.obj
 .rodata._ZL11readNbFilesPc.constprop.0.str1.4
                0x0000000010023250       0x12 CMakeFiles/picocobra.dir/display/emuapi.cpp.obj
                                         0x17 (size before relaxing)
 .rodata._Z10emu_printfi.str1.4
                0x0000000010023262       0x12 CMakeFiles/picocobra.dir/display/emuapi.cpp.obj
                                          0x4 (size before relaxing)
 *fill*         0x0000000010023262        0x2 
 .rodata.emu_Malloc.str1.4
                0x0000000010023264       0x4c CMakeFiles/picocobra.dir/display/emuapi.cpp.obj
 .rodata._Z14backgroundMenuv.str1.4
                0x00000000100232b0       0x13 CMakeFiles/picocobra.dir/display/emuapi.cpp.obj
 *fill*         0x00000000100232c3        0x1 
 .rodata._Z10handleMenut.str1.4
                0x00000000100232c4       0x48 CMakeFiles/picocobra.dir/display/emuapi.cpp.obj
 .rodata.emu_FileOpen.str1.4
                0x000000001002330c       0x1c CMakeFiles/picocobra.dir/display/emuapi.cpp.obj
 .rodata.emu_FileSize.str1.4
                0x0000000010023328        0xc CMakeFiles/picocobra.dir/display/emuapi.cpp.obj
 .rodata.emu_init.str1.4
                0x0000000010023334       0x77 CMakeFiles/picocobra.dir/display/emuapi.cpp.obj
                                         0x7f (size before relaxing)
 *fill*         0x00000000100233ab        0x1 
 .rodata        0x00000000100233ac        0xc CMakeFiles/picocobra.dir/display/emuapi.cpp.obj
 .rodata._ZL5noise
                0x00000000100233b8      0x200 CMakeFiles/picocobra.dir/display/AudioPlaySystem.cpp.obj
 .rodata._ZL6square
                0x00000000100235b8       0x80 CMakeFiles/picocobra.dir/display/AudioPlaySystem.cpp.obj
 .rodata.at_the_end_of_time
                0x0000000010023638        0x8 CMakeFiles/picocobra.dir/media/xxx/WORK1/__ToBackup/Develop/Cobra/RaspberryPi/pico-sdk/src/common/pico_time/time.c.obj
                0x0000000010023638                at_the_end_of_time
 .rodata.hardware_alarm_claim.str1.4
                0x0000000010023640       0x22 CMakeFiles/picocobra.dir/media/xxx/WORK1/__ToBackup/Develop/Cobra/RaspberryPi/pico-sdk/src/rp2_common/hardware_timer/timer.c.obj
 *fill*         0x0000000010023662        0x2 
 .rodata.panic.str1.4
                0x0000000010023664       0x10 CMakeFiles/picocobra.dir/media/xxx/WORK1/__ToBackup/Develop/Cobra/RaspberryPi/pico-sdk/src/rp2_common/pico_runtime/runtime.c.obj
                                         0x12 (size before relaxing)
 .rodata.hard_assertion_failure.str1.4
                0x0000000010023674        0xc CMakeFiles/picocobra.dir/media/xxx/WORK1/__ToBackup/Develop/Cobra/RaspberryPi/pico-sdk/src/rp2_common/pico_runtime/runtime.c.obj
 .rodata._ftoa.str1.4
                0x0000000010023680       0x15 CMakeFiles/picocobra.dir/media/xxx/WORK1/__ToBackup/Develop/Cobra/RaspberryPi/pico-sdk/src/rp2_common/pico_printf/printf.c.obj
 *fill*         0x0000000010023695        0x3 
 .rodata._vsnprintf
                0x0000000010023698      0x1e0 CMakeFiles/picocobra.dir/media/xxx/WORK1/__ToBackup/Develop/Cobra/RaspberryPi/pico-sdk/src/rp2_common/pico_printf/printf.c.obj
 .rodata.pow10.5444
                0x0000000010023878       0x50 CMakeFiles/picocobra.dir/media/xxx/WORK1/__ToBackup/Develop/Cobra/RaspberryPi/pico-sdk/src/rp2_common/pico_printf/printf.c.obj
 .rodata.__wrap_malloc.str1.4
                0x00000000100238c8        0xe CMakeFiles/picocobra.dir/media/xxx/WORK1/__ToBackup/Develop/Cobra/RaspberryPi/pico-sdk/src/rp2_common/pico_malloc/pico_malloc.c.obj
 *fill*         0x00000000100238d6        0x2 
 .rodata.str1.4
                0x00000000100238d8       0x40 CMakeFiles/picocobra.dir/media/xxx/WORK1/__ToBackup/Develop/Cobra/RaspberryPi/pico-sdk/src/rp2_common/pico_standard_link/binary_info.c.obj
 .rodata.__bi_44
                0x0000000010023918        0xc CMakeFiles/picocobra.dir/media/xxx/WORK1/__ToBackup/Develop/Cobra/RaspberryPi/pico-sdk/src/rp2_common/pico_standard_link/binary_info.c.obj
 .rodata.__bi_75
                0x0000000010023924        0xc CMakeFiles/picocobra.dir/media/xxx/WORK1/__ToBackup/Develop/Cobra/RaspberryPi/pico-sdk/src/rp2_common/pico_standard_link/binary_info.c.obj
 .rodata.__bi_81
                0x0000000010023930        0xc CMakeFiles/picocobra.dir/media/xxx/WORK1/__ToBackup/Develop/Cobra/RaspberryPi/pico-sdk/src/rp2_common/pico_standard_link/binary_info.c.obj
 .rodata.crlf_str.6231
                0x000000001002393c        0x2 CMakeFiles/picocobra.dir/media/xxx/WORK1/__ToBackup/Develop/Cobra/RaspberryPi/pico-sdk/src/rp2_common/pico_stdio/stdio.c.obj
 *fill*         0x000000001002393e        0x2 
 .rodata.str1.4
                0x0000000010023940       0x2c CMakeFiles/picocobra.dir/media/xxx/WORK1/__ToBackup/Develop/Cobra/RaspberryPi/pico-sdk/src/rp2_common/pico_stdio_uart/stdio_uart.c.obj
 .rodata.__bi_33.4876
                0x000000001002396c        0xc CMakeFiles/picocobra.dir/media/xxx/WORK1/__ToBackup/Develop/Cobra/RaspberryPi/pico-sdk/src/rp2_common/pico_stdio_uart/stdio_uart.c.obj
 .rodata.__bi_34.4880
                0x0000000010023978        0x8 CMakeFiles/picocobra.dir/media/xxx/WORK1/__ToBackup/Develop/Cobra/RaspberryPi/pico-sdk/src/rp2_common/pico_stdio_uart/stdio_uart.c.obj
 .rodata.ff_wtoupper
                0x0000000010023980       0x24 CMakeFiles/picocobra.dir/FatFs_SPI/ff14a/source/ffunicode.c.obj
 .rodata.cvt1.4424
                0x00000000100239a4      0x1f2 CMakeFiles/picocobra.dir/FatFs_SPI/ff14a/source/ffunicode.c.obj
 *fill*         0x0000000010023b96        0x2 
 .rodata.cvt2.4425
                0x0000000010023b98       0xbc CMakeFiles/picocobra.dir/FatFs_SPI/ff14a/source/ffunicode.c.obj
 .rodata.uc437  0x0000000010023c54      0x100 CMakeFiles/picocobra.dir/FatFs_SPI/ff14a/source/ffunicode.c.obj
 .rodata.follow_path.str1.4
                0x0000000010023d54       0x13 CMakeFiles/picocobra.dir/FatFs_SPI/ff14a/source/ff.c.obj
 *fill*         0x0000000010023d67        0x1 
 .rodata.ExCvt  0x0000000010023d68       0x80 CMakeFiles/picocobra.dir/FatFs_SPI/ff14a/source/ff.c.obj
 .rodata.LfnOfs
                0x0000000010023de8        0xd CMakeFiles/picocobra.dir/FatFs_SPI/ff14a/source/ff.c.obj
 *fill*         0x0000000010023df5        0x3 
 .rodata.sd_spi_go_high_frequency.str1.4
                0x0000000010023df8       0x1b CMakeFiles/picocobra.dir/FatFs_SPI/sd_driver/sd_spi.c.obj
 *fill*         0x0000000010023e13        0x1 
 .rodata.sd_spi_write.str1.4
                0x0000000010023e14       0x6a CMakeFiles/picocobra.dir/FatFs_SPI/sd_driver/sd_spi.c.obj
 *fill*         0x0000000010023e7e        0x2 
 .rodata.__FUNCTION__.6418
                0x0000000010023e80       0x19 CMakeFiles/picocobra.dir/FatFs_SPI/sd_driver/sd_spi.c.obj
 *fill*         0x0000000010023e99        0x3 
 .rodata.__FUNCTION__.6423
                0x0000000010023e9c       0x18 CMakeFiles/picocobra.dir/FatFs_SPI/sd_driver/sd_spi.c.obj
 .rodata.__func__.6444
                0x0000000010023eb4        0xd CMakeFiles/picocobra.dir/FatFs_SPI/sd_driver/sd_spi.c.obj
 .rodata.str1.4
                0x0000000010023ec1        0x3 CMakeFiles/picocobra.dir/FatFs_SPI/sd_driver/hw_config.c.obj
 *fill*         0x0000000010023ec1        0x3 
 .rodata.spi_irq_handler.str1.4
                0x0000000010023ec4       0x7f CMakeFiles/picocobra.dir/FatFs_SPI/sd_driver/spi.c.obj
 *fill*         0x0000000010023f43        0x1 
 .rodata.spi_transfer.str1.4
                0x0000000010023f44       0x63 CMakeFiles/picocobra.dir/FatFs_SPI/sd_driver/spi.c.obj
 *fill*         0x0000000010023fa7        0x1 
 .rodata.__FUNCTION__.6568
                0x0000000010023fa8        0xd CMakeFiles/picocobra.dir/FatFs_SPI/sd_driver/spi.c.obj
 *fill*         0x0000000010023fb5        0x3 
 .rodata.__func__.6556
                0x0000000010023fb8       0x10 CMakeFiles/picocobra.dir/FatFs_SPI/sd_driver/spi.c.obj
 .rodata.__func__.6563
                0x0000000010023fc8        0xd CMakeFiles/picocobra.dir/FatFs_SPI/sd_driver/spi.c.obj
 .rodata.dummy.6564
                0x0000000010023fd5        0x1 CMakeFiles/picocobra.dir/FatFs_SPI/sd_driver/spi.c.obj
 *fill*         0x0000000010023fd6        0x2 
 .rodata.sd_write_block.constprop.0.str1.4
                0x0000000010023fd8       0x8b CMakeFiles/picocobra.dir/FatFs_SPI/sd_driver/sd_card.c.obj
 *fill*         0x0000000010024063        0x1 
 .rodata.sd_cmd.str1.4
                0x0000000010024064       0xb3 CMakeFiles/picocobra.dir/FatFs_SPI/sd_driver/sd_card.c.obj
 *fill*         0x0000000010024117        0x1 
 .rodata.sd_sectors_nolock.str1.4
                0x0000000010024118      0x190 CMakeFiles/picocobra.dir/FatFs_SPI/sd_driver/sd_card.c.obj
 .rodata.sd_init_card.str1.4
                0x00000000100242a8      0x166 CMakeFiles/picocobra.dir/FatFs_SPI/sd_driver/sd_card.c.obj
 *fill*         0x000000001002440e        0x2 
 .rodata.sd_read_blocks.str1.4
                0x0000000010024410       0x3c CMakeFiles/picocobra.dir/FatFs_SPI/sd_driver/sd_card.c.obj
 .rodata.sd_write_blocks.str1.4
                0x000000001002444c       0x47 CMakeFiles/picocobra.dir/FatFs_SPI/sd_driver/sd_card.c.obj
 *fill*         0x0000000010024493        0x1 
 .rodata.__FUNCTION__.6761
                0x0000000010024494        0xe CMakeFiles/picocobra.dir/FatFs_SPI/sd_driver/sd_card.c.obj
 *fill*         0x00000000100244a2        0x2 
 .rodata.__FUNCTION__.6922
                0x00000000100244a4        0xe CMakeFiles/picocobra.dir/FatFs_SPI/sd_driver/sd_card.c.obj
 *fill*         0x00000000100244b2        0x2 
 .rodata.__func__.6886
                0x00000000100244b4       0x12 CMakeFiles/picocobra.dir/FatFs_SPI/sd_driver/sd_card.c.obj
 *fill*         0x00000000100244c6        0x2 
 .rodata.__func__.6894
                0x00000000100244c8        0xd CMakeFiles/picocobra.dir/FatFs_SPI/sd_driver/sd_card.c.obj
 *fill*         0x00000000100244d5        0x3 
 .rodata.__func__.6952
                0x00000000100244d8        0xf CMakeFiles/picocobra.dir/FatFs_SPI/sd_driver/sd_card.c.obj
 *fill*         0x00000000100244e7        0x1 
 .rodata.m_Crc16Table
                0x00000000100244e8      0x200 CMakeFiles/picocobra.dir/FatFs_SPI/sd_driver/crc.c.obj
 .rodata.m_Crc7Table
                0x00000000100246e8      0x100 CMakeFiles/picocobra.dir/FatFs_SPI/sd_driver/crc.c.obj
 .rodata.my_assert_func.str1.4
                0x00000000100247e8       0x39 CMakeFiles/picocobra.dir/FatFs_SPI/sd_driver/my_debug.c.obj
 *fill*         0x0000000010024821        0x3 
 .rodata.my_printf.str1.4
                0x0000000010024824        0x3 CMakeFiles/picocobra.dir/FatFs_SPI/src/my_debug.c.obj
 *fill*         0x0000000010024827        0x1 
 .rodata.dma_claim_unused_channel.str1.4
                0x0000000010024828       0x1e CMakeFiles/picocobra.dir/media/xxx/WORK1/__ToBackup/Develop/Cobra/RaspberryPi/pico-sdk/src/rp2_common/hardware_dma/dma.c.obj
 *fill*         0x0000000010024846        0x2 
 .rodata.pio_add_program.str1.4
                0x0000000010024848       0x11 CMakeFiles/picocobra.dir/media/xxx/WORK1/__ToBackup/Develop/Cobra/RaspberryPi/pico-sdk/src/rp2_common/hardware_pio/pio.c.obj
 *fill*         0x0000000010024859        0x3 
 .rodata        0x000000001002485c        0x4 /usr/lib/gcc/arm-none-eabi/9.2.1/../../../arm-none-eabi/lib/thumb/v6-m/nofp/libc.a(lib_a-impure.o)
                0x000000001002485c                _global_impure_ptr
                0x0000000010024860                . = ALIGN (0x4)
 *(SORT_BY_ALIGNMENT(SORT_BY_NAME(.flashdata*)))
                0x0000000010024860                . = ALIGN (0x4)

.ARM.extab
 *(.ARM.extab* .gnu.linkonce.armextab.*)
                0x0000000010024860                __exidx_start = .

.ARM.exidx
 *(.ARM.exidx* .gnu.linkonce.armexidx.*)
                0x0000000010024860                __exidx_end = .
                0x0000000010024860                . = ALIGN (0x4)
                0x0000000010024860                __binary_info_start = .

.binary_info    0x0000000010024860       0x24
 *(.binary_info.keep.*)
 .binary_info.keep.__bi_ptr22