Archive member included to satisfy reference by file (symbol)

/usr/lib/gcc/arm-none-eabi/9.2.1/thumb/v6-m/nofp/libgcc.a(_dvmd_tls.o)
                              CMakeFiles/picocobra.dir/media/xxx/WORK1/__ToBackup/Develop/Cobra/RaspberryPi/pico-sdk/src/rp2_common/pico_divider/divider.S.obj (__aeabi_idiv0)
/usr/lib/gcc/arm-none-eabi/9.2.1/thumb/v6-m/nofp/libgcc.a(_aeabi_ulcmp.o)
                              CMakeFiles/picocobra.dir/picocobra/Z80.c.obj (__aeabi_ulcmp)
/usr/lib/gcc/arm-none-eabi/9.2.1/../../../arm-none-eabi/lib/thumb/v6-m/nofp/libc.a(lib_a-atexit.o)
                              /usr/lib/gcc/arm-none-eabi/9.2.1/../../../arm-none-eabi/lib/thumb/v6-m/nofp/crt0.o (atexit)
/usr/lib/gcc/arm-none-eabi/9.2.1/../../../arm-none-eabi/lib/thumb/v6-m/nofp/libc.a(lib_a-calloc.o)
                              CMakeFiles/picocobra.dir/media/xxx/WORK1/__ToBackup/Develop/Cobra/RaspberryPi/pico-sdk/src/rp2_common/pico_malloc/pico_malloc.c.obj (calloc)
/usr/lib/gcc/arm-none-eabi/9.2.1/../../../arm-none-eabi/lib/thumb/v6-m/nofp/libc.a(lib_a-callocr.o)
                              /usr/lib/gcc/arm-none-eabi/9.2.1/../../../arm-none-eabi/lib/thumb/v6-m/nofp/libc.a(lib_a-calloc.o) (_calloc_r)
/usr/lib/gcc/arm-none-eabi/9.2.1/../../../arm-none-eabi/lib/thumb/v6-m/nofp/libc.a(lib_a-errno.o)
                              CMakeFiles/picocobra.dir/FatFs_SPI/src/ff_stdio.c.obj (__errno)
/usr/lib/gcc/arm-none-eabi/9.2.1/../../../arm-none-eabi/lib/thumb/v6-m/nofp/libc.a(lib_a-fflush.o)
                              CMakeFiles/picocobra.dir/FatFs_SPI/sd_driver/demo_logging.c.obj (fflush)
/usr/lib/gcc/arm-none-eabi/9.2.1/../../../arm-none-eabi/lib/thumb/v6-m/nofp/libc.a(lib_a-findfp.o)
                              /usr/lib/gcc/arm-none-eabi/9.2.1/../../../arm-none-eabi/lib/thumb/v6-m/nofp/libc.a(lib_a-fflush.o) (__sinit)
/usr/lib/gcc/arm-none-eabi/9.2.1/../../../arm-none-eabi/lib/thumb/v6-m/nofp/libc.a(lib_a-fini.o)
                              /usr/lib/gcc/arm-none-eabi/9.2.1/../../../arm-none-eabi/lib/thumb/v6-m/nofp/crt0.o (__libc_fini_array)
/usr/lib/gcc/arm-none-eabi/9.2.1/../../../arm-none-eabi/lib/thumb/v6-m/nofp/libc.a(lib_a-freer.o)
                              /usr/lib/gcc/arm-none-eabi/9.2.1/../../../arm-none-eabi/lib/thumb/v6-m/nofp/libc.a(lib_a-fflush.o) (_free_r)
/usr/lib/gcc/arm-none-eabi/9.2.1/../../../arm-none-eabi/lib/thumb/v6-m/nofp/libc.a(lib_a-fwalk.o)
                              /usr/lib/gcc/arm-none-eabi/9.2.1/../../../arm-none-eabi/lib/thumb/v6-m/nofp/libc.a(lib_a-findfp.o) (_fwalk)
/usr/lib/gcc/arm-none-eabi/9.2.1/../../../arm-none-eabi/lib/thumb/v6-m/nofp/libc.a(lib_a-impure.o)
                              /usr/lib/gcc/arm-none-eabi/9.2.1/../../../arm-none-eabi/lib/thumb/v6-m/nofp/libc.a(lib_a-fflush.o) (_global_impure_ptr)
/usr/lib/gcc/arm-none-eabi/9.2.1/../../../arm-none-eabi/lib/thumb/v6-m/nofp/libc.a(lib_a-init.o)
                              /usr/lib/gcc/arm-none-eabi/9.2.1/../../../arm-none-eabi/lib/thumb/v6-m/nofp/crt0.o (__libc_init_array)
/usr/lib/gcc/arm-none-eabi/9.2.1/../../../arm-none-eabi/lib/thumb/v6-m/nofp/libc.a(lib_a-malloc.o)
                              CMakeFiles/picocobra.dir/media/xxx/WORK1/__ToBackup/Develop/Cobra/RaspberryPi/pico-sdk/src/rp2_common/pico_malloc/pico_malloc.c.obj (malloc)
/usr/lib/gcc/arm-none-eabi/9.2.1/../../../arm-none-eabi/lib/thumb/v6-m/nofp/libc.a(lib_a-mallocr.o)
                              /usr/lib/gcc/arm-none-eabi/9.2.1/../../../arm-none-eabi/lib/thumb/v6-m/nofp/libc.a(lib_a-callocr.o) (_malloc_r)
/usr/lib/gcc/arm-none-eabi/9.2.1/../../../arm-none-eabi/lib/thumb/v6-m/nofp/libc.a(lib_a-mktime.o)
                              CMakeFiles/picocobra.dir/FatFs_SPI/src/rtc.c.obj (mktime)
/usr/lib/gcc/arm-none-eabi/9.2.1/../../../arm-none-eabi/lib/thumb/v6-m/nofp/libc.a(lib_a-mlock.o)
                              /usr/lib/gcc/arm-none-eabi/9.2.1/../../../arm-none-eabi/lib/thumb/v6-m/nofp/libc.a(lib_a-freer.o) (__malloc_lock)
/usr/lib/gcc/arm-none-eabi/9.2.1/../../../arm-none-eabi/lib/thumb/v6-m/nofp/libc.a(lib_a-rand.o)
                              CMakeFiles/picocobra.dir/display/pico_dsp.cpp.obj (rand)
/usr/lib/gcc/arm-none-eabi/9.2.1/../../../arm-none-eabi/lib/thumb/v6-m/nofp/libc.a(lib_a-realloc.o)
                              CMakeFiles/picocobra.dir/media/xxx/WORK1/__ToBackup/Develop/Cobra/RaspberryPi/pico-sdk/src/rp2_common/pico_malloc/pico_malloc.c.obj (realloc)
/usr/lib/gcc/arm-none-eabi/9.2.1/../../../arm-none-eabi/lib/thumb/v6-m/nofp/libc.a(lib_a-reallocr.o)
                              /usr/lib/gcc/arm-none-eabi/9.2.1/../../../arm-none-eabi/lib/thumb/v6-m/nofp/libc.a(lib_a-realloc.o) (_realloc_r)
/usr/lib/gcc/arm-none-eabi/9.2.1/../../../arm-none-eabi/lib/thumb/v6-m/nofp/libc.a(lib_a-sbrkr.o)
                              /usr/lib/gcc/arm-none-eabi/9.2.1/../../../arm-none-eabi/lib/thumb/v6-m/nofp/libc.a(lib_a-freer.o) (_sbrk_r)
/usr/lib/gcc/arm-none-eabi/9.2.1/../../../arm-none-eabi/lib/thumb/v6-m/nofp/libc.a(lib_a-stdio.o)
[...]
Memory Configuration

Name             Origin             Length             Attributes
FLASH            0x0000000010000000 0x0000000000200000 xr
RAM              0x0000000020000000 0x0000000000040000 xrw
SCRATCH_X        0x0000000020040000 0x0000000000001000 xrw
SCRATCH_Y        0x0000000020041000 0x0000000000001000 xrw
*default*        0x0000000000000000 0xffffffffffffffff

Linker script and memory map

LOAD /usr/lib/gcc/arm-none-eabi/9.2.1/thumb/v6-m/nofp/crti.o
LOAD /usr/lib/gcc/arm-none-eabi/9.2.1/thumb/v6-m/nofp/crtbegin.o
LOAD /usr/lib/gcc/arm-none-eabi/9.2.1/../../../arm-none-eabi/lib/thumb/v6-m/nofp/crt0.o

.flash_begin    0x0000000010000000        0x0
                0x0000000010000000                __flash_binary_start = .

.boot2          0x0000000010000000      0x100
                0x0000000010000000                __boot2_start__ = .
 *(.boot2)
 .boot2         0x0000000010000000      0x100 /tmp/cc2MbfDE.o
                0x0000000010000100                __boot2_end__ = .
                0x0000000000000001                ASSERT (((__boot2_end__ - __boot2_start__) == 0x100), ERROR: Pico second stage bootloader must be 256 bytes in size)

.text           0x0000000010000100    0x21660
                0x0000000010000100                __logical_binary_start = .
 *(.vectors)
 .vectors       0x0000000010000100       0xd4 CMakeFiles/picocobra.dir/media/xxx/WORK1/__ToBackup/Develop/Cobra/RaspberryPi/pico-sdk/src/rp2_common/pico_standard_link/crt0.S.obj
                0x0000000010000100                __vectors
                0x0000000010000100                __VECTOR_TABLE
                0x00000000100001c0                isr_invalid
                0x00000000100001c0                __default_isrs_start
                0x00000000100001c2                isr_nmi
                0x00000000100001c4                isr_hardfault
                0x00000000100001c6                isr_svcall
                0x00000000100001c8                isr_pendsv
                0x00000000100001ca                isr_systick
                0x00000000100001cc                isr_irq30
                0x00000000100001cc                __unhandled_user_irq
                0x00000000100001cc                isr_irq13
                0x00000000100001cc                isr_irq27
                0x00000000100001cc                isr_irq31
                0x00000000100001cc                isr_irq5
                0x00000000100001cc                isr_irq11
                0x00000000100001cc                isr_irq23
                0x00000000100001cc                isr_irq18
                0x00000000100001cc                isr_irq28
                0x00000000100001cc                isr_irq19
                0x00000000100001cc                isr_irq0
                0x00000000100001cc                isr_irq6
                0x00000000100001cc                isr_irq22
                0x00000000100001cc                isr_irq17
                0x00000000100001cc                isr_irq14
                0x00000000100001cc                isr_irq2
                0x00000000100001cc                isr_irq10
                0x00000000100001cc                isr_irq8
                0x00000000100001cc                isr_irq24
                0x00000000100001cc                isr_irq1
                0x00000000100001cc                isr_irq7
                0x00000000100001cc                isr_irq21
                0x00000000100001cc                isr_irq20
                0x00000000100001cc                isr_irq15
                0x00000000100001cc                isr_irq25
                0x00000000100001cc                isr_irq4
                0x00000000100001cc                isr_irq16
                0x00000000100001cc                isr_irq29
                0x00000000100001cc                isr_irq26
                0x00000000100001cc                __default_isrs_end
                0x00000000100001cc                isr_irq3
                0x00000000100001cc                isr_irq12
                0x00000000100001cc                isr_irq9
                0x00000000100001d2                unhandled_user_irq_num_in_r0
 *(.binary_info_header)
 .binary_info_header
                0x00000000100001d4       0x14 CMakeFiles/picocobra.dir/media/xxx/WORK1/__ToBackup/Develop/Cobra/RaspberryPi/pico-sdk/src/rp2_common/pico_standard_link/crt0.S.obj
                0x00000000100001e8                __binary_info_header_end = .
 *(.reset)
 .reset         0x00000000100001e8       0xa0 CMakeFiles/picocobra.dir/media/xxx/WORK1/__ToBackup/Develop/Cobra/RaspberryPi/pico-sdk/src/rp2_common/pico_standard_link/crt0.S.obj
                0x00000000100001e8                _entry_point
 .reset         0x0000000010000288       0x30 CMakeFiles/picocobra.dir/media/xxx/WORK1/__ToBackup/Develop/Cobra/RaspberryPi/pico-sdk/src/rp2_common/pico_standard_link/binary_info.c.obj
 *(.init)
 .init          0x00000000100002b8        0x4 /usr/lib/gcc/arm-none-eabi/9.2.1/thumb/v6-m/nofp/crti.o
                0x00000000100002b8                _init
 *(EXCLUDE_FILE(*libm.a: *libc.a:*lib_a-mem*.o *libgcc.a:) .text*)
 .text          0x00000000100002bc       0x98 /usr/lib/gcc/arm-none-eabi/9.2.1/thumb/v6-m/nofp/crtbegin.o
 .text.MemorySetFont.part.0
                0x0000000010000354      0x294 CMakeFiles/picocobra.dir/picocobra/Z80.c.obj
 .text.screen_clear
                0x00000000100005e8      0x1d4 CMakeFiles/picocobra.dir/picocobra/Z80.c.obj
                0x00000000100005e8                screen_clear
 .text.screen_num
                0x00000000100007bc      0x1e4 CMakeFiles/picocobra.dir/picocobra/Z80.c.obj
                0x00000000100007bc                screen_num
 .text.screen_hex1
                0x00000000100009a0      0x9f8 CMakeFiles/picocobra.dir/picocobra/Z80.c.obj
                0x00000000100009a0                screen_hex1
 .text.screen_debug_info.part.0
                0x0000000010001398      0xa38 CMakeFiles/picocobra.dir/picocobra/Z80.c.obj
 .text.store    0x0000000010001dd0      0x1c0 CMakeFiles/picocobra.dir/picocobra/Z80.c.obj
                0x0000000010001dd0                store
 .text.keyboard_event_buffer_add
                0x0000000010001f90      0x134 CMakeFiles/picocobra.dir/picocobra/Z80.c.obj
                0x0000000010001f90                keyboard_event_buffer_add
 .text.keyboard_scan
                0x00000000100020c4     0x15a0 CMakeFiles/picocobra.dir/picocobra/Z80.c.obj
                0x00000000100020c4                keyboard_scan
 .text.keyboard_system_update
                0x0000000010003664      0x1a4 CMakeFiles/picocobra.dir/picocobra/Z80.c.obj
                0x0000000010003664                keyboard_system_update
 .text.keyboard_system_state
                0x0000000010003808       0x78 CMakeFiles/picocobra.dir/picocobra/Z80.c.obj
                0x0000000010003808                keyboard_system_state
 .text.FileLoadConfig
                0x0000000010003880     0x1808 CMakeFiles/picocobra.dir/picocobra/Z80.c.obj
                0x0000000010003880                FileLoadConfig
 .text.out      0x0000000010005088       0xd8 CMakeFiles/picocobra.dir/picocobra/Z80.c.obj
                0x0000000010005088                out
 .text.SetConfigZ80
                0x0000000010005160      0x190 CMakeFiles/picocobra.dir/picocobra/Z80.c.obj
                0x0000000010005160                SetConfigZ80
 .text.ExecZ80  0x00000000100052f0     0xb4e8 CMakeFiles/picocobra.dir/picocobra/Z80.c.obj
                0x00000000100052f0                ExecZ80
 .text.ResetZ80
                0x00000000100107d8      0x130 CMakeFiles/picocobra.dir/picocobra/Z80.c.obj
                0x00000000100107d8                ResetZ80
 .text.Reset8910
                0x0000000010010908       0x4c CMakeFiles/picocobra.dir/picocobra/AY8910.c.obj
                0x0000000010010908                Reset8910
 .text.Loop8910
                0x0000000010010954      0x174 CMakeFiles/picocobra.dir/picocobra/AY8910.c.obj
                0x0000000010010954                Loop8910
 .text.frame_pause
                0x0000000010010ac8       0x1c CMakeFiles/picocobra.dir/picocobra/cobra.c.obj
                0x0000000010010ac8                frame_pause
 .text.Cobra_Input
                0x0000000010010ae4       0x6c CMakeFiles/picocobra.dir/picocobra/cobra.c.obj
                0x0000000010010ae4                Cobra_Input
 .text.bitbufBlit
                0x0000000010010b50      0x164 CMakeFiles/picocobra.dir/picocobra/cobra.c.obj
                0x0000000010010b50                bitbufBlit
 .text.Cobra_Init
                0x0000000010010cb4      0x10c CMakeFiles/picocobra.dir/picocobra/cobra.c.obj
                0x0000000010010cb4                Cobra_Init
 .text.Cobra_Step
                0x0000000010010dc0       0x70 CMakeFiles/picocobra.dir/picocobra/cobra.c.obj
                0x0000000010010dc0                Cobra_Step
 .text._Z24repeating_timer_callbackP15repeating_timer
                0x0000000010010e30       0x1c CMakeFiles/picocobra.dir/picocobra/picocobra.cpp.obj
                0x0000000010010e30                repeating_timer_callback(repeating_timer*)
 .text.startup.main
                0x0000000010010e4c       0x84 CMakeFiles/picocobra.dir/picocobra/picocobra.cpp.obj
                0x0000000010010e4c                main
 .text.emu_SetPaletteEntry
                0x0000000010010ed0       0x20 CMakeFiles/picocobra.dir/picocobra/picocobra.cpp.obj
                0x0000000010010ed0                emu_SetPaletteEntry
 .text.emu_DrawLinePal16
                0x0000000010010ef0       0x2c CMakeFiles/picocobra.dir/picocobra/picocobra.cpp.obj
                0x0000000010010ef0                emu_DrawLinePal16
 .text.emu_DrawVsync
                0x0000000010010f1c       0x38 CMakeFiles/picocobra.dir/picocobra/picocobra.cpp.obj
                0x0000000010010f1c                emu_DrawVsync
 .text.emu_sndInit
                0x0000000010010f54       0x24 CMakeFiles/picocobra.dir/picocobra/picocobra.cpp.obj
                0x0000000010010f54                emu_sndInit
 .text.emu_sndPlaySound
                0x0000000010010f78       0x18 CMakeFiles/picocobra.dir/picocobra/picocobra.cpp.obj
                0x0000000010010f78                emu_sndPlaySound
 .text.startup._GLOBAL__sub_I_vbl
                0x0000000010010f90       0x10 CMakeFiles/picocobra.dir/picocobra/picocobra.cpp.obj
 .text._ZL7dma_isrv
                0x0000000010010fa0       0x84 CMakeFiles/picocobra.dir/display/pico_dsp.cpp.obj
 .text._ZL14core1_func_tftv
                0x0000000010011024       0x20 CMakeFiles/picocobra.dir/display/pico_dsp.cpp.obj
 .text._ZL10core1_funcv
                0x0000000010011044       0x60 CMakeFiles/picocobra.dir/display/pico_dsp.cpp.obj
 .text._ZL13core1_sio_irqv
                0x00000000100110a4       0x84 CMakeFiles/picocobra.dir/display/pico_dsp.cpp.obj
 .text._ZL9AUDIO_isrv
                0x0000000010011128       0x90 CMakeFiles/picocobra.dir/display/pico_dsp.cpp.obj
 .text._ZN8PICO_DSP10fillScreenEt.constprop.0
                0x00000000100111b8       0x94 CMakeFiles/picocobra.dir/display/pico_dsp.cpp.obj
 .text._ZN8PICO_DSP7setAreaEtttt
                0x000000001001124c       0xe4 CMakeFiles/picocobra.dir/display/pico_dsp.cpp.obj
                0x000000001001124c                PICO_DSP::setArea(unsigned short, unsigned short, unsigned short, unsigned short)
 .text._ZN8PICO_DSPC2Ev
                0x0000000010011330        0x8 CMakeFiles/picocobra.dir/display/pico_dsp.cpp.obj
                0x0000000010011330                PICO_DSP::PICO_DSP()
                0x0000000010011330                PICO_DSP::PICO_DSP()
 .text._ZN8PICO_DSP5beginE10gfx_mode_t
                0x0000000010011338      0x404 CMakeFiles/picocobra.dir/display/pico_dsp.cpp.obj
                0x0000000010011338                PICO_DSP::begin(gfx_mode_t)
 .text._ZN8PICO_DSP7getModeEv
                0x000000001001173c        0xc CMakeFiles/picocobra.dir/display/pico_dsp.cpp.obj
                0x000000001001173c                PICO_DSP::getMode()
 .text._ZN8PICO_DSP10flipscreenEb
                0x0000000010011748       0x6c CMakeFiles/picocobra.dir/display/pico_dsp.cpp.obj
                0x0000000010011748                PICO_DSP::flipscreen(bool)
 .text._ZN8PICO_DSP8waitSyncEv
                0x00000000100117b4       0x14 CMakeFiles/picocobra.dir/display/pico_dsp.cpp.obj
                0x00000000100117b4                PICO_DSP::waitSync()
 .text._ZN8PICO_DSP10fillScreenEt
                0x00000000100117c8      0x13c CMakeFiles/picocobra.dir/display/pico_dsp.cpp.obj
                0x00000000100117c8                PICO_DSP::fillScreen(unsigned short)
 .text._ZN8PICO_DSP12startRefreshEv
                0x0000000010011904      0x250 CMakeFiles/picocobra.dir/display/pico_dsp.cpp.obj
                0x0000000010011904                PICO_DSP::startRefresh()
 .text._ZN8PICO_DSP8drawTextEssPKcttb
                0x0000000010011b54      0x520 CMakeFiles/picocobra.dir/display/pico_dsp.cpp.obj
                0x0000000010011b54                PICO_DSP::drawText(short, short, char const*, unsigned short, unsigned short, bool)
 .text._ZN8PICO_DSP12writeLinePalEiiiPhPt
                0x0000000010012074      0x1b8 CMakeFiles/picocobra.dir/display/pico_dsp.cpp.obj
                0x0000000010012074                PICO_DSP::writeLinePal(int, int, int, unsigned char*, unsigned short*)
 .text._ZN8PICO_DSP15fillScreenNoDmaEt
                0x000000001001222c       0x88 CMakeFiles/picocobra.dir/display/pico_dsp.cpp.obj
                0x000000001001222c                PICO_DSP::fillScreenNoDma(unsigned short)
 .text._ZN8PICO_DSP13drawTextNoDmaEssPKcttb
                0x00000000100122b4      0x298 CMakeFiles/picocobra.dir/display/pico_dsp.cpp.obj
                0x00000000100122b4                PICO_DSP::drawTextNoDma(short, short, char const*, unsigned short, unsigned short, bool)
 .text._ZN8PICO_DSP11begin_audioEiPFvPsiE
                0x000000001001254c       0xcc CMakeFiles/picocobra.dir/display/pico_dsp.cpp.obj
                0x000000001001254c                PICO_DSP::begin_audio(int, void (*)(short*, int))
 .text._Z10VgaPioInitv
                0x0000000010012618      0x100 CMakeFiles/picocobra.dir/display/vga.cpp.obj
                0x0000000010012618                VgaPioInit()
 .text._Z10VgaBufInitv
                0x0000000010012718       0xd4 CMakeFiles/picocobra.dir/display/vga.cpp.obj
                0x0000000010012718                VgaBufInit()
 .text._Z7VgaInitPK6sVmodePhiii
                0x00000000100127ec      0x19c CMakeFiles/picocobra.dir/display/vga.cpp.obj
                0x00000000100127ec                VgaInit(sVmode const*, unsigned char*, int, int, int)
 .text._Z9WaitVSyncv
                0x0000000010012988       0x28 CMakeFiles/picocobra.dir/display/vga.cpp.obj
                0x0000000010012988                WaitVSync()
 .text._Z6VgaCfgPK7sVgaCfgP6sVmode
                0x00000000100129b0      0x5c0 CMakeFiles/picocobra.dir/display/vga_vmode.cpp.obj
                0x00000000100129b0                VgaCfg(sVgaCfg const*, sVmode*)
 .text._Z5Videohh
                0x0000000010012f70       0xb0 CMakeFiles/picocobra.dir/display/vga_vmode.cpp.obj
                0x0000000010012f70                Video(unsigned char, unsigned char)
 .text._ZL11readNbFilesPc.constprop.0
                0x0000000010013020       0xc0 CMakeFiles/picocobra.dir/display/emuapi.cpp.obj
 .text.emu_keymatrix_get
                0x00000000100130e0       0x54 CMakeFiles/picocobra.dir/display/emuapi.cpp.obj
                0x00000000100130e0                emu_keymatrix_get
 .text.emu_Malloc
                0x0000000010013134       0x68 CMakeFiles/picocobra.dir/display/emuapi.cpp.obj
                0x0000000010013134                emu_Malloc
 .text.emu_Free
                0x000000001001319c        0x8 CMakeFiles/picocobra.dir/display/emuapi.cpp.obj
                0x000000001001319c                emu_Free
 .text.emu_GetPad
                0x00000000100131a4        0xc CMakeFiles/picocobra.dir/display/emuapi.cpp.obj
                0x00000000100131a4                emu_GetPad
 .text.emu_ReadKeys
                0x00000000100131b0      0x3b8 CMakeFiles/picocobra.dir/display/emuapi.cpp.obj
                0x00000000100131b0                emu_ReadKeys
 .text.emu_DebounceLocalKeys
                0x0000000010013568       0x18 CMakeFiles/picocobra.dir/display/emuapi.cpp.obj
                0x0000000010013568                emu_DebounceLocalKeys
 .text.emu_ReadI2CKeyboard2
                0x0000000010013580        0xc CMakeFiles/picocobra.dir/display/emuapi.cpp.obj
                0x0000000010013580                emu_ReadI2CKeyboard2
 .text.emu_InitJoysticks
                0x000000001001358c      0x128 CMakeFiles/picocobra.dir/display/emuapi.cpp.obj
                0x000000001001358c                emu_InitJoysticks
 .text._Z10menuActivev
                0x00000000100136b4        0xc CMakeFiles/picocobra.dir/display/emuapi.cpp.obj
                0x00000000100136b4                menuActive()
 .text._Z10toggleMenub
                0x00000000100136c0       0x5c CMakeFiles/picocobra.dir/display/emuapi.cpp.obj
                0x00000000100136c0                toggleMenu(bool)
 .text.emu_FileOpen
                0x000000001001371c       0x3c CMakeFiles/picocobra.dir/display/emuapi.cpp.obj
                0x000000001001371c                emu_FileOpen
 .text.emu_FileRead
                0x0000000010013758       0x20 CMakeFiles/picocobra.dir/display/emuapi.cpp.obj
                0x0000000010013758                emu_FileRead
 .text.emu_FileClose
                0x0000000010013778       0x10 CMakeFiles/picocobra.dir/display/emuapi.cpp.obj
                0x0000000010013778                emu_FileClose
 .text.emu_FileSeek
                0x0000000010013788       0x18 CMakeFiles/picocobra.dir/display/emuapi.cpp.obj
                0x0000000010013788                emu_FileSeek
 .text.emu_FileSize
                0x00000000100137a0       0x24 CMakeFiles/picocobra.dir/display/emuapi.cpp.obj
                0x00000000100137a0                emu_FileSize
 .text.emu_init
                0x00000000100137c4      0x18c CMakeFiles/picocobra.dir/display/emuapi.cpp.obj
                0x00000000100137c4                emu_init
 .text.emu_start
                0x0000000010013950        0xc CMakeFiles/picocobra.dir/display/emuapi.cpp.obj
                0x0000000010013950                emu_start
 .text._ZN15AudioPlaySystem9snd_MixerEPsi
                0x000000001001395c      0x1ec CMakeFiles/picocobra.dir/display/AudioPlaySystem.cpp.obj
                0x000000001001395c                AudioPlaySystem::snd_Mixer(short*, int)
 .text._ZN15AudioPlaySystem5startEv
                0x0000000010013b48        0xc CMakeFiles/picocobra.dir/display/AudioPlaySystem.cpp.obj
                0x0000000010013b48                AudioPlaySystem::start()
 .text._ZN15AudioPlaySystem5soundEiii
                0x0000000010013b54       0x1c CMakeFiles/picocobra.dir/display/AudioPlaySystem.cpp.obj
                0x0000000010013b54                AudioPlaySystem::sound(int, int, int)
 .text.core1_trampoline
                0x0000000010013b70        0x4 CMakeFiles/picocobra.dir/media/xxx/WORK1/__ToBackup/Develop/Cobra/RaspberryPi/pico-sdk/src/rp2_common/pico_multicore/multicore.c.obj
 .text.core1_wrapper
                0x0000000010013b74        0xc CMakeFiles/picocobra.dir/media/xxx/WORK1/__ToBackup/Develop/Cobra/RaspberryPi/pico-sdk/src/rp2_common/pico_multicore/multicore.c.obj
                0x0000000010013b74                core1_wrapper
 .text.multicore_fifo_push_blocking
                0x0000000010013b80       0x14 CMakeFiles/picocobra.dir/media/xxx/WORK1/__ToBackup/Develop/Cobra/RaspberryPi/pico-sdk/src/rp2_common/pico_multicore/multicore.c.obj
                0x0000000010013b80                multicore_fifo_push_blocking
 .text.multicore_fifo_pop_blocking
                0x0000000010013b94       0x1c CMakeFiles/picocobra.dir/media/xxx/WORK1/__ToBackup/Develop/Cobra/RaspberryPi/pico-sdk/src/rp2_common/pico_multicore/multicore.c.obj
                0x0000000010013b94                multicore_fifo_pop_blocking
 .text.multicore_launch_core1_raw
                0x0000000010013bb0       0x84 CMakeFiles/picocobra.dir/media/xxx/WORK1/__ToBackup/Develop/Cobra/RaspberryPi/pico-sdk/src/rp2_common/pico_multicore/multicore.c.obj
                0x0000000010013bb0                multicore_launch_core1_raw
 .text.multicore_launch_core1
                0x0000000010013c34       0x4c CMakeFiles/picocobra.dir/media/xxx/WORK1/__ToBackup/Develop/Cobra/RaspberryPi/pico-sdk/src/rp2_common/pico_multicore/multicore.c.obj
                0x0000000010013c34                multicore_launch_core1
 .text.sem_init
                0x0000000010013c80       0x20 CMakeFiles/picocobra.dir/media/xxx/WORK1/__ToBackup/Develop/Cobra/RaspberryPi/pico-sdk/src/common/pico_sync/sem.c.obj
                0x0000000010013c80                sem_init
 .text.lock_init
                0x0000000010013ca0       0x10 CMakeFiles/picocobra.dir/media/xxx/WORK1/__ToBackup/Develop/Cobra/RaspberryPi/pico-sdk/src/common/pico_sync/lock_core.c.obj
                0x0000000010013ca0                lock_init
 .text.mutex_init
                0x0000000010013cb0       0x1c CMakeFiles/picocobra.dir/media/xxx/WORK1/__ToBackup/Develop/Cobra/RaspberryPi/pico-sdk/src/common/pico_sync/mutex.c.obj
                0x0000000010013cb0                mutex_init
 .text.recursive_mutex_init
                0x0000000010013ccc       0x1c CMakeFiles/picocobra.dir/media/xxx/WORK1/__ToBackup/Develop/Cobra/RaspberryPi/pico-sdk/src/common/pico_sync/mutex.c.obj
                0x0000000010013ccc                recursive_mutex_init
 .text.timer_pool_entry_comparator
                0x0000000010013ce8       0x34 CMakeFiles/picocobra.dir/media/xxx/WORK1/__ToBackup/Develop/Cobra/RaspberryPi/pico-sdk/src/common/pico_time/time.c.obj
                0x0000000010013ce8                timer_pool_entry_comparator
 .text.repeating_timer_callback
                0x0000000010013d1c       0x1c CMakeFiles/picocobra.dir/media/xxx/WORK1/__ToBackup/Develop/Cobra/RaspberryPi/pico-sdk/src/common/pico_time/time.c.obj
 .text.sleep_until_callback
                0x0000000010013d38       0x30 CMakeFiles/picocobra.dir/media/xxx/WORK1/__ToBackup/Develop/Cobra/RaspberryPi/pico-sdk/src/common/pico_time/time.c.obj
 .text.add_alarm_under_lock
                0x0000000010013d68      0x108 CMakeFiles/picocobra.dir/media/xxx/WORK1/__ToBackup/Develop/Cobra/RaspberryPi/pico-sdk/src/common/pico_time/time.c.obj
 .text.alarm_pool_alarm_callback
                0x0000000010013e70      0x1bc CMakeFiles/picocobra.dir/media/xxx/WORK1/__ToBackup/Develop/Cobra/RaspberryPi/pico-sdk/src/common/pico_time/time.c.obj
 .text.alarm_pool_init_default
                0x000000001001402c       0x6c CMakeFiles/picocobra.dir/media/xxx/WORK1/__ToBackup/Develop/Cobra/RaspberryPi/pico-sdk/src/common/pico_time/time.c.obj
                0x000000001001402c                alarm_pool_init_default
 .text.alarm_pool_get_default
                0x0000000010014098        0x8 CMakeFiles/picocobra.dir/media/xxx/WORK1/__ToBackup/Develop/Cobra/RaspberryPi/pico-sdk/src/common/pico_time/time.c.obj
                0x0000000010014098                alarm_pool_get_default
 .text.alarm_pool_add_alarm_at
                0x00000000100140a0      0x18c CMakeFiles/picocobra.dir/media/xxx/WORK1/__ToBackup/Develop/Cobra/RaspberryPi/pico-sdk/src/common/pico_time/time.c.obj
                0x00000000100140a0                alarm_pool_add_alarm_at
 .text.alarm_pool_add_repeating_timer_us
                0x000000001001422c      0x204 CMakeFiles/picocobra.dir/media/xxx/WORK1/__ToBackup/Develop/Cobra/RaspberryPi/pico-sdk/src/common/pico_time/time.c.obj
                0x000000001001422c                alarm_pool_add_repeating_timer_us
 .text.sleep_until
                0x0000000010014430       0xc4 CMakeFiles/picocobra.dir/media/xxx/WORK1/__ToBackup/Develop/Cobra/RaspberryPi/pico-sdk/src/common/pico_time/time.c.obj
                0x0000000010014430                sleep_until
 .text.sleep_ms
                0x00000000100144f4       0x34 CMakeFiles/picocobra.dir/media/xxx/WORK1/__ToBackup/Develop/Cobra/RaspberryPi/pico-sdk/src/common/pico_time/time.c.obj
                0x00000000100144f4                sleep_ms
 .text.best_effort_wfe_or_timeout
                0x0000000010014528       0xd4 CMakeFiles/picocobra.dir/media/xxx/WORK1/__ToBackup/Develop/Cobra/RaspberryPi/pico-sdk/src/common/pico_time/time.c.obj
                0x0000000010014528                best_effort_wfe_or_timeout
 .text.hardware_alarm_irq_handler
                0x00000000100145fc       0xbc CMakeFiles/picocobra.dir/media/xxx/WORK1/__ToBackup/Develop/Cobra/RaspberryPi/pico-sdk/src/rp2_common/hardware_timer/timer.c.obj
 .text.hardware_alarm_claim
                0x00000000100146b8       0x18 CMakeFiles/picocobra.dir/media/xxx/WORK1/__ToBackup/Develop/Cobra/RaspberryPi/pico-sdk/src/rp2_common/hardware_timer/timer.c.obj
                0x00000000100146b8                hardware_alarm_claim
 .text.time_us_64
                0x00000000100146d0       0x14 CMakeFiles/picocobra.dir/media/xxx/WORK1/__ToBackup/Develop/Cobra/RaspberryPi/pico-sdk/src/rp2_common/hardware_timer/timer.c.obj
                0x00000000100146d0                time_us_64
 .text.busy_wait_us
                0x00000000100146e4       0x54 CMakeFiles/picocobra.dir/media/xxx/WORK1/__ToBackup/Develop/Cobra/RaspberryPi/pico-sdk/src/rp2_common/hardware_timer/timer.c.obj
                0x00000000100146e4                busy_wait_us
 .text.busy_wait_until
                0x0000000010014738       0x20 CMakeFiles/picocobra.dir/media/xxx/WORK1/__ToBackup/Develop/Cobra/RaspberryPi/pico-sdk/src/rp2_common/hardware_timer/timer.c.obj
                0x0000000010014738                busy_wait_until
 .text.hardware_alarm_set_callback
                0x0000000010014758       0x8c CMakeFiles/picocobra.dir/media/xxx/WORK1/__ToBackup/Develop/Cobra/RaspberryPi/pico-sdk/src/rp2_common/hardware_timer/timer.c.obj
                0x0000000010014758                hardware_alarm_set_callback
 .text.hardware_alarm_set_target
                0x00000000100147e4       0xd4 CMakeFiles/picocobra.dir/media/xxx/WORK1/__ToBackup/Develop/Cobra/RaspberryPi/pico-sdk/src/rp2_common/hardware_timer/timer.c.obj
                0x00000000100147e4                hardware_alarm_set_target
 .text.hardware_alarm_cancel
                0x00000000100148b8       0x40 CMakeFiles/picocobra.dir/media/xxx/WORK1/__ToBackup/Develop/Cobra/RaspberryPi/pico-sdk/src/rp2_common/hardware_timer/timer.c.obj
                0x00000000100148b8                hardware_alarm_cancel
 .text.running_on_fpga
                0x00000000100148f8       0x10 CMakeFiles/picocobra.dir/media/xxx/WORK1/__ToBackup/Develop/Cobra/RaspberryPi/pico-sdk/src/rp2_common/pico_platform/platform.c.obj
                0x00000000100148f8                running_on_fpga
 .text.hw_claim_lock
                0x0000000010014908       0x18 CMakeFiles/picocobra.dir/media/xxx/WORK1/__ToBackup/Develop/Cobra/RaspberryPi/pico-sdk/src/rp2_common/hardware_claim/claim.c.obj
                0x0000000010014908                hw_claim_lock
 .text.hw_claim_unlock
                0x0000000010014920       0x14 CMakeFiles/picocobra.dir/media/xxx/WORK1/__ToBackup/Develop/Cobra/RaspberryPi/pico-sdk/src/rp2_common/hardware_claim/claim.c.obj
                0x0000000010014920                hw_claim_unlock
 .text.hw_claim_or_assert
                0x0000000010014934       0x48 CMakeFiles/picocobra.dir/media/xxx/WORK1/__ToBackup/Develop/Cobra/RaspberryPi/pico-sdk/src/rp2_common/hardware_claim/claim.c.obj
                0x0000000010014934                hw_claim_or_assert
 .text.hw_claim_unused_from_range
                0x000000001001497c       0x9c CMakeFiles/picocobra.dir/media/xxx/WORK1/__ToBackup/Develop/Cobra/RaspberryPi/pico-sdk/src/rp2_common/hardware_claim/claim.c.obj
                0x000000001001497c                hw_claim_unused_from_range
 .text.spin_locks_reset
                0x0000000010014a18       0x1c CMakeFiles/picocobra.dir/media/xxx/WORK1/__ToBackup/Develop/Cobra/RaspberryPi/pico-sdk/src/rp2_common/hardware_sync/sync.c.obj
                0x0000000010014a18                spin_locks_reset
 .text.next_striped_spin_lock_num
                0x0000000010014a34       0x18 CMakeFiles/picocobra.dir/media/xxx/WORK1/__ToBackup/Develop/Cobra/RaspberryPi/pico-sdk/src/rp2_common/hardware_sync/sync.c.obj
                0x0000000010014a34                next_striped_spin_lock_num
 .text.irq_set_enabled
                0x0000000010014a4c       0x24 CMakeFiles/picocobra.dir/media/xxx/WORK1/__ToBackup/Develop/Cobra/RaspberryPi/pico-sdk/src/rp2_common/hardware_irq/irq.c.obj
                0x0000000010014a4c                irq_set_enabled
 .text.irq_is_enabled
                0x0000000010014a70       0x18 CMakeFiles/picocobra.dir/media/xxx/WORK1/__ToBackup/Develop/Cobra/RaspberryPi/pico-sdk/src/rp2_common/hardware_irq/irq.c.obj
                0x0000000010014a70                irq_is_enabled
 .text.irq_get_vtable_handler
                0x0000000010014a88       0x10 CMakeFiles/picocobra.dir/media/xxx/WORK1/__ToBackup/Develop/Cobra/RaspberryPi/pico-sdk/src/rp2_common/hardware_irq/irq.c.obj
                0x0000000010014a88                irq_get_vtable_handler
 .text.irq_set_exclusive_handler
                0x0000000010014a98       0x54 CMakeFiles/picocobra.dir/media/xxx/WORK1/__ToBackup/Develop/Cobra/RaspberryPi/pico-sdk/src/rp2_common/hardware_irq/irq.c.obj
                0x0000000010014a98                irq_set_exclusive_handler
 .text.irq_remove_handler
                0x0000000010014aec      0x1b4 CMakeFiles/picocobra.dir/media/xxx/WORK1/__ToBackup/Develop/Cobra/RaspberryPi/pico-sdk/src/rp2_common/hardware_irq/irq.c.obj
                0x0000000010014aec                irq_remove_handler
 .text.irq_set_priority
                0x0000000010014ca0       0x28 CMakeFiles/picocobra.dir/media/xxx/WORK1/__ToBackup/Develop/Cobra/RaspberryPi/pico-sdk/src/rp2_common/hardware_irq/irq.c.obj
                0x0000000010014ca0                irq_set_priority
 .text.irq_add_tail_to_free_list
                0x0000000010014cc8       0xb4 CMakeFiles/picocobra.dir/media/xxx/WORK1/__ToBackup/Develop/Cobra/RaspberryPi/pico-sdk/src/rp2_common/hardware_irq/irq.c.obj
                0x0000000010014cc8                irq_add_tail_to_free_list
 .text.irq_init_priorities
                0x0000000010014d7c       0x24 CMakeFiles/picocobra.dir/media/xxx/WORK1/__ToBackup/Develop/Cobra/RaspberryPi/pico-sdk/src/rp2_common/hardware_irq/irq.c.obj
                0x0000000010014d7c                irq_init_priorities
 .text.ph_merge_nodes
                0x0000000010014da0       0x68 CMakeFiles/picocobra.dir/media/xxx/WORK1/__ToBackup/Develop/Cobra/RaspberryPi/pico-sdk/src/common/pico_util/pheap.c.obj
 .text.ph_post_alloc_init
                0x0000000010014e08       0x3c CMakeFiles/picocobra.dir/media/xxx/WORK1/__ToBackup/Develop/Cobra/RaspberryPi/pico-sdk/src/common/pico_util/pheap.c.obj
                0x0000000010014e08                ph_post_alloc_init
 .text.ph_merge_two_pass
                0x0000000010014e44       0x90 CMakeFiles/picocobra.dir/media/xxx/WORK1/__ToBackup/Develop/Cobra/RaspberryPi/pico-sdk/src/common/pico_util/pheap.c.obj
                0x0000000010014e44                ph_merge_two_pass
 .text.ph_remove_any_head
                0x0000000010014ed4      0x100 CMakeFiles/picocobra.dir/media/xxx/WORK1/__ToBackup/Develop/Cobra/RaspberryPi/pico-sdk/src/common/pico_util/pheap.c.obj
 .text.ph_remove_head
                0x0000000010014fd4      0x144 CMakeFiles/picocobra.dir/media/xxx/WORK1/__ToBackup/Develop/Cobra/RaspberryPi/pico-sdk/src/common/pico_util/pheap.c.obj
                0x0000000010014fd4                ph_remove_head
 .text.ph_remove_and_free_node
                0x0000000010015118       0x7c CMakeFiles/picocobra.dir/media/xxx/WORK1/__ToBackup/Develop/Cobra/RaspberryPi/pico-sdk/src/common/pico_util/pheap.c.obj
                0x0000000010015118                ph_remove_and_free_node
 .text.set_sys_clock_pll
                0x0000000010015194       0x78 CMakeFiles/picocobra.dir/media/xxx/WORK1/__ToBackup/Develop/Cobra/RaspberryPi/pico-sdk/src/rp2_common/pico_stdlib/stdlib.c.obj
                0x0000000010015194                set_sys_clock_pll
 .text.check_sys_clock_khz
                0x000000001001520c      0x170 CMakeFiles/picocobra.dir/media/xxx/WORK1/__ToBackup/Develop/Cobra/RaspberryPi/pico-sdk/src/rp2_common/pico_stdlib/stdlib.c.obj
                0x000000001001520c                check_sys_clock_khz
 .text.gpio_set_function
                0x000000001001537c       0x30 CMakeFiles/picocobra.dir/media/xxx/WORK1/__ToBackup/Develop/Cobra/RaspberryPi/pico-sdk/src/rp2_common/hardware_gpio/gpio.c.obj
                0x000000001001537c                gpio_set_function
 .text.gpio_set_pulls
                0x00000000100153ac       0x30 CMakeFiles/picocobra.dir/media/xxx/WORK1/__ToBackup/Develop/Cobra/RaspberryPi/pico-sdk/src/rp2_common/hardware_gpio/gpio.c.obj
                0x00000000100153ac                gpio_set_pulls
 .text.gpio_set_outover
                0x00000000100153dc       0x24 CMakeFiles/picocobra.dir/media/xxx/WORK1/__ToBackup/Develop/Cobra/RaspberryPi/pico-sdk/src/rp2_common/hardware_gpio/gpio.c.obj
                0x00000000100153dc                gpio_set_outover
 .text.gpio_init
                0x0000000010015400       0x3c CMakeFiles/picocobra.dir/media/xxx/WORK1/__ToBackup/Develop/Cobra/RaspberryPi/pico-sdk/src/rp2_common/hardware_gpio/gpio.c.obj
                0x0000000010015400                gpio_init
 .text.uart_init
                0x000000001001543c      0x188 CMakeFiles/picocobra.dir/media/xxx/WORK1/__ToBackup/Develop/Cobra/RaspberryPi/pico-sdk/src/rp2_common/hardware_uart/uart.c.obj
                0x000000001001543c                uart_init
 .text.clock_configure
                0x00000000100155c4      0x118 CMakeFiles/picocobra.dir/media/xxx/WORK1/__ToBackup/Develop/Cobra/RaspberryPi/pico-sdk/src/rp2_common/hardware_clocks/clocks.c.obj
                0x00000000100155c4                clock_configure
 .text.clocks_init
                0x00000000100156dc      0x2d0 CMakeFiles/picocobra.dir/media/xxx/WORK1/__ToBackup/Develop/Cobra/RaspberryPi/pico-sdk/src/rp2_common/hardware_clocks/clocks.c.obj
                0x00000000100156dc                clocks_init
 .text.clock_get_hz
                0x00000000100159ac        0xc CMakeFiles/picocobra.dir/media/xxx/WORK1/__ToBackup/Develop/Cobra/RaspberryPi/pico-sdk/src/rp2_common/hardware_clocks/clocks.c.obj
                0x00000000100159ac                clock_get_hz
 .text.pll_init
                0x00000000100159b8       0xa0 CMakeFiles/picocobra.dir/media/xxx/WORK1/__ToBackup/Develop/Cobra/RaspberryPi/pico-sdk/src/rp2_common/hardware_pll/pll.c.obj
                0x00000000100159b8                pll_init
 .text.watchdog_start_tick
                0x0000000010015a58       0x10 CMakeFiles/picocobra.dir/media/xxx/WORK1/__ToBackup/Develop/Cobra/RaspberryPi/pico-sdk/src/rp2_common/hardware_watchdog/watchdog.c.obj
                0x0000000010015a58                watchdog_start_tick
 .text.xosc_init
                0x0000000010015a68       0x28 CMakeFiles/picocobra.dir/media/xxx/WORK1/__ToBackup/Develop/Cobra/RaspberryPi/pico-sdk/src/rp2_common/hardware_xosc/xosc.c.obj
                0x0000000010015a68                xosc_init
 .text.hw_divider_save_state
                0x0000000010015a90       0x14 CMakeFiles/picocobra.dir/media/xxx/WORK1/__ToBackup/Develop/Cobra/RaspberryPi/pico-sdk/src/rp2_common/hardware_divider/divider.S.obj
                0x0000000010015a90                hw_divider_save_state
 .text.hw_divider_restore_state
                0x0000000010015aa4       0x14 CMakeFiles/picocobra.dir/media/xxx/WORK1/__ToBackup/Develop/Cobra/RaspberryPi/pico-sdk/src/rp2_common/hardware_divider/divider.S.obj
                0x0000000010015aa4                hw_divider_restore_state
 .text.runtime_init
                0x0000000010015ab8       0xf0 CMakeFiles/picocobra.dir/media/xxx/WORK1/__ToBackup/Develop/Cobra/RaspberryPi/pico-sdk/src/rp2_common/pico_runtime/runtime.c.obj
                0x0000000010015ab8                runtime_init
 .text._exit    0x0000000010015ba8        0x4 CMakeFiles/picocobra.dir/media/xxx/WORK1/__ToBackup/Develop/Cobra/RaspberryPi/pico-sdk/src/rp2_common/pico_runtime/runtime.c.obj
                0x0000000010015ba8                _exit
 .text._sbrk    0x0000000010015bac       0x34 CMakeFiles/picocobra.dir/media/xxx/WORK1/__ToBackup/Develop/Cobra/RaspberryPi/pico-sdk/src/rp2_common/pico_runtime/runtime.c.obj
                0x0000000010015bac                _sbrk
 .text.exit     0x0000000010015be0        0x8 CMakeFiles/picocobra.dir/media/xxx/WORK1/__ToBackup/Develop/Cobra/RaspberryPi/pico-sdk/src/rp2_common/pico_runtime/runtime.c.obj
                0x0000000010015be0                exit
 .text.panic    0x0000000010015be8       0x30 CMakeFiles/picocobra.dir/media/xxx/WORK1/__ToBackup/Develop/Cobra/RaspberryPi/pico-sdk/src/rp2_common/pico_runtime/runtime.c.obj
                0x0000000010015be8                panic
 .text.hard_assertion_failure
                0x0000000010015c18        0xc CMakeFiles/picocobra.dir/media/xxx/WORK1/__ToBackup/Develop/Cobra/RaspberryPi/pico-sdk/src/rp2_common/pico_runtime/runtime.c.obj
                0x0000000010015c18                hard_assertion_failure
 .text._out_buffer
                0x0000000010015c24        0x8 CMakeFiles/picocobra.dir/media/xxx/WORK1/__ToBackup/Develop/Cobra/RaspberryPi/pico-sdk/src/rp2_common/pico_printf/printf.c.obj
 .text._out_null
                0x0000000010015c2c        0x4 CMakeFiles/picocobra.dir/media/xxx/WORK1/__ToBackup/Develop/Cobra/RaspberryPi/pico-sdk/src/rp2_common/pico_printf/printf.c.obj
 .text._out_rev
                0x0000000010015c30       0xd0 CMakeFiles/picocobra.dir/media/xxx/WORK1/__ToBackup/Develop/Cobra/RaspberryPi/pico-sdk/src/rp2_common/pico_printf/printf.c.obj
 .text._ntoa_format
                0x0000000010015d00      0x1d0 CMakeFiles/picocobra.dir/media/xxx/WORK1/__ToBackup/Develop/Cobra/RaspberryPi/pico-sdk/src/rp2_common/pico_printf/printf.c.obj
 .text._out_char
                0x0000000010015ed0       0x10 CMakeFiles/picocobra.dir/media/xxx/WORK1/__ToBackup/Develop/Cobra/RaspberryPi/pico-sdk/src/rp2_common/pico_printf/printf.c.obj
 .text._out_fct
                0x0000000010015ee0       0x10 CMakeFiles/picocobra.dir/media/xxx/WORK1/__ToBackup/Develop/Cobra/RaspberryPi/pico-sdk/src/rp2_common/pico_printf/printf.c.obj
 .text._etoa    0x0000000010015ef0      0x478 CMakeFiles/picocobra.dir/media/xxx/WORK1/__ToBackup/Develop/Cobra/RaspberryPi/pico-sdk/src/rp2_common/pico_printf/printf.c.obj
 .text._ftoa    0x0000000010016368      0x3e0 CMakeFiles/picocobra.dir/media/xxx/WORK1/__ToBackup/Develop/Cobra/RaspberryPi/pico-sdk/src/rp2_common/pico_printf/printf.c.obj
 .text._vsnprintf
                0x0000000010016748      0xb08 CMakeFiles/picocobra.dir/media/xxx/WORK1/__ToBackup/Develop/Cobra/RaspberryPi/pico-sdk/src/rp2_common/pico_printf/printf.c.obj
 .text.__wrap_vsnprintf
                0x0000000010017250       0x1c CMakeFiles/picocobra.dir/media/xxx/WORK1/__ToBackup/Develop/Cobra/RaspberryPi/pico-sdk/src/rp2_common/pico_printf/printf.c.obj
                0x0000000010017250                __wrap_vsnprintf
 .text.vfctprintf
                0x000000001001726c       0x20 CMakeFiles/picocobra.dir/media/xxx/WORK1/__ToBackup/Develop/Cobra/RaspberryPi/pico-sdk/src/rp2_common/pico_printf/printf.c.obj
                0x000000001001726c                vfctprintf
 .text.weak_raw_vprintf
                0x000000001001728c       0x30 CMakeFiles/picocobra.dir/media/xxx/WORK1/__ToBackup/Develop/Cobra/RaspberryPi/pico-sdk/src/rp2_common/pico_printf/printf.c.obj
                0x000000001001728c                weak_raw_vprintf
 .text          0x00000000100172bc       0x10 CMakeFiles/picocobra.dir/media/xxx/WORK1/__ToBackup/Develop/Cobra/RaspberryPi/pico-sdk/src/rp2_common/pico_bit_ops/bit_ops_aeabi.S.obj
 .text.rom_func_lookup
                0x00000000100172cc       0x10 CMakeFiles/picocobra.dir/media/xxx/WORK1/__ToBackup/Develop/Cobra/RaspberryPi/pico-sdk/src/rp2_common/pico_bootrom/bootrom.c.obj
                0x00000000100172cc                rom_func_lookup
 .text.rom_data_lookup
                0x00000000100172dc       0x10 CMakeFiles/picocobra.dir/media/xxx/WORK1/__ToBackup/Develop/Cobra/RaspberryPi/pico-sdk/src/rp2_common/pico_bootrom/bootrom.c.obj
                0x00000000100172dc                rom_data_lookup
 .text.rom_funcs_lookup
                0x00000000100172ec       0x3c CMakeFiles/picocobra.dir/media/xxx/WORK1/__ToBackup/Develop/Cobra/RaspberryPi/pico-sdk/src/rp2_common/pico_bootrom/bootrom.c.obj
                0x00000000100172ec                rom_funcs_lookup
 .text.__wrap___aeabi_idiv
                0x0000000010017328       0x50 CMakeFiles/picocobra.dir/media/xxx/WORK1/__ToBackup/Develop/Cobra/RaspberryPi/pico-sdk/src/rp2_common/pico_divider/divider.S.obj
                0x0000000010017328                __wrap___aeabi_idivmod
                0x0000000010017328                divmod_s32s32
                0x0000000010017328                div_s32s32
                0x0000000010017328                __wrap___aeabi_idiv
                0x0000000010017330                divmod_s32s32_unsafe
                0x000000001001735c                divmod_s32s32_savestate
 .text.__wrap___aeabi_uidiv
                0x0000000010017378       0x4c CMakeFiles/picocobra.dir/media/xxx/WORK1/__ToBackup/Develop/Cobra/RaspberryPi/pico-sdk/src/rp2_common/pico_divider/divider.S.obj
                0x0000000010017378                __wrap___aeabi_uidiv
                0x0000000010017378                __wrap___aeabi_uidivmod
                0x0000000010017378                div_u32u32
                0x0000000010017378                divmod_u32u32
                0x0000000010017380                divmod_u32u32_unsafe
                0x00000000100173a8                divmod_u32u32_savestate
 .text.__wrap___aeabi_ldiv
                0x00000000100173c4      0x424 CMakeFiles/picocobra.dir/media/xxx/WORK1/__ToBackup/Develop/Cobra/RaspberryPi/pico-sdk/src/rp2_common/pico_divider/divider.S.obj
                0x00000000100173c4                div_s64s64
                0x00000000100173c4                divmod_s64s64
                0x00000000100173c4                __wrap___aeabi_ldivmod
                0x00000000100173f4                div_u64u64
                0x00000000100173f4                divmod_u64u64
                0x00000000100173f4                __wrap___aeabi_uldivmod
                0x0000000010017404                divmod_u64u64_savestate
                0x0000000010017424                divmod_s64s64_unsafe
                0x00000000100174ac                divmod_u64u64_unsafe
 .text.__wrap___aeabi_darithmetic
                0x00000000100177e8       0x80 CMakeFiles/picocobra.dir/media/xxx/WORK1/__ToBackup/Develop/Cobra/RaspberryPi/pico-sdk/src/rp2_common/pico_double/double_aeabi.S.obj
                0x00000000100177e8                __wrap___aeabi_drsub
                0x00000000100177ee                __wrap___aeabi_dsub
                0x0000000010017800                __wrap___aeabi_dadd
                0x0000000010017812                __wrap___aeabi_ddiv
                0x000000001001784e                __wrap___aeabi_dmul
 .text.__wrap___aeabi_cdcmple
                0x0000000010017868       0x6c CMakeFiles/picocobra.dir/media/xxx/WORK1/__ToBackup/Develop/Cobra/RaspberryPi/pico-sdk/src/rp2_common/pico_double/double_aeabi.S.obj
                0x0000000010017868                __wrap___aeabi_cdrcmple
                0x0000000010017878                __wrap___aeabi_cdcmple
                0x0000000010017878                __wrap___aeabi_cdcmpeq
 .text.__wrap___aeabi_dcmplt
                0x00000000100178d4        0xc CMakeFiles/picocobra.dir/media/xxx/WORK1/__ToBackup/Develop/Cobra/RaspberryPi/pico-sdk/src/rp2_common/pico_double/double_aeabi.S.obj
                0x00000000100178d4                __wrap___aeabi_dcmplt
 .text.__wrap___aeabi_dcmple
                0x00000000100178e0       0x10 CMakeFiles/picocobra.dir/media/xxx/WORK1/__ToBackup/Develop/Cobra/RaspberryPi/pico-sdk/src/rp2_common/pico_double/double_aeabi.S.obj
                0x00000000100178e0                __wrap___aeabi_dcmple
 .text.__wrap___aeabi_dcmpge
                0x00000000100178f0       0x10 CMakeFiles/picocobra.dir/media/xxx/WORK1/__ToBackup/Develop/Cobra/RaspberryPi/pico-sdk/src/rp2_common/pico_double/double_aeabi.S.obj
                0x00000000100178f0                __wrap___aeabi_dcmpge
 .text.__wrap___aeabi_dcmpgt
                0x0000000010017900        0xa CMakeFiles/picocobra.dir/media/xxx/WORK1/__ToBackup/Develop/Cobra/RaspberryPi/pico-sdk/src/rp2_common/pico_double/double_aeabi.S.obj
                0x0000000010017900                __wrap___aeabi_dcmpgt
 .text.__wrap___aeabi_dcmpun
                0x000000001001790a       0x1c CMakeFiles/picocobra.dir/media/xxx/WORK1/__ToBackup/Develop/Cobra/RaspberryPi/pico-sdk/src/rp2_common/pico_double/double_aeabi.S.obj
                0x000000001001790a                __wrap___aeabi_dcmpun
 *fill*         0x0000000010017926        0x2 
 .text.__wrap___aeabi_i2d
                0x0000000010017928       0x38 CMakeFiles/picocobra.dir/media/xxx/WORK1/__ToBackup/Develop/Cobra/RaspberryPi/pico-sdk/src/rp2_common/pico_double/double_aeabi.S.obj
                0x0000000010017928                __wrap___aeabi_ui2d
                0x0000000010017930                __wrap___aeabi_i2d
 .text.__wrap___aeabi_d2iz
                0x0000000010017960       0x48 CMakeFiles/picocobra.dir/media/xxx/WORK1/__ToBackup/Develop/Cobra/RaspberryPi/pico-sdk/src/rp2_common/pico_double/double_aeabi.S.obj
                0x0000000010017960                __wrap___aeabi_d2iz
                0x0000000010017960                double2int_z
 .text.__wrap___aeabi_d2uiz
                0x00000000100179a8       0x18 CMakeFiles/picocobra.dir/media/xxx/WORK1/__ToBackup/Develop/Cobra/RaspberryPi/pico-sdk/src/rp2_common/pico_double/double_aeabi.S.obj
                0x00000000100179a8                double2uint
                0x00000000100179a8                __wrap___aeabi_d2uiz
 .text.__aeabi_double_init
                0x00000000100179c0       0xc0 CMakeFiles/picocobra.dir/media/xxx/WORK1/__ToBackup/Develop/Cobra/RaspberryPi/pico-sdk/src/rp2_common/pico_double/double_init_rom.c.obj
                0x00000000100179c0                __aeabi_double_init
 .text.double_table_shim_on_use_helper
                0x0000000010017a80       0x2c CMakeFiles/picocobra.dir/media/xxx/WORK1/__ToBackup/Develop/Cobra/RaspberryPi/pico-sdk/src/rp2_common/pico_double/double_v1_rom_shim.S.obj
                0x0000000010017a80                double_table_shim_on_use_helper
 .text.__wrap___aeabi_dsub
                0x0000000010017aac       0x10 CMakeFiles/picocobra.dir/media/xxx/WORK1/__ToBackup/Develop/Cobra/RaspberryPi/pico-sdk/src/rp2_common/pico_double/double_v1_rom_shim.S.obj
                0x0000000010017aac                drsub_shim
                0x0000000010017ab2                dsub_shim
 .text.dadd_shim
                0x0000000010017abc      0x15c CMakeFiles/picocobra.dir/media/xxx/WORK1/__ToBackup/Develop/Cobra/RaspberryPi/pico-sdk/src/rp2_common/pico_double/double_v1_rom_shim.S.obj
                0x0000000010017abc                dadd_shim
 .text.dmul_shim
                0x0000000010017c18      0x15c CMakeFiles/picocobra.dir/media/xxx/WORK1/__ToBackup/Develop/Cobra/RaspberryPi/pico-sdk/src/rp2_common/pico_double/double_v1_rom_shim.S.obj
                0x0000000010017c18                dmul_shim
 .text.ddiv_shim
                0x0000000010017d74      0x1b0 CMakeFiles/picocobra.dir/media/xxx/WORK1/__ToBackup/Develop/Cobra/RaspberryPi/pico-sdk/src/rp2_common/pico_double/double_v1_rom_shim.S.obj
                0x0000000010017d74                ddiv_shim
 .text.double2uint_shim
                0x0000000010017f24        0xe CMakeFiles/picocobra.dir/media/xxx/WORK1/__ToBackup/Develop/Cobra/RaspberryPi/pico-sdk/src/rp2_common/pico_double/double_v1_rom_shim.S.obj
                0x0000000010017f24                double2uint_shim
                0x0000000010017f26                double2ufix_shim
 *fill*         0x0000000010017f32        0x2 
 .text.double2uint64_shim
                0x0000000010017f34       0x70 CMakeFiles/picocobra.dir/media/xxx/WORK1/__ToBackup/Develop/Cobra/RaspberryPi/pico-sdk/src/rp2_common/pico_double/double_v1_rom_shim.S.obj
                0x0000000010017f34                double2uint64_shim
                0x0000000010017f36                double2ufix64_shim
                0x0000000010017f56                d2fix_a
 .text.dunpacks
                0x0000000010017fa4       0x3c CMakeFiles/picocobra.dir/media/xxx/WORK1/__ToBackup/Develop/Cobra/RaspberryPi/pico-sdk/src/rp2_common/pico_double/double_v1_rom_shim.S.obj
                0x0000000010017fa4                dunpacks
 .text.__aeabi_lmul
                0x0000000010017fe0       0x32 CMakeFiles/picocobra.dir/media/xxx/WORK1/__ToBackup/Develop/Cobra/RaspberryPi/pico-sdk/src/rp2_common/pico_int64_ops/pico_int64_ops_aeabi.S.obj
                0x0000000010017fe0                __wrap___aeabi_lmul
 *fill*         0x0000000010018012        0x2 
 .text.__wrap___aeabi_farithmetic
                0x0000000010018014       0x48 CMakeFiles/picocobra.dir/media/xxx/WORK1/__ToBackup/Develop/Cobra/RaspberryPi/pico-sdk/src/rp2_common/pico_float/float_aeabi.S.obj
                0x0000000010018014                __wrap___aeabi_frsub
                0x000000001001801a                __wrap___aeabi_fsub
                0x0000000010018020                __wrap___aeabi_fadd
                0x0000000010018026                __wrap___aeabi_fdiv
                0x000000001001804e                __wrap___aeabi_fmul
 .text.__wrap___aeabi_ui2f
                0x000000001001805c        0xa CMakeFiles/picocobra.dir/media/xxx/WORK1/__ToBackup/Develop/Cobra/RaspberryPi/pico-sdk/src/rp2_common/pico_float/float_aeabi.S.obj
                0x000000001001805c                __wrap___aeabi_ui2f
 *fill*         0x0000000010018066        0x2 
 .text.__wrap___aeabi_i2f
                0x0000000010018068       0x44 CMakeFiles/picocobra.dir/media/xxx/WORK1/__ToBackup/Develop/Cobra/RaspberryPi/pico-sdk/src/rp2_common/pico_float/float_aeabi.S.obj
                0x0000000010018068                __wrap___aeabi_i2f
 .text.__wrap___aeabi_f2iz
                0x00000000100180ac       0x4e CMakeFiles/picocobra.dir/media/xxx/WORK1/__ToBackup/Develop/Cobra/RaspberryPi/pico-sdk/src/rp2_common/pico_float/float_aeabi.S.obj
                0x00000000100180ac                __wrap___aeabi_f2iz
                0x00000000100180ac                float2int_z
 *fill*         0x00000000100180fa        0x2 
 .text.float2int
                0x00000000100180fc       0x14 CMakeFiles/picocobra.dir/media/xxx/WORK1/__ToBackup/Develop/Cobra/RaspberryPi/pico-sdk/src/rp2_common/pico_float/float_aeabi.S.obj
                0x00000000100180fc                float2int
 .text.__wrap___aeabi_f2uiz
                0x0000000010018110        0xc CMakeFiles/picocobra.dir/media/xxx/WORK1/__ToBackup/Develop/Cobra/RaspberryPi/pico-sdk/src/rp2_common/pico_float/float_aeabi.S.obj
                0x0000000010018110                __wrap___aeabi_f2uiz
 .text.__aeabi_float_init
                0x000000001001811c       0x64 CMakeFiles/picocobra.dir/media/xxx/WORK1/__ToBackup/Develop/Cobra/RaspberryPi/pico-sdk/src/rp2_common/pico_float/float_init_rom.c.obj
                0x000000001001811c                __aeabi_float_init
 .text.float_table_shim_on_use_helper
                0x0000000010018180       0x2c CMakeFiles/picocobra.dir/media/xxx/WORK1/__ToBackup/Develop/Cobra/RaspberryPi/pico-sdk/src/rp2_common/pico_float/float_v1_rom_shim.S.obj
                0x0000000010018180                float_table_shim_on_use_helper
 .text.float232_shims
                0x00000000100181ac       0x18 CMakeFiles/picocobra.dir/media/xxx/WORK1/__ToBackup/Develop/Cobra/RaspberryPi/pico-sdk/src/rp2_common/pico_float/float_v1_rom_shim.S.obj
                0x00000000100181ac                float2int_shim
                0x00000000100181ae                float2fix_shim
 .text.__wrap_malloc
                0x00000000100181c4       0x3c CMakeFiles/picocobra.dir/media/xxx/WORK1/__ToBackup/Develop/Cobra/RaspberryPi/pico-sdk/src/rp2_common/pico_malloc/pico_malloc.c.obj
                0x00000000100181c4                __wrap_malloc
 .text.__wrap_calloc
                0x0000000010018200       0x40 CMakeFiles/picocobra.dir/media/xxx/WORK1/__ToBackup/Develop/Cobra/RaspberryPi/pico-sdk/src/rp2_common/pico_malloc/pico_malloc.c.obj
                0x0000000010018200                __wrap_calloc
 .text.__wrap_free
                0x0000000010018240       0x20 CMakeFiles/picocobra.dir/media/xxx/WORK1/__ToBackup/Develop/Cobra/RaspberryPi/pico-sdk/src/rp2_common/pico_malloc/pico_malloc.c.obj
                0x0000000010018240                __wrap_free
 .text          0x0000000010018260       0x10 CMakeFiles/picocobra.dir/media/xxx/WORK1/__ToBackup/Develop/Cobra/RaspberryPi/pico-sdk/src/rp2_common/pico_mem_ops/mem_ops_aeabi.S.obj
                0x0000000010018260                __aeabi_mem_init
 .text.memset   0x0000000010018270        0xc CMakeFiles/picocobra.dir/media/xxx/WORK1/__ToBackup/Develop/Cobra/RaspberryPi/pico-sdk/src/rp2_common/pico_mem_ops/mem_ops_aeabi.S.obj
                0x0000000010018270                __wrap_memset
 .text.memcpy   0x000000001001827c        0xc CMakeFiles/picocobra.dir/media/xxx/WORK1/__ToBackup/Develop/Cobra/RaspberryPi/pico-sdk/src/rp2_common/pico_mem_ops/mem_ops_aeabi.S.obj
                0x000000001001827c                __wrap___aeabi_memcpy
                0x000000001001827c                __wrap_memcpy
 .text.stdio_out_chars_no_crlf
                0x0000000010018288       0x10 CMakeFiles/picocobra.dir/media/xxx/WORK1/__ToBackup/Develop/Cobra/RaspberryPi/pico-sdk/src/rp2_common/pico_stdio/stdio.c.obj
 .text.stdio_out_chars_crlf
                0x0000000010018298       0x94 CMakeFiles/picocobra.dir/media/xxx/WORK1/__ToBackup/Develop/Cobra/RaspberryPi/pico-sdk/src/rp2_common/pico_stdio/stdio.c.obj
 .text.stdio_buffered_printer
                0x000000001001832c       0x64 CMakeFiles/picocobra.dir/media/xxx/WORK1/__ToBackup/Develop/Cobra/RaspberryPi/pico-sdk/src/rp2_common/pico_stdio/stdio.c.obj
 .text.stdio_put_string
                0x0000000010018390      0x104 CMakeFiles/picocobra.dir/media/xxx/WORK1/__ToBackup/Develop/Cobra/RaspberryPi/pico-sdk/src/rp2_common/pico_stdio/stdio.c.obj
 .text.__wrap_putchar
                0x0000000010018494       0x98 CMakeFiles/picocobra.dir/media/xxx/WORK1/__ToBackup/Develop/Cobra/RaspberryPi/pico-sdk/src/rp2_common/pico_stdio/stdio.c.obj
                0x0000000010018494                __wrap_putchar
 .text.__wrap_puts
                0x000000001001852c       0x3c CMakeFiles/picocobra.dir/media/xxx/WORK1/__ToBackup/Develop/Cobra/RaspberryPi/pico-sdk/src/rp2_common/pico_stdio/stdio.c.obj
                0x000000001001852c                __wrap_puts
 .text._read    0x0000000010018568       0x94 CMakeFiles/picocobra.dir/media/xxx/WORK1/__ToBackup/Develop/Cobra/RaspberryPi/pico-sdk/src/rp2_common/pico_stdio/stdio.c.obj
                0x0000000010018568                _read
 .text._write   0x00000000100185fc       0xb0 CMakeFiles/picocobra.dir/media/xxx/WORK1/__ToBackup/Develop/Cobra/RaspberryPi/pico-sdk/src/rp2_common/pico_stdio/stdio.c.obj
                0x00000000100185fc                _write
 .text._close   0x00000000100186ac        0x8 CMakeFiles/picocobra.dir/media/xxx/WORK1/__ToBackup/Develop/Cobra/RaspberryPi/pico-sdk/src/rp2_common/pico_stdio/stdio.c.obj
                0x00000000100186ac                _close
 .text._lseek   0x00000000100186b4        0x8 CMakeFiles/picocobra.dir/media/xxx/WORK1/__ToBackup/Develop/Cobra/RaspberryPi/pico-sdk/src/rp2_common/pico_stdio/stdio.c.obj
                0x00000000100186b4                _lseek
 .text.stdio_set_driver_enabled
                0x00000000100186bc       0x30 CMakeFiles/picocobra.dir/media/xxx/WORK1/__ToBackup/Develop/Cobra/RaspberryPi/pico-sdk/src/rp2_common/pico_stdio/stdio.c.obj
                0x00000000100186bc                stdio_set_driver_enabled
 .text.__wrap_vprintf
                0x00000000100186ec       0xd8 CMakeFiles/picocobra.dir/media/xxx/WORK1/__ToBackup/Develop/Cobra/RaspberryPi/pico-sdk/src/rp2_common/pico_stdio/stdio.c.obj
                0x00000000100186ec                __wrap_vprintf
 .text.__wrap_printf
                0x00000000100187c4       0x18 CMakeFiles/picocobra.dir/media/xxx/WORK1/__ToBackup/Develop/Cobra/RaspberryPi/pico-sdk/src/rp2_common/pico_stdio/stdio.c.obj
                0x00000000100187c4                __wrap_printf
 .text.stdio_init_all
                0x00000000100187dc        0xc CMakeFiles/picocobra.dir/media/xxx/WORK1/__ToBackup/Develop/Cobra/RaspberryPi/pico-sdk/src/rp2_common/pico_stdio/stdio.c.obj
                0x00000000100187dc                stdio_init_all
 .text.stdio_uart_out_chars
                0x00000000100187e8       0x4c CMakeFiles/picocobra.dir/media/xxx/WORK1/__ToBackup/Develop/Cobra/RaspberryPi/pico-sdk/src/rp2_common/pico_stdio_uart/stdio_uart.c.obj
 .text.stdio_uart_in_chars
                0x0000000010018834       0x84 CMakeFiles/picocobra.dir/media/xxx/WORK1/__ToBackup/Develop/Cobra/RaspberryPi/pico-sdk/src/rp2_common/pico_stdio_uart/stdio_uart.c.obj
                0x0000000010018834                stdio_uart_in_chars
 .text.on_uart_rx
                0x00000000100188b8       0x28 CMakeFiles/picocobra.dir/media/xxx/WORK1/__ToBackup/Develop/Cobra/RaspberryPi/pico-sdk/src/rp2_common/pico_stdio_uart/stdio_uart.c.obj
 .text.stdio_uart_set_chars_available_callback
                0x00000000100188e0       0x8c CMakeFiles/picocobra.dir/media/xxx/WORK1/__ToBackup/Develop/Cobra/RaspberryPi/pico-sdk/src/rp2_common/pico_stdio_uart/stdio_uart.c.obj
 .text.stdio_uart_init
                0x000000001001896c       0x48 CMakeFiles/picocobra.dir/media/xxx/WORK1/__ToBackup/Develop/Cobra/RaspberryPi/pico-sdk/src/rp2_common/pico_stdio_uart/stdio_uart.c.obj
                0x000000001001896c                stdio_uart_init
 .text.ff_memalloc
                0x00000000100189b4        0x8 CMakeFiles/picocobra.dir/FatFs_SPI/ff14a/source/ffsystem.c.obj
                0x00000000100189b4                ff_memalloc
 .text.ff_memfree
                0x00000000100189bc        0x8 CMakeFiles/picocobra.dir/FatFs_SPI/ff14a/source/ffsystem.c.obj
                0x00000000100189bc                ff_memfree
 .text.ff_uni2oem
                0x00000000100189c4       0x40 CMakeFiles/picocobra.dir/FatFs_SPI/ff14a/source/ffunicode.c.obj
                0x00000000100189c4                ff_uni2oem
 .text.ff_oem2uni
                0x0000000010018a04       0x2c CMakeFiles/picocobra.dir/FatFs_SPI/ff14a/source/ffunicode.c.obj
                0x0000000010018a04                ff_oem2uni
 .text.ff_wtoupper
                0x0000000010018a30       0xb8 CMakeFiles/picocobra.dir/FatFs_SPI/ff14a/source/ffunicode.c.obj
                0x0000000010018a30                ff_wtoupper
 .text.tchar2uni
                0x0000000010018ae8       0xe8 CMakeFiles/picocobra.dir/FatFs_SPI/ff14a/source/ff.c.obj
 .text.put_utf  0x0000000010018bd0       0xe4 CMakeFiles/picocobra.dir/FatFs_SPI/ff14a/source/ff.c.obj
 .text.get_fileinfo
                0x0000000010018cb4      0x2d8 CMakeFiles/picocobra.dir/FatFs_SPI/ff14a/source/ff.c.obj
 .text.dir_clear
                0x0000000010018f8c      0x1a8 CMakeFiles/picocobra.dir/FatFs_SPI/ff14a/source/ff.c.obj
 .text.pattern_match
                0x0000000010019134      0x108 CMakeFiles/picocobra.dir/FatFs_SPI/ff14a/source/ff.c.obj
 .text.move_window.part.0
                0x000000001001923c       0xa8 CMakeFiles/picocobra.dir/FatFs_SPI/ff14a/source/ff.c.obj
 .text.check_fs
                0x00000000100192e4      0x1a0 CMakeFiles/picocobra.dir/FatFs_SPI/ff14a/source/ff.c.obj
 .text.put_fat.part.0
                0x0000000010019484      0x1b8 CMakeFiles/picocobra.dir/FatFs_SPI/ff14a/source/ff.c.obj
 .text.get_fat  0x000000001001963c      0x1f8 CMakeFiles/picocobra.dir/FatFs_SPI/ff14a/source/ff.c.obj
 .text.dir_next.constprop.0
                0x0000000010019834       0xc8 CMakeFiles/picocobra.dir/FatFs_SPI/ff14a/source/ff.c.obj
 .text.load_xdir
                0x00000000100198fc      0x264 CMakeFiles/picocobra.dir/FatFs_SPI/ff14a/source/ff.c.obj
 .text.sync_fs  0x0000000010019b60      0x134 CMakeFiles/picocobra.dir/FatFs_SPI/ff14a/source/ff.c.obj
 .text.dir_read.constprop.0
                0x0000000010019c94      0x5a0 CMakeFiles/picocobra.dir/FatFs_SPI/ff14a/source/ff.c.obj
 .text.mount_volume
                0x000000001001a234      0xb9c CMakeFiles/picocobra.dir/FatFs_SPI/ff14a/source/ff.c.obj
 .text.dir_sdi  0x000000001001add0      0x354 CMakeFiles/picocobra.dir/FatFs_SPI/ff14a/source/ff.c.obj
 .text.store_xdir
                0x000000001001b124      0x1ec CMakeFiles/picocobra.dir/FatFs_SPI/ff14a/source/ff.c.obj
 .text.dir_remove
                0x000000001001b310      0x1f4 CMakeFiles/picocobra.dir/FatFs_SPI/ff14a/source/ff.c.obj
 .text.dir_find
                0x000000001001b504      0x42c CMakeFiles/picocobra.dir/FatFs_SPI/ff14a/source/ff.c.obj
 .text.follow_path
                0x000000001001b930      0x580 CMakeFiles/picocobra.dir/FatFs_SPI/ff14a/source/ff.c.obj
 .text.create_chain
                0x000000001001beb0      0x578 CMakeFiles/picocobra.dir/FatFs_SPI/ff14a/source/ff.c.obj
 .text.dir_alloc
                0x000000001001c428      0x22c CMakeFiles/picocobra.dir/FatFs_SPI/ff14a/source/ff.c.obj
 .text.dir_register
                0x000000001001c654      0xac0 CMakeFiles/picocobra.dir/FatFs_SPI/ff14a/source/ff.c.obj
 .text.remove_chain
                0x000000001001d114      0x42c CMakeFiles/picocobra.dir/FatFs_SPI/ff14a/source/ff.c.obj
 .text.f_mount  0x000000001001d540       0x70 CMakeFiles/picocobra.dir/FatFs_SPI/ff14a/source/ff.c.obj
                0x000000001001d540                f_mount
 .text.f_open   0x000000001001d5b0      0x4dc CMakeFiles/picocobra.dir/FatFs_SPI/ff14a/source/ff.c.obj
                0x000000001001d5b0                f_open
 .text.f_read   0x000000001001da8c      0x34c CMakeFiles/picocobra.dir/FatFs_SPI/ff14a/source/ff.c.obj
                0x000000001001da8c                f_read
 .text.f_sync   0x000000001001ddd8      0x2ec CMakeFiles/picocobra.dir/FatFs_SPI/ff14a/source/ff.c.obj
                0x000000001001ddd8                f_sync
 .text.f_close  0x000000001001e0c4       0x40 CMakeFiles/picocobra.dir/FatFs_SPI/ff14a/source/ff.c.obj
                0x000000001001e0c4                f_close
 .text.f_lseek  0x000000001001e104      0x7a0 CMakeFiles/picocobra.dir/FatFs_SPI/ff14a/source/ff.c.obj
                0x000000001001e104                f_lseek
 .text.f_opendir
                0x000000001001e8a4      0x154 CMakeFiles/picocobra.dir/FatFs_SPI/ff14a/source/ff.c.obj
                0x000000001001e8a4                f_opendir
 .text.f_closedir
                0x000000001001e9f8       0x34 CMakeFiles/picocobra.dir/FatFs_SPI/ff14a/source/ff.c.obj
                0x000000001001e9f8                f_closedir
 .text.f_findnext
                0x000000001001ea2c       0xe4 CMakeFiles/picocobra.dir/FatFs_SPI/ff14a/source/ff.c.obj
                0x000000001001ea2c                f_findnext
 .text.f_findfirst
                0x000000001001eb10       0xec CMakeFiles/picocobra.dir/FatFs_SPI/ff14a/source/ff.c.obj
                0x000000001001eb10                f_findfirst
 .text.f_stat   0x000000001001ebfc       0x6c CMakeFiles/picocobra.dir/FatFs_SPI/ff14a/source/ff.c.obj
                0x000000001001ebfc                f_stat
 .text.f_unlink
                0x000000001001ec68      0x1c8 CMakeFiles/picocobra.dir/FatFs_SPI/ff14a/source/ff.c.obj
                0x000000001001ec68                f_unlink
 .text.sd_spi_go_high_frequency
                0x000000001001ee30       0x20 CMakeFiles/picocobra.dir/FatFs_SPI/sd_driver/sd_spi.c.obj
                0x000000001001ee30                sd_spi_go_high_frequency
 .text.sd_spi_go_low_frequency
                0x000000001001ee50       0x24 CMakeFiles/picocobra.dir/FatFs_SPI/sd_driver/sd_spi.c.obj
                0x000000001001ee50                sd_spi_go_low_frequency
 .text.sd_spi_acquire
                0x000000001001ee74       0x3c CMakeFiles/picocobra.dir/FatFs_SPI/sd_driver/sd_spi.c.obj
                0x000000001001ee74                sd_spi_acquire
 .text.sd_spi_release
                0x000000001001eeb0       0x3c CMakeFiles/picocobra.dir/FatFs_SPI/sd_driver/sd_spi.c.obj
                0x000000001001eeb0                sd_spi_release
 .text.sd_spi_write
                0x000000001001eeec       0x44 CMakeFiles/picocobra.dir/FatFs_SPI/sd_driver/sd_spi.c.obj
                0x000000001001eeec                sd_spi_write
 .text.sd_spi_transfer
                0x000000001001ef30        0xc CMakeFiles/picocobra.dir/FatFs_SPI/sd_driver/sd_spi.c.obj
                0x000000001001ef30                sd_spi_transfer
 .text.spi0_dma_isr
                0x000000001001ef3c       0x10 CMakeFiles/picocobra.dir/FatFs_SPI/sd_driver/hw_config.c.obj
                0x000000001001ef3c                spi0_dma_isr
 .text.sd_get_num
                0x000000001001ef4c        0x4 CMakeFiles/picocobra.dir/FatFs_SPI/sd_driver/hw_config.c.obj
                0x000000001001ef4c                sd_get_num
 .text.sd_get_by_num
                0x000000001001ef50       0x18 CMakeFiles/picocobra.dir/FatFs_SPI/sd_driver/hw_config.c.obj
                0x000000001001ef50                sd_get_by_num
 .text.spi_get_num
                0x000000001001ef68        0x4 CMakeFiles/picocobra.dir/FatFs_SPI/sd_driver/hw_config.c.obj
                0x000000001001ef68                spi_get_num
 .text.spi_get_by_num
                0x000000001001ef6c       0x18 CMakeFiles/picocobra.dir/FatFs_SPI/sd_driver/hw_config.c.obj
                0x000000001001ef6c                spi_get_by_num
 .text.spi_irq_handler
                0x000000001001ef84       0x48 CMakeFiles/picocobra.dir/FatFs_SPI/sd_driver/spi.c.obj
                0x000000001001ef84                spi_irq_handler
 .text.spi_transfer
                0x000000001001efcc      0x180 CMakeFiles/picocobra.dir/FatFs_SPI/sd_driver/spi.c.obj
                0x000000001001efcc                spi_transfer
 .text.my_spi_init
                0x000000001001f14c       0xfc CMakeFiles/picocobra.dir/FatFs_SPI/sd_driver/spi.c.obj
                0x000000001001f14c                my_spi_init
 .text.sd_write_block.constprop.0
                0x000000001001f248       0xd4 CMakeFiles/picocobra.dir/FatFs_SPI/sd_driver/sd_card.c.obj
 .text.sd_cmd   0x000000001001f31c      0x370 CMakeFiles/picocobra.dir/FatFs_SPI/sd_driver/sd_card.c.obj
 .text.sd_sectors_nolock
                0x000000001001f68c      0x26c CMakeFiles/picocobra.dir/FatFs_SPI/sd_driver/sd_card.c.obj
 .text.sd_sectors
                0x000000001001f8f8       0x20 CMakeFiles/picocobra.dir/FatFs_SPI/sd_driver/sd_card.c.obj
                0x000000001001f8f8                sd_sectors
 .text.sd_init_card
                0x000000001001f918      0x2a8 CMakeFiles/picocobra.dir/FatFs_SPI/sd_driver/sd_card.c.obj
                0x000000001001f918                sd_init_card
 .text.sd_read_blocks
                0x000000001001fbc0      0x18c CMakeFiles/picocobra.dir/FatFs_SPI/sd_driver/sd_card.c.obj
                0x000000001001fbc0                sd_read_blocks
 .text.sd_write_blocks
                0x000000001001fd4c       0xe8 CMakeFiles/picocobra.dir/FatFs_SPI/sd_driver/sd_card.c.obj
                0x000000001001fd4c                sd_write_blocks
 .text.sd_init_driver
                0x000000001001fe34       0x5c CMakeFiles/picocobra.dir/FatFs_SPI/sd_driver/sd_card.c.obj
                0x000000001001fe34                sd_init_driver
 .text.crc7     0x000000001001fe90       0x28 CMakeFiles/picocobra.dir/FatFs_SPI/sd_driver/crc.c.obj
                0x000000001001fe90                crc7
 .text.crc16    0x000000001001feb8       0x30 CMakeFiles/picocobra.dir/FatFs_SPI/sd_driver/crc.c.obj
                0x000000001001feb8                crc16
 .text.my_assert_func
                0x000000001001fee8       0x2c CMakeFiles/picocobra.dir/FatFs_SPI/sd_driver/my_debug.c.obj
                0x000000001001fee8                my_assert_func
 .text.disk_status
                0x000000001001ff14       0x18 CMakeFiles/picocobra.dir/FatFs_SPI/src/glue.c.obj
                0x000000001001ff14                disk_status
 .text.disk_initialize
                0x000000001001ff2c       0x18 CMakeFiles/picocobra.dir/FatFs_SPI/src/glue.c.obj
                0x000000001001ff2c                disk_initialize
 .text.disk_read
                0x000000001001ff44       0x70 CMakeFiles/picocobra.dir/FatFs_SPI/src/glue.c.obj
                0x000000001001ff44                disk_read
 .text.disk_write
                0x000000001001ffb4       0x70 CMakeFiles/picocobra.dir/FatFs_SPI/src/glue.c.obj
                0x000000001001ffb4                disk_write
 .text.disk_ioctl
                0x0000000010020024       0x38 CMakeFiles/picocobra.dir/FatFs_SPI/src/glue.c.obj
                0x0000000010020024                disk_ioctl
 .text.my_printf
                0x000000001002005c       0x4c CMakeFiles/picocobra.dir/FatFs_SPI/src/my_debug.c.obj
                0x000000001002005c                my_printf
 .text.get_fattime
                0x00000000100200a8       0x6c CMakeFiles/picocobra.dir/FatFs_SPI/src/rtc.c.obj
                0x00000000100200a8                get_fattime
 .text.spi_init
                0x0000000010020114      0x130 CMakeFiles/picocobra.dir/media/xxx/WORK1/__ToBackup/Develop/Cobra/RaspberryPi/pico-sdk/src/rp2_common/hardware_spi/spi.c.obj
                0x0000000010020114                spi_init
 .text.spi_set_baudrate
                0x0000000010020244       0xc0 CMakeFiles/picocobra.dir/media/xxx/WORK1/__ToBackup/Develop/Cobra/RaspberryPi/pico-sdk/src/rp2_common/hardware_spi/spi.c.obj
                0x0000000010020244                spi_set_baudrate
 .text.dma_claim_unused_channel
                0x0000000010020304       0x20 CMakeFiles/picocobra.dir/media/xxx/WORK1/__ToBackup/Develop/Cobra/RaspberryPi/pico-sdk/src/rp2_common/hardware_dma/dma.c.obj
                0x0000000010020304                dma_claim_unused_channel
 .text.rtc_get_datetime
                0x0000000010020324       0x44 CMakeFiles/picocobra.dir/media/xxx/WORK1/__ToBackup/Develop/Cobra/RaspberryPi/pico-sdk/src/rp2_common/hardware_rtc/rtc.c.obj
                0x0000000010020324                rtc_get_datetime
 .text.pio_add_program
                0x0000000010020368       0xe4 CMakeFiles/picocobra.dir/media/xxx/WORK1/__ToBackup/Develop/Cobra/RaspberryPi/pico-sdk/src/rp2_common/hardware_pio/pio.c.obj
                0x0000000010020368                pio_add_program
 .text.pio_clear_instruction_memory
                0x000000001002044c       0x38 CMakeFiles/picocobra.dir/media/xxx/WORK1/__ToBackup/Develop/Cobra/RaspberryPi/pico-sdk/src/rp2_common/hardware_pio/pio.c.obj
                0x000000001002044c                pio_clear_instruction_memory
 .text.pio_sm_set_consecutive_pindirs
                0x0000000010020484       0xb0 CMakeFiles/picocobra.dir/media/xxx/WORK1/__ToBackup/Develop/Cobra/RaspberryPi/pico-sdk/src/rp2_common/hardware_pio/pio.c.obj
                0x0000000010020484                pio_sm_set_consecutive_pindirs
 .text.pio_sm_init
                0x0000000010020534       0x8c CMakeFiles/picocobra.dir/media/xxx/WORK1/__ToBackup/Develop/Cobra/RaspberryPi/pico-sdk/src/rp2_common/hardware_pio/pio.c.obj
                0x0000000010020534                pio_sm_init
 .text          0x00000000100205c0       0x18 /usr/lib/gcc/arm-none-eabi/9.2.1/../../../arm-none-eabi/lib/thumb/v6-m/nofp/libc.a(lib_a-calloc.o)
                0x00000000100205c0                calloc
 .text          0x00000000100205d8       0x5c /usr/lib/gcc/arm-none-eabi/9.2.1/../../../arm-none-eabi/lib/thumb/v6-m/nofp/libc.a(lib_a-callocr.o)
                0x00000000100205d8                _calloc_r
 .text          0x0000000010020634      0x1b4 /usr/lib/gcc/arm-none-eabi/9.2.1/../../../arm-none-eabi/lib/thumb/v6-m/nofp/libc.a(lib_a-fflush.o)
                0x0000000010020634                __sflush_r
                0x0000000010020794                _fflush_r
                0x00000000100207c0                fflush
 .text          0x00000000100207e8      0x220 /usr/lib/gcc/arm-none-eabi/9.2.1/../../../arm-none-eabi/lib/thumb/v6-m/nofp/libc.a(lib_a-findfp.o)
                0x00000000100207ec                _cleanup_r
                0x00000000100208e8                __sfmoreglue
                0x0000000010020918                __sfp
                0x00000000100209a0                _cleanup
                0x00000000100209b8                __sinit
                0x00000000100209c8                __sfp_lock_acquire
                0x00000000100209cc                __sfp_lock_release
                0x00000000100209d0                __sinit_lock_acquire
                0x00000000100209d4                __sinit_lock_release
                0x00000000100209d8                __fp_lock_all
                0x00000000100209f0                __fp_unlock_all
 .text          0x0000000010020a08      0x27c /usr/lib/gcc/arm-none-eabi/9.2.1/../../../arm-none-eabi/lib/thumb/v6-m/nofp/libc.a(lib_a-freer.o)
                0x0000000010020a08                _malloc_trim_r
                0x0000000010020aa8                _free_r
 .text          0x0000000010020c84       0x90 /usr/lib/gcc/arm-none-eabi/9.2.1/../../../arm-none-eabi/lib/thumb/v6-m/nofp/libc.a(lib_a-fwalk.o)
                0x0000000010020c84                _fwalk
                0x0000000010020cc8                _fwalk_reent
 .text          0x0000000010020d14       0x28 /usr/lib/gcc/arm-none-eabi/9.2.1/../../../arm-none-eabi/lib/thumb/v6-m/nofp/libc.a(lib_a-malloc.o)
                0x0000000010020d14                malloc
                0x0000000010020d28                free
 .text          0x0000000010020d3c      0x58c /usr/lib/gcc/arm-none-eabi/9.2.1/../../../arm-none-eabi/lib/thumb/v6-m/nofp/libc.a(lib_a-mallocr.o)
                0x0000000010020d3c                _malloc_r
 .text          0x00000000100212c8        0x8 /usr/lib/gcc/arm-none-eabi/9.2.1/../../../arm-none-eabi/lib/thumb/v6-m/nofp/libc.a(lib_a-mlock.o)
                0x00000000100212c8                __malloc_lock
                0x00000000100212cc                __malloc_unlock
 .text          0x00000000100212d0       0x48 /usr/lib/gcc/arm-none-eabi/9.2.1/../../../arm-none-eabi/lib/thumb/v6-m/nofp/libc.a(lib_a-rand.o)
                0x00000000100212d0                srand
                0x00000000100212e4                rand
 .text          0x0000000010021318       0x24 /usr/lib/gcc/arm-none-eabi/9.2.1/../../../arm-none-eabi/lib/thumb/v6-m/nofp/libc.a(lib_a-sbrkr.o)
                0x0000000010021318                _sbrk_r
 .text          0x000000001002133c       0xa4 /usr/lib/gcc/arm-none-eabi/9.2.1/../../../arm-none-eabi/lib/thumb/v6-m/nofp/libc.a(lib_a-stdio.o)
                0x000000001002133c                __sread
                0x0000000010021364                __seofread
                0x0000000010021368                __swrite
                0x00000000100213a8                __sseek
                0x00000000100213d4                __sclose
 .text          0x00000000100213e0       0x88 /usr/lib/gcc/arm-none-eabi/9.2.1/../../../arm-none-eabi/lib/thumb/v6-m/nofp/libc.a(lib_a-strcmp.o)
                0x00000000100213e0                strcmp
 .text          0x0000000010021468       0x10 /usr/lib/gcc/arm-none-eabi/9.2.1/../../../arm-none-eabi/lib/thumb/v6-m/nofp/libc.a(lib_a-strcpy.o)
                0x0000000010021468                strcpy
 .text          0x0000000010021478       0x68 /usr/lib/gcc/arm-none-eabi/9.2.1/../../../arm-none-eabi/lib/thumb/v6-m/nofp/libc.a(lib_a-strlen-stub.o)
                0x0000000010021478                strlen
 .text          0x00000000100214e0       0x80 /usr/lib/gcc/arm-none-eabi/9.2.1/../../../arm-none-eabi/lib/thumb/v6-m/nofp/libc.a(lib_a-strncpy.o)
                0x00000000100214e0                strncpy
 .text          0x0000000010021560       0x28 /usr/lib/gcc/arm-none-eabi/9.2.1/../../../arm-none-eabi/lib/thumb/v6-m/nofp/libc.a(lib_a-writer.o)
                0x0000000010021560                _write_r
 .text          0x0000000010021588       0x24 /usr/lib/gcc/arm-none-eabi/9.2.1/../../../arm-none-eabi/lib/thumb/v6-m/nofp/libc.a(lib_a-closer.o)
                0x0000000010021588                _close_r
 .text          0x00000000100215ac       0xac /usr/lib/gcc/arm-none-eabi/9.2.1/../../../arm-none-eabi/lib/thumb/v6-m/nofp/libc.a(lib_a-fclose.o)
                0x00000000100215ac                _fclose_r
                0x0000000010021644                fclose
 .text          0x0000000010021658       0x28 /usr/lib/gcc/arm-none-eabi/9.2.1/../../../arm-none-eabi/lib/thumb/v6-m/nofp/libc.a(lib_a-lseekr.o)
                0x0000000010021658                _lseek_r
 .text          0x0000000010021680       0x28 /usr/lib/gcc/arm-none-eabi/9.2.1/../../../arm-none-eabi/lib/thumb/v6-m/nofp/libc.a(lib_a-readr.o)
                0x0000000010021680                _read_r
 *(.fini)
 .fini          0x00000000100216a8        0x4 /usr/lib/gcc/arm-none-eabi/9.2.1/thumb/v6-m/nofp/crti.o
                0x00000000100216a8                _fini
 *fill*         0x00000000100216ac        0x4 
 .fini.__stub   0x00000000100216b0       0xb0 linker stubs
 *crtbegin.o(.ctors)
 *crtbegin?.o(.ctors)
 *(EXCLUDE_FILE(*crtend.o *crtend?.o) .ctors)
 *(SORT_BY_NAME(.ctors.*))
 *(.ctors)
 *crtbegin.o(.dtors)
 *crtbegin?.o(.dtors)
 *(EXCLUDE_FILE(*crtend.o *crtend?.o) .dtors)
 *(SORT_BY_NAME(.dtors.*))
 *(.dtors)
 *(.eh_frame*)
 .eh_frame      0x0000000010021760        0x0 /usr/lib/gcc/arm-none-eabi/9.2.1/thumb/v6-m/nofp/crtbegin.o
                0x0000000010021760                . = ALIGN (0x4)

.glue_7         0x0000000010021760        0x0
 .glue_7        0x0000000010021760        0x0 linker stubs

.glue_7t        0x0000000010021760        0x0
 .glue_7t       0x0000000010021760        0x0 linker stubs

.vfp11_veneer   0x0000000010021760        0x0
 .vfp11_veneer  0x0000000010021760        0x0 linker stubs

.v4_bx          0x0000000010021760        0x0
 .v4_bx         0x0000000010021760        0x0 linker stubs

.iplt           0x0000000010021760        0x0
 .iplt          0x0000000010021760        0x0 /usr/lib/gcc/arm-none-eabi/9.2.1/thumb/v6-m/nofp/crtbegin.o

.rodata         0x0000000010021760     0x3330
 *(EXCLUDE_FILE(*libm.a: *libc.a:*lib_a-mem*.o *libgcc.a:) .rodata*)
 .rodata.MemorySetFont.part.0.str1.4
                0x0000000010021760        0x4 CMakeFiles/picocobra.dir/picocobra/Z80.c.obj
 .rodata.screen_hex1
                0x0000000010021764       0x40 CMakeFiles/picocobra.dir/picocobra/Z80.c.obj
 .rodata.keyboard_scan
                0x00000000100217a4      0x270 CMakeFiles/picocobra.dir/picocobra/Z80.c.obj
 .rodata.keyboard_system_update
                0x0000000010021a14      0x140 CMakeFiles/picocobra.dir/picocobra/Z80.c.obj
 .rodata.FileLoadConfig.str1.4
                0x0000000010021b54       0x5e CMakeFiles/picocobra.dir/picocobra/Z80.c.obj
 *fill*         0x0000000010021bb2        0x2 
 .rodata.ExecZ80
                0x0000000010021bb4      0x930 CMakeFiles/picocobra.dir/picocobra/Z80.c.obj
 .rodata.CobraCHR_
                0x00000000100224e4      0x800 CMakeFiles/picocobra.dir/picocobra/Z80.c.obj
                0x00000000100224e4                CobraCHR_
 .rodata        0x0000000010022ce4       0x10 CMakeFiles/picocobra.dir/picocobra/AY8910.c.obj
 .rodata.Envelopes
                0x0000000010022cf4      0x200 CMakeFiles/picocobra.dir/picocobra/AY8910.c.obj
 .rodata.Volumes
                0x0000000010022ef4       0x40 CMakeFiles/picocobra.dir/picocobra/AY8910.c.obj
 .rodata.main.str1.4
                0x0000000010022f34       0x32 CMakeFiles/picocobra.dir/picocobra/picocobra.cpp.obj
 *fill*         0x0000000010022f66        0x2 
 .rodata._ZN8PICO_DSP12startRefreshEv.str1.4
                0x0000000010022f68       0x24 CMakeFiles/picocobra.dir/display/pico_dsp.cpp.obj
 .rodata._ZN8PICO_DSP11begin_audioEiPFvPsiE.str1.4
                0x0000000010022f8c       0x56 CMakeFiles/picocobra.dir/display/pico_dsp.cpp.obj
 *fill*         0x0000000010022fe2        0x2 
 .rodata._ZL13init_commands
                0x0000000010022fe4       0x12 CMakeFiles/picocobra.dir/display/pico_dsp.cpp.obj
 *fill*         0x0000000010022ff6        0x2 
 .rodata._ZL7font8x8
                0x0000000010022ff8      0x400 CMakeFiles/picocobra.dir/display/pico_dsp.cpp.obj
 .rodata._ZL24vga_program_instructions
                0x00000000100233f8       0x1e CMakeFiles/picocobra.dir/display/vga.cpp.obj
 *fill*         0x0000000010023416        0x2 
 .rodata.VideoEGA
                0x0000000010023418       0x28 CMakeFiles/picocobra.dir/display/vga_vmode.cpp.obj
                0x0000000010023418                VideoEGA
 .rodata.VideoVGA
                0x0000000010023440       0x28 CMakeFiles/picocobra.dir/display/vga_vmode.cpp.obj
                0x0000000010023440                VideoVGA
 .rodata._ZL11VideoResReq
                0x0000000010023468       0x14 CMakeFiles/picocobra.dir/display/vga_vmode.cpp.obj
 .rodata._ZL11readNbFilesPc.constprop.0.str1.4
                0x000000001002347c       0x17 CMakeFiles/picocobra.dir/display/emuapi.cpp.obj
 .rodata._Z10emu_printfi.str1.4
                0x0000000010023493       0x17 CMakeFiles/picocobra.dir/display/emuapi.cpp.obj
                                          0x4 (size before relaxing)
 *fill*         0x0000000010023493        0x1 
 .rodata.emu_Malloc.str1.4
                0x0000000010023494       0x4c CMakeFiles/picocobra.dir/display/emuapi.cpp.obj
 .rodata._Z14backgroundMenuv.str1.4
                0x00000000100234e0       0x13 CMakeFiles/picocobra.dir/display/emuapi.cpp.obj
 *fill*         0x00000000100234f3        0x1 
 .rodata._Z10handleMenut.str1.4
                0x00000000100234f4       0x48 CMakeFiles/picocobra.dir/display/emuapi.cpp.obj
 .rodata.emu_FileOpen.str1.4
                0x000000001002353c       0x1c CMakeFiles/picocobra.dir/display/emuapi.cpp.obj
 .rodata.emu_FileSize.str1.4
                0x0000000010023558        0xc CMakeFiles/picocobra.dir/display/emuapi.cpp.obj
 .rodata.emu_init.str1.4
                0x0000000010023564       0x77 CMakeFiles/picocobra.dir/display/emuapi.cpp.obj
                                         0x7f (size before relaxing)
 *fill*         0x00000000100235db        0x1 
 .rodata        0x00000000100235dc        0xc CMakeFiles/picocobra.dir/display/emuapi.cpp.obj
 .rodata._ZL5noise
                0x00000000100235e8      0x200 CMakeFiles/picocobra.dir/display/AudioPlaySystem.cpp.obj
 .rodata._ZL6square
                0x00000000100237e8       0x80 CMakeFiles/picocobra.dir/display/AudioPlaySystem.cpp.obj
 .rodata.at_the_end_of_time
                0x0000000010023868        0x8 CMakeFiles/picocobra.dir/media/xxx/WORK1/__ToBackup/Develop/Cobra/RaspberryPi/pico-sdk/src/common/pico_time/time.c.obj
                0x0000000010023868                at_the_end_of_time
 .rodata.hardware_alarm_claim.str1.4
                0x0000000010023870       0x22 CMakeFiles/picocobra.dir/media/xxx/WORK1/__ToBackup/Develop/Cobra/RaspberryPi/pico-sdk/src/rp2_common/hardware_timer/timer.c.obj
 *fill*         0x0000000010023892        0x2 
 .rodata.panic.str1.4
                0x0000000010023894       0x10 CMakeFiles/picocobra.dir/media/xxx/WORK1/__ToBackup/Develop/Cobra/RaspberryPi/pico-sdk/src/rp2_common/pico_runtime/runtime.c.obj
                                         0x12 (size before relaxing)
 .rodata.hard_assertion_failure.str1.4
                0x00000000100238a4        0xc CMakeFiles/picocobra.dir/media/xxx/WORK1/__ToBackup/Develop/Cobra/RaspberryPi/pico-sdk/src/rp2_common/pico_runtime/runtime.c.obj
 .rodata._ftoa.str1.4
                0x00000000100238b0       0x15 CMakeFiles/picocobra.dir/media/xxx/WORK1/__ToBackup/Develop/Cobra/RaspberryPi/pico-sdk/src/rp2_common/pico_printf/printf.c.obj
 *fill*         0x00000000100238c5        0x3 
 .rodata._vsnprintf
                0x00000000100238c8      0x1e0 CMakeFiles/picocobra.dir/media/xxx/WORK1/__ToBackup/Develop/Cobra/RaspberryPi/pico-sdk/src/rp2_common/pico_printf/printf.c.obj
 .rodata.pow10.5444
                0x0000000010023aa8       0x50 CMakeFiles/picocobra.dir/media/xxx/WORK1/__ToBackup/Develop/Cobra/RaspberryPi/pico-sdk/src/rp2_common/pico_printf/printf.c.obj
 .rodata.__wrap_malloc.str1.4
                0x0000000010023af8        0xe CMakeFiles/picocobra.dir/media/xxx/WORK1/__ToBackup/Develop/Cobra/RaspberryPi/pico-sdk/src/rp2_common/pico_malloc/pico_malloc.c.obj
 *fill*         0x0000000010023b06        0x2 
 .rodata.str1.4
                0x0000000010023b08       0x40 CMakeFiles/picocobra.dir/media/xxx/WORK1/__ToBackup/Develop/Cobra/RaspberryPi/pico-sdk/src/rp2_common/pico_standard_link/binary_info.c.obj
 .rodata.__bi_44
                0x0000000010023b48        0xc CMakeFiles/picocobra.dir/media/xxx/WORK1/__ToBackup/Develop/Cobra/RaspberryPi/pico-sdk/src/rp2_common/pico_standard_link/binary_info.c.obj
 .rodata.__bi_75
                0x0000000010023b54        0xc CMakeFiles/picocobra.dir/media/xxx/WORK1/__ToBackup/Develop/Cobra/RaspberryPi/pico-sdk/src/rp2_common/pico_standard_link/binary_info.c.obj
 .rodata.__bi_81
                0x0000000010023b60        0xc CMakeFiles/picocobra.dir/media/xxx/WORK1/__ToBackup/Develop/Cobra/RaspberryPi/pico-sdk/src/rp2_common/pico_standard_link/binary_info.c.obj
 .rodata.crlf_str.6231
                0x0000000010023b6c        0x2 CMakeFiles/picocobra.dir/media/xxx/WORK1/__ToBackup/Develop/Cobra/RaspberryPi/pico-sdk/src/rp2_common/pico_stdio/stdio.c.obj
 *fill*         0x0000000010023b6e        0x2 
 .rodata.str1.4
                0x0000000010023b70       0x2c CMakeFiles/picocobra.dir/media/xxx/WORK1/__ToBackup/Develop/Cobra/RaspberryPi/pico-sdk/src/rp2_common/pico_stdio_uart/stdio_uart.c.obj
 .rodata.__bi_33.4876
                0x0000000010023b9c        0xc CMakeFiles/picocobra.dir/media/xxx/WORK1/__ToBackup/Develop/Cobra/RaspberryPi/pico-sdk/src/rp2_common/pico_stdio_uart/stdio_uart.c.obj
 .rodata.__bi_34.4880
                0x0000000010023ba8        0x8 CMakeFiles/picocobra.dir/media/xxx/WORK1/__ToBackup/Develop/Cobra/RaspberryPi/pico-sdk/src/rp2_common/pico_stdio_uart/stdio_uart.c.obj
 .rodata.ff_wtoupper
                0x0000000010023bb0       0x24 CMakeFiles/picocobra.dir/FatFs_SPI/ff14a/source/ffunicode.c.obj
 .rodata.cvt1.4424
                0x0000000010023bd4      0x1f2 CMakeFiles/picocobra.dir/FatFs_SPI/ff14a/source/ffunicode.c.obj
 *fill*         0x0000000010023dc6        0x2 
 .rodata.cvt2.4425
                0x0000000010023dc8       0xbc CMakeFiles/picocobra.dir/FatFs_SPI/ff14a/source/ffunicode.c.obj
 .rodata.uc437  0x0000000010023e84      0x100 CMakeFiles/picocobra.dir/FatFs_SPI/ff14a/source/ffunicode.c.obj
 .rodata.follow_path.str1.4
                0x0000000010023f84       0x13 CMakeFiles/picocobra.dir/FatFs_SPI/ff14a/source/ff.c.obj
 *fill*         0x0000000010023f97        0x1 
 .rodata.ExCvt  0x0000000010023f98       0x80 CMakeFiles/picocobra.dir/FatFs_SPI/ff14a/source/ff.c.obj
 .rodata.LfnOfs
                0x0000000010024018        0xd CMakeFiles/picocobra.dir/FatFs_SPI/ff14a/source/ff.c.obj
 *fill*         0x0000000010024025        0x3 
 .rodata.sd_spi_go_high_frequency.str1.4
                0x0000000010024028       0x1b CMakeFiles/picocobra.dir/FatFs_SPI/sd_driver/sd_spi.c.obj
 *fill*         0x0000000010024043        0x1 
 .rodata.sd_spi_write.str1.4
                0x0000000010024044       0x6a CMakeFiles/picocobra.dir/FatFs_SPI/sd_driver/sd_spi.c.obj
 *fill*         0x00000000100240ae        0x2 
 .rodata.__FUNCTION__.6418
                0x00000000100240b0       0x19 CMakeFiles/picocobra.dir/FatFs_SPI/sd_driver/sd_spi.c.obj
 *fill*         0x00000000100240c9        0x3 
 .rodata.__FUNCTION__.6423
                0x00000000100240cc       0x18 CMakeFiles/picocobra.dir/FatFs_SPI/sd_driver/sd_spi.c.obj
 .rodata.__func__.6444
                0x00000000100240e4        0xd CMakeFiles/picocobra.dir/FatFs_SPI/sd_driver/sd_spi.c.obj
 .rodata.str1.4
                0x00000000100240f1        0x3 CMakeFiles/picocobra.dir/FatFs_SPI/sd_driver/hw_config.c.obj
 *fill*         0x00000000100240f1        0x3 
 .rodata.spi_irq_handler.str1.4
                0x00000000100240f4       0x7f CMakeFiles/picocobra.dir/FatFs_SPI/sd_driver/spi.c.obj
 *fill*         0x0000000010024173        0x1 
 .rodata.spi_transfer.str1.4
                0x0000000010024174       0x63 CMakeFiles/picocobra.dir/FatFs_SPI/sd_driver/spi.c.obj
 *fill*         0x00000000100241d7        0x1 
 .rodata.__FUNCTION__.6568
                0x00000000100241d8        0xd CMakeFiles/picocobra.dir/FatFs_SPI/sd_driver/spi.c.obj
 *fill*         0x00000000100241e5        0x3 
 .rodata.__func__.6556
                0x00000000100241e8       0x10 CMakeFiles/picocobra.dir/FatFs_SPI/sd_driver/spi.c.obj
 .rodata.__func__.6563
                0x00000000100241f8        0xd CMakeFiles/picocobra.dir/FatFs_SPI/sd_driver/spi.c.obj
 .rodata.dummy.6564
                0x0000000010024205        0x1 CMakeFiles/picocobra.dir/FatFs_SPI/sd_driver/spi.c.obj
 *fill*         0x0000000010024206        0x2 
 .rodata.sd_write_block.constprop.0.str1.4
                0x0000000010024208       0x8b CMakeFiles/picocobra.dir/FatFs_SPI/sd_driver/sd_card.c.obj
 *fill*         0x0000000010024293        0x1 
 .rodata.sd_cmd.str1.4
                0x0000000010024294       0xb3 CMakeFiles/picocobra.dir/FatFs_SPI/sd_driver/sd_card.c.obj
 *fill*         0x0000000010024347        0x1 
 .rodata.sd_sectors_nolock.str1.4
                0x0000000010024348      0x190 CMakeFiles/picocobra.dir/FatFs_SPI/sd_driver/sd_card.c.obj
 .rodata.sd_init_card.str1.4
                0x00000000100244d8      0x166 CMakeFiles/picocobra.dir/FatFs_SPI/sd_driver/sd_card.c.obj
 *fill*         0x000000001002463e        0x2 
 .rodata.sd_read_blocks.str1.4
                0x0000000010024640       0x3c CMakeFiles/picocobra.dir/FatFs_SPI/sd_driver/sd_card.c.obj
 .rodata.sd_write_blocks.str1.4
                0x000000001002467c       0x47 CMakeFiles/picocobra.dir/FatFs_SPI/sd_driver/sd_card.c.obj
 *fill*         0x00000000100246c3        0x1 
 .rodata.__FUNCTION__.6761
                0x00000000100246c4        0xe CMakeFiles/picocobra.dir/FatFs_SPI/sd_driver/sd_card.c.obj
 *fill*         0x00000000100246d2        0x2 
 .rodata.__FUNCTION__.6922
                0x00000000100246d4        0xe CMakeFiles/picocobra.dir/FatFs_SPI/sd_driver/sd_card.c.obj
 *fill*         0x00000000100246e2        0x2 
 .rodata.__func__.6886
                0x00000000100246e4       0x12 CMakeFiles/picocobra.dir/FatFs_SPI/sd_driver/sd_card.c.obj
 *fill*         0x00000000100246f6        0x2 
 .rodata.__func__.6894
                0x00000000100246f8        0xd CMakeFiles/picocobra.dir/FatFs_SPI/sd_driver/sd_card.c.obj
 *fill*         0x0000000010024705        0x3 
 .rodata.__func__.6952
                0x0000000010024708        0xf CMakeFiles/picocobra.dir/FatFs_SPI/sd_driver/sd_card.c.obj
 *fill*         0x0000000010024717        0x1 
 .rodata.m_Crc16Table
                0x0000000010024718      0x200 CMakeFiles/picocobra.dir/FatFs_SPI/sd_driver/crc.c.obj
 .rodata.m_Crc7Table
                0x0000000010024918      0x100 CMakeFiles/picocobra.dir/FatFs_SPI/sd_driver/crc.c.obj
 .rodata.my_assert_func.str1.4
                0x0000000010024a18       0x39 CMakeFiles/picocobra.dir/FatFs_SPI/sd_driver/my_debug.c.obj
 *fill*         0x0000000010024a51        0x3 
 .rodata.my_printf.str1.4
                0x0000000010024a54        0x3 CMakeFiles/picocobra.dir/FatFs_SPI/src/my_debug.c.obj
 *fill*         0x0000000010024a57        0x1 
 .rodata.dma_claim_unused_channel.str1.4
                0x0000000010024a58       0x1e CMakeFiles/picocobra.dir/media/xxx/WORK1/__ToBackup/Develop/Cobra/RaspberryPi/pico-sdk/src/rp2_common/hardware_dma/dma.c.obj
 *fill*         0x0000000010024a76        0x2 
 .rodata.pio_add_program.str1.4
                0x0000000010024a78       0x11 CMakeFiles/picocobra.dir/media/xxx/WORK1/__ToBackup/Develop/Cobra/RaspberryPi/pico-sdk/src/rp2_common/hardware_pio/pio.c.obj
 *fill*         0x0000000010024a89        0x3 
 .rodata        0x0000000010024a8c        0x4 /usr/lib/gcc/arm-none-eabi/9.2.1/../../../arm-none-eabi/lib/thumb/v6-m/nofp/libc.a(lib_a-impure.o)
                0x0000000010024a8c                _global_impure_ptr
                0x0000000010024a90                . = ALIGN (0x4)
 *(SORT_BY_ALIGNMENT(SORT_BY_NAME(.flashdata*)))
                0x0000000010024a90                . = ALIGN (0x4)

.ARM.extab
 *(.ARM.extab* .gnu.linkonce.armextab.*)
                0x0000000010024a90                __exidx_start = .

.ARM.exidx
 *(.ARM.exidx* .gnu.linkonce.armexidx.*)
                0x0000000010024a90                __exidx_end = .
                0x0000000010024a90                . = ALIGN (0x4)
                0x0000000010024a90                __binary_info_start = .

.binary_info    0x0000000010024a90       0x24
 *(.binary_info.keep.*)
 .binary_info.keep.__bi_ptr22
                0x0000000010024a90        0x4 CMakeFiles/picocobra.dir/media/xxx/WORK1/__ToBackup/Develop/Cobra/RaspberryPi/pico-sdk/src/rp2_common/pico_standard_link/binary_info.c.obj
 .binary_info.keep.__bi_ptr30
                0x0000000010024a94        0x4 CMakeFiles/picocobra.dir/media/xxx/WORK1/__ToBackup/Develop/Cobra/RaspberryPi/pico-sdk/src/rp2_common/pico_standard_link/binary_info.c.obj
 .binary_info.keep.__bi_ptr38
                0x0000000010024a98        0x4 CMakeFiles/picocobra.dir/media/xxx/WORK1/__ToBackup/Develop/Cobra/RaspberryPi/pico-sdk/src/rp2_common/pico_standard_link/binary_info.c.obj
 .binary_info.keep.__bi_ptr44
                0x0000000010024a9c        0x4 CMakeFiles/picocobra.dir/media/xxx/WORK1/__ToBackup/Develop/Cobra/RaspberryPi/pico-sdk/src/rp2_common/pico_standard_link/binary_info.c.obj
 .binary_info.keep.__bi_ptr50